core_cm7.h:2229:22:SCB_EnableICache	4	static,ignoring_inline_asm
core_cm7.h:2281:22:SCB_EnableDCache	24	static,ignoring_inline_asm
main.c:270:5:main	160	static
main.c:377:6:SystemClock_Config	216	static
main.c:448:13:MX_DMA2D_Init	8	static
main.c:485:13:MX_LTDC_Init	112	static
main.c:567:13:MX_SAI2_Init	8	static
main.c:642:13:MX_SDMMC1_SD_Init	4	static
main.c:670:13:MX_USART1_UART_Init	8	static
main.c:703:13:MX_DMA_Init	16	static
main.c:726:13:MX_FMC_Init	40	static
main.c:805:13:MX_GPIO_Init	72	static
main.c:1147:6:SD_Init	1048	static
main.c:1170:6:LCD_Init	16	static
main.c:1197:6:Audio_Init	16	static
main.c:1225:6:write_header	64	static
main.c:1264:6:Addition	24	static
main.c:1276:6:BSP_AUDIO_IN_TransferComplete_CallBack	16	static
main.c:1300:6:BSP_AUDIO_IN_HalfTransfer_CallBack	16	static
main.c:1322:6:Draw_Keyboard	32	static
main.c:1380:6:Draw_GUI	24	static
main.c:1460:6:Draw_GUI_SD	16	static
main.c:1494:6:Draw_GUI_VOC	16	static
main.c:1538:6:Error_Display	72	static
main.c:1555:6:InputTask	168	static
main.c:1842:6:KeyboardTask	136	static
main.c:1961:6:StartRecord	32	static
main.c:2008:6:StartDefaultTask	16	static
main.c:2024:6:StartSD	1096	static
main.c:2096:6:HAL_TIM_PeriodElapsedCallback	16	static
main.c:2113:6:Error_Handler	4	static,ignoring_inline_asm
