core_cm7.h:2229:22:SCB_EnableICache	4	static,ignoring_inline_asm
core_cm7.h:2281:22:SCB_EnableDCache	24	static,ignoring_inline_asm
main.c:157:6:RL_sep	24	static
main.c:170:6:RL_cat	24	static
main.c:184:6:treatment	16	static
main.c:190:6:RL_cat2	24	static
main.c:214:5:main	160	static
main.c:337:6:SystemClock_Config	216	static
main.c:411:13:MX_DMA2D_Init	8	static
main.c:448:13:MX_I2C1_Init	8	static
main.c:494:13:MX_I2C3_Init	8	static
main.c:540:13:MX_LTDC_Init	112	static
main.c:622:13:MX_SAI2_Init	8	static
main.c:697:13:MX_SDMMC1_SD_Init	4	static
main.c:725:13:MX_USART1_UART_Init	8	static
main.c:758:13:MX_DMA_Init	16	static
main.c:781:13:MX_FMC_Init	40	static
main.c:832:13:MX_GPIO_Init	72	static
main.c:1168:6:BSP_AUDIO_IN_TransferComplete_CallBack	4	static
main.c:1174:6:BSP_AUDIO_IN_HalfTransfer_CallBack	4	static
main.c:1180:6:write_header	64	static
main.c:1231:6:StartDefaultTask	16	static
main.c:1249:6:SDTask	16	static
main.c:1304:6:AudioTask	24	static
main.c:1348:6:KeyboardTask	16	static
main.c:1366:6:InputTask	168	static
main.c:1425:6:HAL_TIM_PeriodElapsedCallback	16	static
main.c:1442:6:Error_Handler	8	static,ignoring_inline_asm
