core_cm7.h:2229:22:SCB_EnableICache	4	static,ignoring_inline_asm
core_cm7.h:2281:22:SCB_EnableDCache	24	static,ignoring_inline_asm
main.c:157:6:RL_sep	24	static
main.c:170:6:RL_cat	24	static
main.c:184:6:treatment	16	static
main.c:190:6:RL_cat2	24	static
main.c:214:5:main	136	static
main.c:333:6:SystemClock_Config	216	static
main.c:407:13:MX_DMA2D_Init	8	static
main.c:444:13:MX_I2C1_Init	8	static
main.c:490:13:MX_I2C3_Init	8	static
main.c:536:13:MX_LTDC_Init	112	static
main.c:618:13:MX_SAI2_Init	8	static
main.c:693:13:MX_SDMMC1_SD_Init	4	static
main.c:721:13:MX_USART1_UART_Init	8	static
main.c:754:13:MX_DMA_Init	16	static
main.c:777:13:MX_FMC_Init	40	static
main.c:828:13:MX_GPIO_Init	72	static
main.c:1164:6:BSP_AUDIO_IN_TransferComplete_CallBack	4	static
main.c:1170:6:BSP_AUDIO_IN_HalfTransfer_CallBack	4	static
main.c:1176:6:write_header	64	static
main.c:1225:6:KeyboardTask	16	static
main.c:1245:6:StartDefaultTask	16	static
main.c:1263:6:SDTask	16	static
main.c:1318:6:AudioTask	24	static
main.c:1362:6:InputTask	200	static
main.c:1425:6:HAL_TIM_PeriodElapsedCallback	16	static
main.c:1442:6:Error_Handler	8	static,ignoring_inline_asm
