stm32f7xx_hal_msp.c:67:6:HAL_MspInit	16	static
stm32f7xx_hal_msp.c:91:6:HAL_DMA2D_MspInit	24	static
stm32f7xx_hal_msp.c:113:6:HAL_DMA2D_MspDeInit	16	static
stm32f7xx_hal_msp.c:135:6:HAL_I2C_MspInit	56	static
stm32f7xx_hal_msp.c:195:6:HAL_I2C_MspDeInit	16	static
stm32f7xx_hal_msp.c:246:6:HAL_LTDC_MspInit	64	static
stm32f7xx_hal_msp.c:347:6:HAL_LTDC_MspDeInit	16	static
stm32f7xx_hal_msp.c:416:6:HAL_SD_MspInit	48	static
stm32f7xx_hal_msp.c:511:6:HAL_SD_MspDeInit	16	static
stm32f7xx_hal_msp.c:553:6:HAL_UART_MspInit	48	static
stm32f7xx_hal_msp.c:597:6:HAL_UART_MspDeInit	16	static
stm32f7xx_hal_msp.c:624:13:HAL_FMC_MspInit	32	static
stm32f7xx_hal_msp.c:730:6:HAL_SDRAM_MspInit	16	static
stm32f7xx_hal_msp.c:742:13:HAL_FMC_MspDeInit	8	static
stm32f7xx_hal_msp.c:816:6:HAL_SDRAM_MspDeInit	16	static
stm32f7xx_hal_msp.c:832:6:HAL_SAI_MspInit	48	static
stm32f7xx_hal_msp.c:926:6:HAL_SAI_MspDeInit	16	static
