Archive member included to satisfy reference by file (symbol)

c:/st/stm32cubeide_1.5.1/stm32cubeide/plugins/com.st.stm32cube.ide.mcu.externaltools.gnu-tools-for-stm32.9-2020-q2-update.win32_1.5.0.202011040924/tools/bin/../lib/gcc/arm-none-eabi/9.3.1/../../../../arm-none-eabi/lib/thumb/v7e-m+fp/hard\libc_nano.a(lib_a-errno.o)
                              Core/Src/syscalls.o (__errno)
c:/st/stm32cubeide_1.5.1/stm32cubeide/plugins/com.st.stm32cube.ide.mcu.externaltools.gnu-tools-for-stm32.9-2020-q2-update.win32_1.5.0.202011040924/tools/bin/../lib/gcc/arm-none-eabi/9.3.1/../../../../arm-none-eabi/lib/thumb/v7e-m+fp/hard\libc_nano.a(lib_a-exit.o)
                              c:/st/stm32cubeide_1.5.1/stm32cubeide/plugins/com.st.stm32cube.ide.mcu.externaltools.gnu-tools-for-stm32.9-2020-q2-update.win32_1.5.0.202011040924/tools/bin/../lib/gcc/arm-none-eabi/9.3.1/../../../../arm-none-eabi/lib/thumb/v7e-m+fp/hard/crt0.o (exit)
c:/st/stm32cubeide_1.5.1/stm32cubeide/plugins/com.st.stm32cube.ide.mcu.externaltools.gnu-tools-for-stm32.9-2020-q2-update.win32_1.5.0.202011040924/tools/bin/../lib/gcc/arm-none-eabi/9.3.1/../../../../arm-none-eabi/lib/thumb/v7e-m+fp/hard\libc_nano.a(lib_a-impure.o)
                              c:/st/stm32cubeide_1.5.1/stm32cubeide/plugins/com.st.stm32cube.ide.mcu.externaltools.gnu-tools-for-stm32.9-2020-q2-update.win32_1.5.0.202011040924/tools/bin/../lib/gcc/arm-none-eabi/9.3.1/../../../../arm-none-eabi/lib/thumb/v7e-m+fp/hard\libc_nano.a(lib_a-exit.o) (_global_impure_ptr)
c:/st/stm32cubeide_1.5.1/stm32cubeide/plugins/com.st.stm32cube.ide.mcu.externaltools.gnu-tools-for-stm32.9-2020-q2-update.win32_1.5.0.202011040924/tools/bin/../lib/gcc/arm-none-eabi/9.3.1/../../../../arm-none-eabi/lib/thumb/v7e-m+fp/hard\libc_nano.a(lib_a-init.o)
                              c:/st/stm32cubeide_1.5.1/stm32cubeide/plugins/com.st.stm32cube.ide.mcu.externaltools.gnu-tools-for-stm32.9-2020-q2-update.win32_1.5.0.202011040924/tools/bin/../lib/gcc/arm-none-eabi/9.3.1/../../../../arm-none-eabi/lib/thumb/v7e-m+fp/hard/crt0.o (__libc_init_array)
c:/st/stm32cubeide_1.5.1/stm32cubeide/plugins/com.st.stm32cube.ide.mcu.externaltools.gnu-tools-for-stm32.9-2020-q2-update.win32_1.5.0.202011040924/tools/bin/../lib/gcc/arm-none-eabi/9.3.1/../../../../arm-none-eabi/lib/thumb/v7e-m+fp/hard\libc_nano.a(lib_a-memcpy-stub.o)
                              Core/Src/main.o (memcpy)
c:/st/stm32cubeide_1.5.1/stm32cubeide/plugins/com.st.stm32cube.ide.mcu.externaltools.gnu-tools-for-stm32.9-2020-q2-update.win32_1.5.0.202011040924/tools/bin/../lib/gcc/arm-none-eabi/9.3.1/../../../../arm-none-eabi/lib/thumb/v7e-m+fp/hard\libc_nano.a(lib_a-memset.o)
                              c:/st/stm32cubeide_1.5.1/stm32cubeide/plugins/com.st.stm32cube.ide.mcu.externaltools.gnu-tools-for-stm32.9-2020-q2-update.win32_1.5.0.202011040924/tools/bin/../lib/gcc/arm-none-eabi/9.3.1/../../../../arm-none-eabi/lib/thumb/v7e-m+fp/hard/crt0.o (memset)
c:/st/stm32cubeide_1.5.1/stm32cubeide/plugins/com.st.stm32cube.ide.mcu.externaltools.gnu-tools-for-stm32.9-2020-q2-update.win32_1.5.0.202011040924/tools/bin/../lib/gcc/arm-none-eabi/9.3.1/../../../../arm-none-eabi/lib/thumb/v7e-m+fp/hard\libc_nano.a(lib_a-sprintf.o)
                              Core/Src/main.o (sprintf)
c:/st/stm32cubeide_1.5.1/stm32cubeide/plugins/com.st.stm32cube.ide.mcu.externaltools.gnu-tools-for-stm32.9-2020-q2-update.win32_1.5.0.202011040924/tools/bin/../lib/gcc/arm-none-eabi/9.3.1/../../../../arm-none-eabi/lib/thumb/v7e-m+fp/hard\libc_nano.a(lib_a-strlen.o)
                              Core/Src/main.o (strlen)
c:/st/stm32cubeide_1.5.1/stm32cubeide/plugins/com.st.stm32cube.ide.mcu.externaltools.gnu-tools-for-stm32.9-2020-q2-update.win32_1.5.0.202011040924/tools/bin/../lib/gcc/arm-none-eabi/9.3.1/../../../../arm-none-eabi/lib/thumb/v7e-m+fp/hard\libc_nano.a(lib_a-strncmp.o)
                              Core/Src/main.o (strncmp)
c:/st/stm32cubeide_1.5.1/stm32cubeide/plugins/com.st.stm32cube.ide.mcu.externaltools.gnu-tools-for-stm32.9-2020-q2-update.win32_1.5.0.202011040924/tools/bin/../lib/gcc/arm-none-eabi/9.3.1/../../../../arm-none-eabi/lib/thumb/v7e-m+fp/hard\libc_nano.a(lib_a-nano-svfprintf.o)
                              c:/st/stm32cubeide_1.5.1/stm32cubeide/plugins/com.st.stm32cube.ide.mcu.externaltools.gnu-tools-for-stm32.9-2020-q2-update.win32_1.5.0.202011040924/tools/bin/../lib/gcc/arm-none-eabi/9.3.1/../../../../arm-none-eabi/lib/thumb/v7e-m+fp/hard\libc_nano.a(lib_a-sprintf.o) (_svfprintf_r)
c:/st/stm32cubeide_1.5.1/stm32cubeide/plugins/com.st.stm32cube.ide.mcu.externaltools.gnu-tools-for-stm32.9-2020-q2-update.win32_1.5.0.202011040924/tools/bin/../lib/gcc/arm-none-eabi/9.3.1/../../../../arm-none-eabi/lib/thumb/v7e-m+fp/hard\libc_nano.a(lib_a-nano-vfprintf_i.o)
[...]
Memory Configuration

Name             Origin             Length             Attributes
RAM              0x0000000020000000 0x0000000000050000 xrw
FLASH            0x0000000008000000 0x0000000000100000 xr
*default*        0x0000000000000000 0xffffffffffffffff

Linker script and memory map

LOAD c:/st/stm32cubeide_1.5.1/stm32cubeide/plugins/com.st.stm32cube.ide.mcu.externaltools.gnu-tools-for-stm32.9-2020-q2-update.win32_1.5.0.202011040924/tools/bin/../lib/gcc/arm-none-eabi/9.3.1/thumb/v7e-m+fp/hard/crti.o
LOAD c:/st/stm32cubeide_1.5.1/stm32cubeide/plugins/com.st.stm32cube.ide.mcu.externaltools.gnu-tools-for-stm32.9-2020-q2-update.win32_1.5.0.202011040924/tools/bin/../lib/gcc/arm-none-eabi/9.3.1/thumb/v7e-m+fp/hard/crtbegin.o
LOAD c:/st/stm32cubeide_1.5.1/stm32cubeide/plugins/com.st.stm32cube.ide.mcu.externaltools.gnu-tools-for-stm32.9-2020-q2-update.win32_1.5.0.202011040924/tools/bin/../lib/gcc/arm-none-eabi/9.3.1/../../../../arm-none-eabi/lib/thumb/v7e-m+fp/hard/crt0.o
LOAD Core/Src/freertos.o
LOAD Core/Src/ft5336.o
LOAD Core/Src/main.o
LOAD Core/Src/stm32746g_discovery.o
LOAD Core/Src/stm32746g_discovery_audio.o
LOAD Core/Src/stm32746g_discovery_lcd.o
LOAD Core/Src/stm32746g_discovery_sdram.o
LOAD Core/Src/stm32746g_discovery_ts.o
LOAD Core/Src/stm32f7xx_hal_msp.o
LOAD Core/Src/stm32f7xx_hal_timebase_tim.o
LOAD Core/Src/stm32f7xx_it.o
LOAD Core/Src/syscalls.o
LOAD Core/Src/sysmem.o
LOAD Core/Src/system_stm32f7xx.o
LOAD Core/Src/wm8994.o
LOAD Core/Startup/startup_stm32f746nghx.o
LOAD Drivers/STM32F7xx_HAL_Driver/Src/stm32f7xx_hal.o
LOAD Drivers/STM32F7xx_HAL_Driver/Src/stm32f7xx_hal_cortex.o
LOAD Drivers/STM32F7xx_HAL_Driver/Src/stm32f7xx_hal_dma.o
LOAD Drivers/STM32F7xx_HAL_Driver/Src/stm32f7xx_hal_dma2d.o
LOAD Drivers/STM32F7xx_HAL_Driver/Src/stm32f7xx_hal_dma_ex.o
LOAD Drivers/STM32F7xx_HAL_Driver/Src/stm32f7xx_hal_dsi.o
LOAD Drivers/STM32F7xx_HAL_Driver/Src/stm32f7xx_hal_exti.o
LOAD Drivers/STM32F7xx_HAL_Driver/Src/stm32f7xx_hal_flash.o
LOAD Drivers/STM32F7xx_HAL_Driver/Src/stm32f7xx_hal_flash_ex.o
LOAD Drivers/STM32F7xx_HAL_Driver/Src/stm32f7xx_hal_gpio.o
LOAD Drivers/STM32F7xx_HAL_Driver/Src/stm32f7xx_hal_i2c.o
LOAD Drivers/STM32F7xx_HAL_Driver/Src/stm32f7xx_hal_i2c_ex.o
LOAD Drivers/STM32F7xx_HAL_Driver/Src/stm32f7xx_hal_ltdc.o
LOAD Drivers/STM32F7xx_HAL_Driver/Src/stm32f7xx_hal_ltdc_ex.o
LOAD Drivers/STM32F7xx_HAL_Driver/Src/stm32f7xx_hal_pwr.o
LOAD Drivers/STM32F7xx_HAL_Driver/Src/stm32f7xx_hal_pwr_ex.o
LOAD Drivers/STM32F7xx_HAL_Driver/Src/stm32f7xx_hal_rcc.o
LOAD Drivers/STM32F7xx_HAL_Driver/Src/stm32f7xx_hal_rcc_ex.o
LOAD Drivers/STM32F7xx_HAL_Driver/Src/stm32f7xx_hal_sai.o
LOAD Drivers/STM32F7xx_HAL_Driver/Src/stm32f7xx_hal_sai_ex.o
LOAD Drivers/STM32F7xx_HAL_Driver/Src/stm32f7xx_hal_sd.o
LOAD Drivers/STM32F7xx_HAL_Driver/Src/stm32f7xx_hal_sdram.o
LOAD Drivers/STM32F7xx_HAL_Driver/Src/stm32f7xx_hal_tim.o
LOAD Drivers/STM32F7xx_HAL_Driver/Src/stm32f7xx_hal_tim_ex.o
LOAD Drivers/STM32F7xx_HAL_Driver/Src/stm32f7xx_hal_uart.o
LOAD Drivers/STM32F7xx_HAL_Driver/Src/stm32f7xx_hal_uart_ex.o
LOAD Drivers/STM32F7xx_HAL_Driver/Src/stm32f7xx_ll_fmc.o
LOAD Drivers/STM32F7xx_HAL_Driver/Src/stm32f7xx_ll_sdmmc.o
LOAD FATFS/App/fatfs.o
LOAD FATFS/Target/bsp_driver_sd.o
LOAD FATFS/Target/fatfs_platform.o
LOAD FATFS/Target/sd_diskio.o
LOAD Middlewares/Third_Party/FatFs/src/diskio.o
LOAD Middlewares/Third_Party/FatFs/src/ff.o
LOAD Middlewares/Third_Party/FatFs/src/ff_gen_drv.o
LOAD Middlewares/Third_Party/FatFs/src/option/syscall.o
LOAD Middlewares/Third_Party/FreeRTOS/Source/CMSIS_RTOS/cmsis_os.o
LOAD Middlewares/Third_Party/FreeRTOS/Source/croutine.o
LOAD Middlewares/Third_Party/FreeRTOS/Source/event_groups.o
LOAD Middlewares/Third_Party/FreeRTOS/Source/list.o
LOAD Middlewares/Third_Party/FreeRTOS/Source/queue.o
LOAD Middlewares/Third_Party/FreeRTOS/Source/stream_buffer.o
LOAD Middlewares/Third_Party/FreeRTOS/Source/tasks.o
LOAD Middlewares/Third_Party/FreeRTOS/Source/timers.o
LOAD Middlewares/Third_Party/FreeRTOS/Source/portable/GCC/ARM_CM7/r0p1/port.o
LOAD Middlewares/Third_Party/FreeRTOS/Source/portable/MemMang/heap_4.o
START GROUP
LOAD c:/st/stm32cubeide_1.5.1/stm32cubeide/plugins/com.st.stm32cube.ide.mcu.externaltools.gnu-tools-for-stm32.9-2020-q2-update.win32_1.5.0.202011040924/tools/bin/../lib/gcc/arm-none-eabi/9.3.1/../../../../arm-none-eabi/lib/thumb/v7e-m+fp/hard\libc_nano.a
LOAD c:/st/stm32cubeide_1.5.1/stm32cubeide/plugins/com.st.stm32cube.ide.mcu.externaltools.gnu-tools-for-stm32.9-2020-q2-update.win32_1.5.0.202011040924/tools/bin/../lib/gcc/arm-none-eabi/9.3.1/../../../../arm-none-eabi/lib/thumb/v7e-m+fp/hard\libm.a
END GROUP
START GROUP
LOAD c:/st/stm32cubeide_1.5.1/stm32cubeide/plugins/com.st.stm32cube.ide.mcu.externaltools.gnu-tools-for-stm32.9-2020-q2-update.win32_1.5.0.202011040924/tools/bin/../lib/gcc/arm-none-eabi/9.3.1/thumb/v7e-m+fp/hard\libgcc.a
LOAD c:/st/stm32cubeide_1.5.1/stm32cubeide/plugins/com.st.stm32cube.ide.mcu.externaltools.gnu-tools-for-stm32.9-2020-q2-update.win32_1.5.0.202011040924/tools/bin/../lib/gcc/arm-none-eabi/9.3.1/../../../../arm-none-eabi/lib/thumb/v7e-m+fp/hard\libc_nano.a
END GROUP
START GROUP
LOAD c:/st/stm32cubeide_1.5.1/stm32cubeide/plugins/com.st.stm32cube.ide.mcu.externaltools.gnu-tools-for-stm32.9-2020-q2-update.win32_1.5.0.202011040924/tools/bin/../lib/gcc/arm-none-eabi/9.3.1/thumb/v7e-m+fp/hard\libgcc.a
LOAD c:/st/stm32cubeide_1.5.1/stm32cubeide/plugins/com.st.stm32cube.ide.mcu.externaltools.gnu-tools-for-stm32.9-2020-q2-update.win32_1.5.0.202011040924/tools/bin/../lib/gcc/arm-none-eabi/9.3.1/../../../../arm-none-eabi/lib/thumb/v7e-m+fp/hard\libc_nano.a
LOAD c:/st/stm32cubeide_1.5.1/stm32cubeide/plugins/com.st.stm32cube.ide.mcu.externaltools.gnu-tools-for-stm32.9-2020-q2-update.win32_1.5.0.202011040924/tools/bin/../lib/gcc/arm-none-eabi/9.3.1/../../../../arm-none-eabi/lib/thumb/v7e-m+fp/hard\libnosys.a
END GROUP
START GROUP
LOAD c:/st/stm32cubeide_1.5.1/stm32cubeide/plugins/com.st.stm32cube.ide.mcu.externaltools.gnu-tools-for-stm32.9-2020-q2-update.win32_1.5.0.202011040924/tools/bin/../lib/gcc/arm-none-eabi/9.3.1/thumb/v7e-m+fp/hard\libgcc.a
LOAD c:/st/stm32cubeide_1.5.1/stm32cubeide/plugins/com.st.stm32cube.ide.mcu.externaltools.gnu-tools-for-stm32.9-2020-q2-update.win32_1.5.0.202011040924/tools/bin/../lib/gcc/arm-none-eabi/9.3.1/../../../../arm-none-eabi/lib/thumb/v7e-m+fp/hard\libc_nano.a
LOAD c:/st/stm32cubeide_1.5.1/stm32cubeide/plugins/com.st.stm32cube.ide.mcu.externaltools.gnu-tools-for-stm32.9-2020-q2-update.win32_1.5.0.202011040924/tools/bin/../lib/gcc/arm-none-eabi/9.3.1/../../../../arm-none-eabi/lib/thumb/v7e-m+fp/hard\libnosys.a
END GROUP
LOAD c:/st/stm32cubeide_1.5.1/stm32cubeide/plugins/com.st.stm32cube.ide.mcu.externaltools.gnu-tools-for-stm32.9-2020-q2-update.win32_1.5.0.202011040924/tools/bin/../lib/gcc/arm-none-eabi/9.3.1/thumb/v7e-m+fp/hard/crtend.o
LOAD c:/st/stm32cubeide_1.5.1/stm32cubeide/plugins/com.st.stm32cube.ide.mcu.externaltools.gnu-tools-for-stm32.9-2020-q2-update.win32_1.5.0.202011040924/tools/bin/../lib/gcc/arm-none-eabi/9.3.1/thumb/v7e-m+fp/hard/crtn.o
                0x0000000020050000                _estack = (ORIGIN (RAM) + LENGTH (RAM))
                0x0000000000000400                _Min_Heap_Size = 0x400
                0x0000000000000800                _Min_Stack_Size = 0x800

.isr_vector     0x0000000008000000      0x1c8
                0x0000000008000000                . = ALIGN (0x4)
 *(.isr_vector)
 .isr_vector    0x0000000008000000      0x1c8 Core/Startup/startup_stm32f746nghx.o
                0x0000000008000000                g_pfnVectors
                0x00000000080001c8                . = ALIGN (0x4)

.text           0x00000000080001d0    0x173d4
                0x00000000080001d0                . = ALIGN (0x4)
 *(.text)
 .text          0x00000000080001d0       0x40 c:/st/stm32cubeide_1.5.1/stm32cubeide/plugins/com.st.stm32cube.ide.mcu.externaltools.gnu-tools-for-stm32.9-2020-q2-update.win32_1.5.0.202011040924/tools/bin/../lib/gcc/arm-none-eabi/9.3.1/thumb/v7e-m+fp/hard/crtbegin.o
 .text          0x0000000008000210       0x10 c:/st/stm32cubeide_1.5.1/stm32cubeide/plugins/com.st.stm32cube.ide.mcu.externaltools.gnu-tools-for-stm32.9-2020-q2-update.win32_1.5.0.202011040924/tools/bin/../lib/gcc/arm-none-eabi/9.3.1/../../../../arm-none-eabi/lib/thumb/v7e-m+fp/hard\libc_nano.a(lib_a-strlen.o)
                0x0000000008000210                strlen
 .text          0x0000000008000220       0xa0 c:/st/stm32cubeide_1.5.1/stm32cubeide/plugins/com.st.stm32cube.ide.mcu.externaltools.gnu-tools-for-stm32.9-2020-q2-update.win32_1.5.0.202011040924/tools/bin/../lib/gcc/arm-none-eabi/9.3.1/../../../../arm-none-eabi/lib/thumb/v7e-m+fp/hard\libc_nano.a(lib_a-memchr.o)
                0x0000000008000220                memchr
 .text          0x00000000080002c0       0x30 c:/st/stm32cubeide_1.5.1/stm32cubeide/plugins/com.st.stm32cube.ide.mcu.externaltools.gnu-tools-for-stm32.9-2020-q2-update.win32_1.5.0.202011040924/tools/bin/../lib/gcc/arm-none-eabi/9.3.1/thumb/v7e-m+fp/hard\libgcc.a(_aeabi_uldivmod.o)
                0x00000000080002c0                __aeabi_uldivmod
 .text          0x00000000080002f0      0x2c4 c:/st/stm32cubeide_1.5.1/stm32cubeide/plugins/com.st.stm32cube.ide.mcu.externaltools.gnu-tools-for-stm32.9-2020-q2-update.win32_1.5.0.202011040924/tools/bin/../lib/gcc/arm-none-eabi/9.3.1/thumb/v7e-m+fp/hard\libgcc.a(_udivmoddi4.o)
                0x00000000080002f0                __udivmoddi4
 .text          0x00000000080005b4        0x4 c:/st/stm32cubeide_1.5.1/stm32cubeide/plugins/com.st.stm32cube.ide.mcu.externaltools.gnu-tools-for-stm32.9-2020-q2-update.win32_1.5.0.202011040924/tools/bin/../lib/gcc/arm-none-eabi/9.3.1/thumb/v7e-m+fp/hard\libgcc.a(_dvmd_tls.o)
                0x00000000080005b4                __aeabi_idiv0
                0x00000000080005b4                __aeabi_ldiv0
 *(.text*)
 .text.vApplicationStackOverflowHook
                0x00000000080005b8       0x16 Core/Src/freertos.o
                0x00000000080005b8                vApplicationStackOverflowHook
 .text.vApplicationMallocFailedHook
                0x00000000080005ce        0xe Core/Src/freertos.o
                0x00000000080005ce                vApplicationMallocFailedHook
 .text.vApplicationGetIdleTaskMemory
                0x00000000080005dc       0x34 Core/Src/freertos.o
                0x00000000080005dc                vApplicationGetIdleTaskMemory
 .text.ft5336_Init
                0x0000000008000610       0x1c Core/Src/ft5336.o
                0x0000000008000610                ft5336_Init
 .text.ft5336_Reset
                0x000000000800062c       0x16 Core/Src/ft5336.o
                0x000000000800062c                ft5336_Reset
 .text.ft5336_ReadID
                0x0000000008000642       0x5c Core/Src/ft5336.o
                0x0000000008000642                ft5336_ReadID
 .text.ft5336_TS_Start
                0x000000000800069e       0x22 Core/Src/ft5336.o
                0x000000000800069e                ft5336_TS_Start
 .text.ft5336_TS_DetectTouch
                0x00000000080006c0       0x54 Core/Src/ft5336.o
                0x00000000080006c0                ft5336_TS_DetectTouch
 .text.ft5336_TS_GetXY
                0x0000000008000714      0x1e0 Core/Src/ft5336.o
                0x0000000008000714                ft5336_TS_GetXY
 .text.ft5336_TS_EnableIT
                0x00000000080008f4       0x28 Core/Src/ft5336.o
                0x00000000080008f4                ft5336_TS_EnableIT
 .text.ft5336_TS_DisableIT
                0x000000000800091c       0x28 Core/Src/ft5336.o
                0x000000000800091c                ft5336_TS_DisableIT
 .text.ft5336_TS_ITStatus
                0x0000000008000944       0x18 Core/Src/ft5336.o
                0x0000000008000944                ft5336_TS_ITStatus
 .text.ft5336_TS_ClearIT
                0x000000000800095c       0x16 Core/Src/ft5336.o
                0x000000000800095c                ft5336_TS_ClearIT
 .text.ft5336_TS_GetGestureID
                0x0000000008000972       0x32 Core/Src/ft5336.o
                0x0000000008000972                ft5336_TS_GetGestureID
 .text.ft5336_TS_GetTouchInfo
                0x00000000080009a4      0x15c Core/Src/ft5336.o
                0x00000000080009a4                ft5336_TS_GetTouchInfo
 .text.ft5336_Get_I2C_InitializedStatus
                0x0000000008000b00       0x18 Core/Src/ft5336.o
 .text.ft5336_I2C_InitializeIfRequired
                0x0000000008000b18       0x20 Core/Src/ft5336.o
 .text.ft5336_TS_Configure
                0x0000000008000b38       0x1c Core/Src/ft5336.o
 .text.SCB_EnableICache
                0x0000000008000b54       0x4c Core/Src/main.o
 .text.SCB_EnableDCache
                0x0000000008000ba0       0x88 Core/Src/main.o
 .text.main     0x0000000008000c28      0x15c Core/Src/main.o
                0x0000000008000c28                main
 .text.SystemClock_Config
                0x0000000008000d84      0x154 Core/Src/main.o
                0x0000000008000d84                SystemClock_Config
 .text.MX_DMA2D_Init
                0x0000000008000ed8       0x64 Core/Src/main.o
 .text.MX_LTDC_Init
                0x0000000008000f3c      0x178 Core/Src/main.o
 .text.MX_SAI2_Init
                0x00000000080010b4      0x150 Core/Src/main.o
 .text.MX_SDMMC1_SD_Init
                0x0000000008001204       0x40 Core/Src/main.o
 .text.MX_USART1_UART_Init
                0x0000000008001244       0x60 Core/Src/main.o
 .text.MX_DMA_Init
                0x00000000080012a4       0x6c Core/Src/main.o
 .text.MX_FMC_Init
                0x0000000008001310      0x110 Core/Src/main.o
 .text.MX_GPIO_Init
                0x0000000008001420      0x6a4 Core/Src/main.o
 .text.SD_Init  0x0000000008001ac4       0x8c Core/Src/main.o
                0x0000000008001ac4                SD_Init
 .text.LCD_Init
                0x0000000008001b50       0xe8 Core/Src/main.o
                0x0000000008001b50                LCD_Init
 .text.Audio_Init
                0x0000000008001c38       0xa4 Core/Src/main.o
                0x0000000008001c38                Audio_Init
 .text.write_header
                0x0000000008001cdc      0x12c Core/Src/main.o
                0x0000000008001cdc                write_header
 .text.Addition
                0x0000000008001e08       0xc0 Core/Src/main.o
                0x0000000008001e08                Addition
 .text.BSP_AUDIO_IN_TransferComplete_CallBack
                0x0000000008001ec8       0x88 Core/Src/main.o
                0x0000000008001ec8                BSP_AUDIO_IN_TransferComplete_CallBack
 .text.BSP_AUDIO_IN_HalfTransfer_CallBack
                0x0000000008001f50       0x88 Core/Src/main.o
                0x0000000008001f50                BSP_AUDIO_IN_HalfTransfer_CallBack
 .text.Draw_Keyboard
                0x0000000008001fd8      0x440 Core/Src/main.o
                0x0000000008001fd8                Draw_Keyboard
 .text.Draw_GUI
                0x0000000008002418      0x168 Core/Src/main.o
                0x0000000008002418                Draw_GUI
 .text.Draw_GUI_SD
                0x0000000008002580       0xc0 Core/Src/main.o
                0x0000000008002580                Draw_GUI_SD
 .text.Draw_GUI_VOC
                0x0000000008002640      0x11c Core/Src/main.o
                0x0000000008002640                Draw_GUI_VOC
 .text.Error_Display
                0x000000000800275c       0x50 Core/Src/main.o
                0x000000000800275c                Error_Display
 .text.InputTask
                0x00000000080027ac      0x840 Core/Src/main.o
                0x00000000080027ac                InputTask
 .text.KeyboardTask
                0x0000000008002fec      0x518 Core/Src/main.o
                0x0000000008002fec                KeyboardTask
 .text.StartRecord
                0x0000000008003504       0xf8 Core/Src/main.o
                0x0000000008003504                StartRecord
 .text.StartDefaultTask
                0x00000000080035fc       0x12 Core/Src/main.o
                0x00000000080035fc                StartDefaultTask
 *fill*         0x000000000800360e        0x2 
 .text.StartSD  0x0000000008003610      0x234 Core/Src/main.o
                0x0000000008003610                StartSD
 .text.HAL_TIM_PeriodElapsedCallback
                0x0000000008003844       0x24 Core/Src/main.o
                0x0000000008003844                HAL_TIM_PeriodElapsedCallback
 .text.Error_Handler
                0x0000000008003868        0xa Core/Src/main.o
                0x0000000008003868                Error_Handler
 *fill*         0x0000000008003872        0x2 
 .text.I2Cx_MspInit
                0x0000000008003874      0x160 Core/Src/stm32746g_discovery.o
 .text.I2Cx_Init
                0x00000000080039d4       0x78 Core/Src/stm32746g_discovery.o
 .text.I2Cx_ReadMultiple
                0x0000000008003a4c       0x5a Core/Src/stm32746g_discovery.o
 .text.I2Cx_WriteMultiple
                0x0000000008003aa6       0x5a Core/Src/stm32746g_discovery.o
 .text.I2Cx_Error
                0x0000000008003b00       0x20 Core/Src/stm32746g_discovery.o
 .text.AUDIO_IO_Init
                0x0000000008003b20       0x14 Core/Src/stm32746g_discovery.o
                0x0000000008003b20                AUDIO_IO_Init
 .text.AUDIO_IO_DeInit
                0x0000000008003b34        0xe Core/Src/stm32746g_discovery.o
                0x0000000008003b34                AUDIO_IO_DeInit
 *fill*         0x0000000008003b42        0x2 
 .text.AUDIO_IO_Write
                0x0000000008003b44       0x54 Core/Src/stm32746g_discovery.o
                0x0000000008003b44                AUDIO_IO_Write
 .text.AUDIO_IO_Read
                0x0000000008003b98       0x58 Core/Src/stm32746g_discovery.o
                0x0000000008003b98                AUDIO_IO_Read
 .text.AUDIO_IO_Delay
                0x0000000008003bf0       0x16 Core/Src/stm32746g_discovery.o
                0x0000000008003bf0                AUDIO_IO_Delay
 *fill*         0x0000000008003c06        0x2 
 .text.TS_IO_Init
                0x0000000008003c08       0x14 Core/Src/stm32746g_discovery.o
                0x0000000008003c08                TS_IO_Init
 .text.TS_IO_Write
                0x0000000008003c1c       0x34 Core/Src/stm32746g_discovery.o
                0x0000000008003c1c                TS_IO_Write
 .text.TS_IO_Read
                0x0000000008003c50       0x3c Core/Src/stm32746g_discovery.o
                0x0000000008003c50                TS_IO_Read
 .text.TS_IO_Delay
                0x0000000008003c8c       0x16 Core/Src/stm32746g_discovery.o
                0x0000000008003c8c                TS_IO_Delay
 *fill*         0x0000000008003ca2        0x2 
 .text.BSP_AUDIO_OUT_Play
                0x0000000008003ca4       0x54 Core/Src/stm32746g_discovery_audio.o
                0x0000000008003ca4                BSP_AUDIO_OUT_Play
 .text.BSP_AUDIO_OUT_SetVolume
                0x0000000008003cf8       0x30 Core/Src/stm32746g_discovery_audio.o
                0x0000000008003cf8                BSP_AUDIO_OUT_SetVolume
 .text.BSP_AUDIO_OUT_SetAudioFrameSlot
                0x0000000008003d28       0x40 Core/Src/stm32746g_discovery_audio.o
                0x0000000008003d28                BSP_AUDIO_OUT_SetAudioFrameSlot
 .text.HAL_SAI_TxCpltCallback
                0x0000000008003d68       0x14 Core/Src/stm32746g_discovery_audio.o
                0x0000000008003d68                HAL_SAI_TxCpltCallback
 .text.HAL_SAI_TxHalfCpltCallback
                0x0000000008003d7c       0x14 Core/Src/stm32746g_discovery_audio.o
                0x0000000008003d7c                HAL_SAI_TxHalfCpltCallback
 .text.HAL_SAI_ErrorCallback
                0x0000000008003d90       0x4c Core/Src/stm32746g_discovery_audio.o
                0x0000000008003d90                HAL_SAI_ErrorCallback
 .text.BSP_AUDIO_OUT_TransferComplete_CallBack
                0x0000000008003ddc        0xe Core/Src/stm32746g_discovery_audio.o
                0x0000000008003ddc                BSP_AUDIO_OUT_TransferComplete_CallBack
 .text.BSP_AUDIO_OUT_HalfTransfer_CallBack
                0x0000000008003dea        0xe Core/Src/stm32746g_discovery_audio.o
                0x0000000008003dea                BSP_AUDIO_OUT_HalfTransfer_CallBack
 .text.BSP_AUDIO_OUT_Error_CallBack
                0x0000000008003df8        0xe Core/Src/stm32746g_discovery_audio.o
                0x0000000008003df8                BSP_AUDIO_OUT_Error_CallBack
 *fill*         0x0000000008003e06        0x2 
 .text.BSP_AUDIO_OUT_MspInit
                0x0000000008003e08      0x1ac Core/Src/stm32746g_discovery_audio.o
                0x0000000008003e08                BSP_AUDIO_OUT_MspInit
 .text.BSP_AUDIO_OUT_ClockConfig
                0x0000000008003fb4       0x88 Core/Src/stm32746g_discovery_audio.o
                0x0000000008003fb4                BSP_AUDIO_OUT_ClockConfig
 .text.SAIx_Out_DeInit
                0x000000000800403c       0x2c Core/Src/stm32746g_discovery_audio.o
 .text.BSP_AUDIO_IN_OUT_Init
                0x0000000008004068       0xfc Core/Src/stm32746g_discovery_audio.o
                0x0000000008004068                BSP_AUDIO_IN_OUT_Init
 .text.BSP_AUDIO_IN_Record
                0x0000000008004164       0x30 Core/Src/stm32746g_discovery_audio.o
                0x0000000008004164                BSP_AUDIO_IN_Record
 .text.BSP_AUDIO_IN_SetVolume
                0x0000000008004194       0x3c Core/Src/stm32746g_discovery_audio.o
                0x0000000008004194                BSP_AUDIO_IN_SetVolume
 .text.HAL_SAI_RxCpltCallback
                0x00000000080041d0       0x14 Core/Src/stm32746g_discovery_audio.o
                0x00000000080041d0                HAL_SAI_RxCpltCallback
 .text.HAL_SAI_RxHalfCpltCallback
                0x00000000080041e4       0x14 Core/Src/stm32746g_discovery_audio.o
                0x00000000080041e4                HAL_SAI_RxHalfCpltCallback
 .text.BSP_AUDIO_IN_Error_CallBack
                0x00000000080041f8        0xe Core/Src/stm32746g_discovery_audio.o
                0x00000000080041f8                BSP_AUDIO_IN_Error_CallBack
 *fill*         0x0000000008004206        0x2 
 .text.BSP_AUDIO_IN_MspInit
                0x0000000008004208      0x164 Core/Src/stm32746g_discovery_audio.o
                0x0000000008004208                BSP_AUDIO_IN_MspInit
 .text.SAIx_In_Init
                0x000000000800436c      0x16c Core/Src/stm32746g_discovery_audio.o
 .text.SAIx_In_DeInit
                0x00000000080044d8       0x2c Core/Src/stm32746g_discovery_audio.o
 .text.BSP_LCD_Init
                0x0000000008004504       0xe0 Core/Src/stm32746g_discovery_lcd.o
                0x0000000008004504                BSP_LCD_Init
 .text.BSP_LCD_GetXSize
                0x00000000080045e4       0x28 Core/Src/stm32746g_discovery_lcd.o
                0x00000000080045e4                BSP_LCD_GetXSize
 .text.BSP_LCD_GetYSize
                0x000000000800460c       0x28 Core/Src/stm32746g_discovery_lcd.o
                0x000000000800460c                BSP_LCD_GetYSize
 .text.BSP_LCD_LayerDefaultInit
                0x0000000008004634       0xc0 Core/Src/stm32746g_discovery_lcd.o
                0x0000000008004634                BSP_LCD_LayerDefaultInit
 .text.BSP_LCD_SelectLayer
                0x00000000080046f4       0x20 Core/Src/stm32746g_discovery_lcd.o
                0x00000000080046f4                BSP_LCD_SelectLayer
 .text.BSP_LCD_SetLayerVisible
                0x0000000008004714       0x7c Core/Src/stm32746g_discovery_lcd.o
                0x0000000008004714                BSP_LCD_SetLayerVisible
 .text.BSP_LCD_SetTextColor
                0x0000000008004790       0x30 Core/Src/stm32746g_discovery_lcd.o
                0x0000000008004790                BSP_LCD_SetTextColor
 .text.BSP_LCD_SetBackColor
                0x00000000080047c0       0x34 Core/Src/stm32746g_discovery_lcd.o
                0x00000000080047c0                BSP_LCD_SetBackColor
 .text.BSP_LCD_SetFont
                0x00000000080047f4       0x34 Core/Src/stm32746g_discovery_lcd.o
                0x00000000080047f4                BSP_LCD_SetFont
 .text.BSP_LCD_Clear
                0x0000000008004828       0x50 Core/Src/stm32746g_discovery_lcd.o
                0x0000000008004828                BSP_LCD_Clear
 .text.BSP_LCD_DisplayChar
                0x0000000008004878       0x88 Core/Src/stm32746g_discovery_lcd.o
                0x0000000008004878                BSP_LCD_DisplayChar
 .text.BSP_LCD_DisplayStringAt
                0x0000000008004900      0x190 Core/Src/stm32746g_discovery_lcd.o
                0x0000000008004900                BSP_LCD_DisplayStringAt
 .text.BSP_LCD_DrawLine
                0x0000000008004a90      0x198 Core/Src/stm32746g_discovery_lcd.o
                0x0000000008004a90                BSP_LCD_DrawLine
 .text.BSP_LCD_DrawCircle
                0x0000000008004c28      0x1d4 Core/Src/stm32746g_discovery_lcd.o
                0x0000000008004c28                BSP_LCD_DrawCircle
 .text.BSP_LCD_DrawPixel
                0x0000000008004dfc       0x90 Core/Src/stm32746g_discovery_lcd.o
                0x0000000008004dfc                BSP_LCD_DrawPixel
 .text.BSP_LCD_FillRect
                0x0000000008004e8c       0xf4 Core/Src/stm32746g_discovery_lcd.o
                0x0000000008004e8c                BSP_LCD_FillRect
 .text.BSP_LCD_FillPolygon
                0x0000000008004f80      0x1c8 Core/Src/stm32746g_discovery_lcd.o
                0x0000000008004f80                BSP_LCD_FillPolygon
 .text.BSP_LCD_DisplayOn
                0x0000000008005148       0x3c Core/Src/stm32746g_discovery_lcd.o
                0x0000000008005148                BSP_LCD_DisplayOn
 .text.BSP_LCD_MspInit
                0x0000000008005184      0x1b4 Core/Src/stm32746g_discovery_lcd.o
                0x0000000008005184                BSP_LCD_MspInit
 .text.BSP_LCD_ClockConfig
                0x0000000008005338       0x38 Core/Src/stm32746g_discovery_lcd.o
                0x0000000008005338                BSP_LCD_ClockConfig
 .text.DrawChar
                0x0000000008005370      0x170 Core/Src/stm32746g_discovery_lcd.o
 .text.FillTriangle
                0x00000000080054e0      0x180 Core/Src/stm32746g_discovery_lcd.o
 .text.LL_FillBuffer
                0x0000000008005660       0x98 Core/Src/stm32746g_discovery_lcd.o
 .text.BSP_SDRAM_Init
                0x00000000080056f8       0xbc Core/Src/stm32746g_discovery_sdram.o
                0x00000000080056f8                BSP_SDRAM_Init
 .text.BSP_SDRAM_Initialization_sequence
                0x00000000080057b4       0xc0 Core/Src/stm32746g_discovery_sdram.o
                0x00000000080057b4                BSP_SDRAM_Initialization_sequence
 .text.BSP_SDRAM_MspInit
                0x0000000008005874      0x1f0 Core/Src/stm32746g_discovery_sdram.o
                0x0000000008005874                BSP_SDRAM_MspInit
 .text.BSP_TS_Init
                0x0000000008005a64       0x80 Core/Src/stm32746g_discovery_ts.o
                0x0000000008005a64                BSP_TS_Init
 .text.BSP_TS_GetState
                0x0000000008005ae4      0x3ac Core/Src/stm32746g_discovery_ts.o
                0x0000000008005ae4                BSP_TS_GetState
 .text.BSP_TS_Get_GestureId
                0x0000000008005e90      0x104 Core/Src/stm32746g_discovery_ts.o
                0x0000000008005e90                BSP_TS_Get_GestureId
 .text.HAL_MspInit
                0x0000000008005f94       0x50 Core/Src/stm32f7xx_hal_msp.o
                0x0000000008005f94                HAL_MspInit
 .text.HAL_DMA2D_MspInit
                0x0000000008005fe4       0x40 Core/Src/stm32f7xx_hal_msp.o
                0x0000000008005fe4                HAL_DMA2D_MspInit
 .text.HAL_LTDC_MspInit
                0x0000000008006024      0x190 Core/Src/stm32f7xx_hal_msp.o
                0x0000000008006024                HAL_LTDC_MspInit
 .text.HAL_SD_MspInit
                0x00000000080061b4      0x1d4 Core/Src/stm32f7xx_hal_msp.o
                0x00000000080061b4                HAL_SD_MspInit
 .text.HAL_UART_MspInit
                0x0000000008006388       0xc4 Core/Src/stm32f7xx_hal_msp.o
                0x0000000008006388                HAL_UART_MspInit
 .text.HAL_FMC_MspInit
                0x000000000800644c      0x144 Core/Src/stm32f7xx_hal_msp.o
 .text.HAL_SDRAM_MspInit
                0x0000000008006590       0x14 Core/Src/stm32f7xx_hal_msp.o
                0x0000000008006590                HAL_SDRAM_MspInit
 .text.HAL_SAI_MspInit
                0x00000000080065a4      0x1bc Core/Src/stm32f7xx_hal_msp.o
                0x00000000080065a4                HAL_SAI_MspInit
 .text.HAL_SAI_MspDeInit
                0x0000000008006760       0xb4 Core/Src/stm32f7xx_hal_msp.o
                0x0000000008006760                HAL_SAI_MspDeInit
 .text.HAL_InitTick
                0x0000000008006814       0xb0 Core/Src/stm32f7xx_hal_timebase_tim.o
                0x0000000008006814                HAL_InitTick
 .text.NMI_Handler
                0x00000000080068c4        0x6 Core/Src/stm32f7xx_it.o
                0x00000000080068c4                NMI_Handler
 .text.HardFault_Handler
                0x00000000080068ca        0x6 Core/Src/stm32f7xx_it.o
                0x00000000080068ca                HardFault_Handler
 .text.MemManage_Handler
                0x00000000080068d0        0x6 Core/Src/stm32f7xx_it.o
                0x00000000080068d0                MemManage_Handler
 .text.BusFault_Handler
                0x00000000080068d6        0x6 Core/Src/stm32f7xx_it.o
                0x00000000080068d6                BusFault_Handler
 .text.UsageFault_Handler
                0x00000000080068dc        0x6 Core/Src/stm32f7xx_it.o
                0x00000000080068dc                UsageFault_Handler
 .text.DebugMon_Handler
                0x00000000080068e2        0xe Core/Src/stm32f7xx_it.o
                0x00000000080068e2                DebugMon_Handler
 .text.SDMMC1_IRQHandler
                0x00000000080068f0       0x14 Core/Src/stm32f7xx_it.o
                0x00000000080068f0                SDMMC1_IRQHandler
 .text.TIM6_DAC_IRQHandler
                0x0000000008006904       0x14 Core/Src/stm32f7xx_it.o
                0x0000000008006904                TIM6_DAC_IRQHandler
 .text.DMA2_Stream3_IRQHandler
                0x0000000008006918       0x14 Core/Src/stm32f7xx_it.o
                0x0000000008006918                DMA2_Stream3_IRQHandler
 .text.DMA2_Stream4_IRQHandler
                0x000000000800692c       0x14 Core/Src/stm32f7xx_it.o
                0x000000000800692c                DMA2_Stream4_IRQHandler
 .text.DMA2_Stream6_IRQHandler
                0x0000000008006940       0x14 Core/Src/stm32f7xx_it.o
                0x0000000008006940                DMA2_Stream6_IRQHandler
 .text.DMA2_Stream7_IRQHandler
                0x0000000008006954       0x14 Core/Src/stm32f7xx_it.o
                0x0000000008006954                DMA2_Stream7_IRQHandler
 .text.LTDC_IRQHandler
                0x0000000008006968       0x14 Core/Src/stm32f7xx_it.o
                0x0000000008006968                LTDC_IRQHandler
 .text._sbrk    0x000000000800697c       0x6c Core/Src/sysmem.o
                0x000000000800697c                _sbrk
 .text.SystemInit
                0x00000000080069e8       0x24 Core/Src/system_stm32f7xx.o
                0x00000000080069e8                SystemInit
 .text.wm8994_Init
                0x0000000008006a0c      0xda8 Core/Src/wm8994.o
                0x0000000008006a0c                wm8994_Init
 .text.wm8994_DeInit
                0x00000000080077b4        0xc Core/Src/wm8994.o
                0x00000000080077b4                wm8994_DeInit
 .text.wm8994_ReadID
                0x00000000080077c0       0x24 Core/Src/wm8994.o
                0x00000000080077c0                wm8994_ReadID
 .text.wm8994_Play
                0x00000000080077e4       0x30 Core/Src/wm8994.o
                0x00000000080077e4                wm8994_Play
 .text.wm8994_Pause
                0x0000000008007814       0x42 Core/Src/wm8994.o
                0x0000000008007814                wm8994_Pause
 .text.wm8994_Resume
                0x0000000008007856       0x2a Core/Src/wm8994.o
                0x0000000008007856                wm8994_Resume
 .text.wm8994_Stop
                0x0000000008007880       0xdc Core/Src/wm8994.o
                0x0000000008007880                wm8994_Stop
 .text.wm8994_SetVolume
                0x000000000800795c      0x248 Core/Src/wm8994.o
                0x000000000800795c                wm8994_SetVolume
 .text.wm8994_SetVolumeOut
                0x0000000008007ba4      0x188 Core/Src/wm8994.o
                0x0000000008007ba4                wm8994_SetVolumeOut
 .text.wm8994_SetVolumeIn
                0x0000000008007d2c       0xbc Core/Src/wm8994.o
                0x0000000008007d2c                wm8994_SetVolumeIn
 .text.wm8994_SetMute
                0x0000000008007de8       0x9c Core/Src/wm8994.o
                0x0000000008007de8                wm8994_SetMute
 .text.wm8994_SetOutputMode
                0x0000000008007e84      0x246 Core/Src/wm8994.o
                0x0000000008007e84                wm8994_SetOutputMode
 *fill*         0x00000000080080ca        0x2 
 .text.wm8994_SetFrequency
                0x00000000080080cc      0x1a8 Core/Src/wm8994.o
                0x00000000080080cc                wm8994_SetFrequency
 .text.wm8994_Reset
                0x0000000008008274       0x40 Core/Src/wm8994.o
                0x0000000008008274                wm8994_Reset
 .text.CODEC_IO_Write
                0x00000000080082b4       0x2e Core/Src/wm8994.o
 *fill*         0x00000000080082e2        0x2 
 .text.Reset_Handler
                0x00000000080082e4       0x50 Core/Startup/startup_stm32f746nghx.o
                0x00000000080082e4                Reset_Handler
 .text.Default_Handler
                0x0000000008008334        0x2 Core/Startup/startup_stm32f746nghx.o
                0x0000000008008334                RTC_Alarm_IRQHandler
                0x0000000008008334                EXTI2_IRQHandler
                0x0000000008008334                TIM8_CC_IRQHandler
                0x0000000008008334                UART8_IRQHandler
                0x0000000008008334                SPI4_IRQHandler
                0x0000000008008334                TIM1_CC_IRQHandler
                0x0000000008008334                DMA2_Stream5_IRQHandler
                0x0000000008008334                DMA1_Stream5_IRQHandler
                0x0000000008008334                PVD_IRQHandler
                0x0000000008008334                TAMP_STAMP_IRQHandler
                0x0000000008008334                CAN2_RX1_IRQHandler
                0x0000000008008334                EXTI3_IRQHandler
                0x0000000008008334                TIM8_TRG_COM_TIM14_IRQHandler
                0x0000000008008334                TIM1_UP_TIM10_IRQHandler
                0x0000000008008334                TIM8_UP_TIM13_IRQHandler
                0x0000000008008334                I2C3_ER_IRQHandler
                0x0000000008008334                EXTI0_IRQHandler
                0x0000000008008334                I2C2_EV_IRQHandler
                0x0000000008008334                DMA1_Stream2_IRQHandler
                0x0000000008008334                CAN1_RX0_IRQHandler
                0x0000000008008334                FPU_IRQHandler
                0x0000000008008334                OTG_HS_WKUP_IRQHandler
                0x0000000008008334                LTDC_ER_IRQHandler
                0x0000000008008334                CAN2_SCE_IRQHandler
                0x0000000008008334                DMA2_Stream2_IRQHandler
                0x0000000008008334                SPI1_IRQHandler
                0x0000000008008334                TIM1_BRK_TIM9_IRQHandler
                0x0000000008008334                DCMI_IRQHandler
                0x0000000008008334                CAN2_RX0_IRQHandler
                0x0000000008008334                SAI2_IRQHandler
                0x0000000008008334                USART6_IRQHandler
                0x0000000008008334                USART3_IRQHandler
                0x0000000008008334                CAN1_RX1_IRQHandler
                0x0000000008008334                UART5_IRQHandler
                0x0000000008008334                DMA2_Stream0_IRQHandler
                0x0000000008008334                TIM4_IRQHandler
                0x0000000008008334                QUADSPI_IRQHandler
                0x0000000008008334                I2C1_EV_IRQHandler
                0x0000000008008334                DMA1_Stream6_IRQHandler
                0x0000000008008334                DMA1_Stream1_IRQHandler
                0x0000000008008334                UART4_IRQHandler
                0x0000000008008334                TIM3_IRQHandler
                0x0000000008008334                RCC_IRQHandler
                0x0000000008008334                TIM8_BRK_TIM12_IRQHandler
                0x0000000008008334                Default_Handler
                0x0000000008008334                CEC_IRQHandler
                0x0000000008008334                EXTI15_10_IRQHandler
                0x0000000008008334                ADC_IRQHandler
                0x0000000008008334                DMA1_Stream7_IRQHandler
                0x0000000008008334                SPI5_IRQHandler
                0x0000000008008334                TIM7_IRQHandler
                0x0000000008008334                CAN2_TX_IRQHandler
                0x0000000008008334                TIM5_IRQHandler
                0x0000000008008334                I2C3_EV_IRQHandler
                0x0000000008008334                EXTI9_5_IRQHandler
                0x0000000008008334                RTC_WKUP_IRQHandler
                0x0000000008008334                ETH_WKUP_IRQHandler
                0x0000000008008334                SPDIF_RX_IRQHandler
                0x0000000008008334                SPI2_IRQHandler
                0x0000000008008334                OTG_HS_EP1_IN_IRQHandler
                0x0000000008008334                DMA1_Stream0_IRQHandler
                0x0000000008008334                CAN1_TX_IRQHandler
                0x0000000008008334                EXTI4_IRQHandler
                0x0000000008008334                RNG_IRQHandler
                0x0000000008008334                ETH_IRQHandler
                0x0000000008008334                OTG_HS_EP1_OUT_IRQHandler
                0x0000000008008334                WWDG_IRQHandler
                0x0000000008008334                SPI6_IRQHandler
                0x0000000008008334                I2C4_EV_IRQHandler
                0x0000000008008334                TIM2_IRQHandler
                0x0000000008008334                OTG_FS_WKUP_IRQHandler
                0x0000000008008334                TIM1_TRG_COM_TIM11_IRQHandler
                0x0000000008008334                OTG_HS_IRQHandler
                0x0000000008008334                DMA2D_IRQHandler
                0x0000000008008334                EXTI1_IRQHandler
                0x0000000008008334                UART7_IRQHandler
                0x0000000008008334                USART2_IRQHandler
                0x0000000008008334                I2C2_ER_IRQHandler
                0x0000000008008334                DMA2_Stream1_IRQHandler
                0x0000000008008334                CAN1_SCE_IRQHandler
                0x0000000008008334                FLASH_IRQHandler
                0x0000000008008334                USART1_IRQHandler
                0x0000000008008334                OTG_FS_IRQHandler
                0x0000000008008334                SPI3_IRQHandler
                0x0000000008008334                DMA1_Stream4_IRQHandler
                0x0000000008008334                I2C1_ER_IRQHandler
                0x0000000008008334                FMC_IRQHandler
                0x0000000008008334                LPTIM1_IRQHandler
                0x0000000008008334                I2C4_ER_IRQHandler
                0x0000000008008334                SAI1_IRQHandler
                0x0000000008008334                DMA1_Stream3_IRQHandler
 *fill*         0x0000000008008336        0x2 
 .text.HAL_Init
                0x0000000008008338       0x2c Drivers/STM32F7xx_HAL_Driver/Src/stm32f7xx_hal.o
                0x0000000008008338                HAL_Init
 .text.HAL_IncTick
                0x0000000008008364       0x28 Drivers/STM32F7xx_HAL_Driver/Src/stm32f7xx_hal.o
                0x0000000008008364                HAL_IncTick
 .text.HAL_GetTick
                0x000000000800838c       0x18 Drivers/STM32F7xx_HAL_Driver/Src/stm32f7xx_hal.o
                0x000000000800838c                HAL_GetTick
 .text.HAL_Delay
                0x00000000080083a4       0x48 Drivers/STM32F7xx_HAL_Driver/Src/stm32f7xx_hal.o
                0x00000000080083a4                HAL_Delay
 .text.__NVIC_SetPriorityGrouping
                0x00000000080083ec       0x48 Drivers/STM32F7xx_HAL_Driver/Src/stm32f7xx_hal_cortex.o
 .text.__NVIC_GetPriorityGrouping
                0x0000000008008434       0x1c Drivers/STM32F7xx_HAL_Driver/Src/stm32f7xx_hal_cortex.o
 .text.__NVIC_EnableIRQ
                0x0000000008008450       0x3c Drivers/STM32F7xx_HAL_Driver/Src/stm32f7xx_hal_cortex.o
 .text.__NVIC_SetPriority
                0x000000000800848c       0x54 Drivers/STM32F7xx_HAL_Driver/Src/stm32f7xx_hal_cortex.o
 .text.NVIC_EncodePriority
                0x00000000080084e0       0x66 Drivers/STM32F7xx_HAL_Driver/Src/stm32f7xx_hal_cortex.o
 .text.HAL_NVIC_SetPriorityGrouping
                0x0000000008008546       0x16 Drivers/STM32F7xx_HAL_Driver/Src/stm32f7xx_hal_cortex.o
                0x0000000008008546                HAL_NVIC_SetPriorityGrouping
 .text.HAL_NVIC_SetPriority
                0x000000000800855c       0x38 Drivers/STM32F7xx_HAL_Driver/Src/stm32f7xx_hal_cortex.o
                0x000000000800855c                HAL_NVIC_SetPriority
 .text.HAL_NVIC_EnableIRQ
                0x0000000008008594       0x1c Drivers/STM32F7xx_HAL_Driver/Src/stm32f7xx_hal_cortex.o
                0x0000000008008594                HAL_NVIC_EnableIRQ
 .text.HAL_DMA_Init
                0x00000000080085b0      0x15c Drivers/STM32F7xx_HAL_Driver/Src/stm32f7xx_hal_dma.o
                0x00000000080085b0                HAL_DMA_Init
 .text.HAL_DMA_DeInit
                0x000000000800870c       0xbc Drivers/STM32F7xx_HAL_Driver/Src/stm32f7xx_hal_dma.o
                0x000000000800870c                HAL_DMA_DeInit
 .text.HAL_DMA_Start_IT
                0x00000000080087c8       0xc0 Drivers/STM32F7xx_HAL_Driver/Src/stm32f7xx_hal_dma.o
                0x00000000080087c8                HAL_DMA_Start_IT
 .text.HAL_DMA_Abort_IT
                0x0000000008008888       0x44 Drivers/STM32F7xx_HAL_Driver/Src/stm32f7xx_hal_dma.o
                0x0000000008008888                HAL_DMA_Abort_IT
 .text.HAL_DMA_IRQHandler
                0x00000000080088cc      0x314 Drivers/STM32F7xx_HAL_Driver/Src/stm32f7xx_hal_dma.o
                0x00000000080088cc                HAL_DMA_IRQHandler
 .text.HAL_DMA_GetError
                0x0000000008008be0       0x18 Drivers/STM32F7xx_HAL_Driver/Src/stm32f7xx_hal_dma.o
                0x0000000008008be0                HAL_DMA_GetError
 .text.DMA_SetConfig
                0x0000000008008bf8       0x5c Drivers/STM32F7xx_HAL_Driver/Src/stm32f7xx_hal_dma.o
 .text.DMA_CalcBaseAndBitshift
                0x0000000008008c54       0x6c Drivers/STM32F7xx_HAL_Driver/Src/stm32f7xx_hal_dma.o
 .text.DMA_CheckFifoParam
                0x0000000008008cc0       0xf8 Drivers/STM32F7xx_HAL_Driver/Src/stm32f7xx_hal_dma.o
 .text.HAL_DMA2D_Init
                0x0000000008008db8       0x94 Drivers/STM32F7xx_HAL_Driver/Src/stm32f7xx_hal_dma2d.o
                0x0000000008008db8                HAL_DMA2D_Init
 .text.HAL_DMA2D_Start
                0x0000000008008e4c       0x56 Drivers/STM32F7xx_HAL_Driver/Src/stm32f7xx_hal_dma2d.o
                0x0000000008008e4c                HAL_DMA2D_Start
 .text.HAL_DMA2D_PollForTransfer
                0x0000000008008ea2      0x1d2 Drivers/STM32F7xx_HAL_Driver/Src/stm32f7xx_hal_dma2d.o
                0x0000000008008ea2                HAL_DMA2D_PollForTransfer
 .text.HAL_DMA2D_ConfigLayer
                0x0000000008009074      0x124 Drivers/STM32F7xx_HAL_Driver/Src/stm32f7xx_hal_dma2d.o
                0x0000000008009074                HAL_DMA2D_ConfigLayer
 .text.DMA2D_SetConfig
                0x0000000008009198      0x138 Drivers/STM32F7xx_HAL_Driver/Src/stm32f7xx_hal_dma2d.o
 .text.HAL_GPIO_Init
                0x00000000080092d0      0x358 Drivers/STM32F7xx_HAL_Driver/Src/stm32f7xx_hal_gpio.o
                0x00000000080092d0                HAL_GPIO_Init
 .text.HAL_GPIO_DeInit
                0x0000000008009628      0x218 Drivers/STM32F7xx_HAL_Driver/Src/stm32f7xx_hal_gpio.o
                0x0000000008009628                HAL_GPIO_DeInit
 .text.HAL_GPIO_ReadPin
                0x0000000008009840       0x30 Drivers/STM32F7xx_HAL_Driver/Src/stm32f7xx_hal_gpio.o
                0x0000000008009840                HAL_GPIO_ReadPin
 .text.HAL_GPIO_WritePin
                0x0000000008009870       0x32 Drivers/STM32F7xx_HAL_Driver/Src/stm32f7xx_hal_gpio.o
                0x0000000008009870                HAL_GPIO_WritePin
 *fill*         0x00000000080098a2        0x2 
 .text.HAL_I2C_Init
                0x00000000080098a4      0x120 Drivers/STM32F7xx_HAL_Driver/Src/stm32f7xx_hal_i2c.o
                0x00000000080098a4                HAL_I2C_Init
 .text.HAL_I2C_DeInit
                0x00000000080099c4       0x5e Drivers/STM32F7xx_HAL_Driver/Src/stm32f7xx_hal_i2c.o
                0x00000000080099c4                HAL_I2C_DeInit
 .text.HAL_I2C_MspInit
                0x0000000008009a22       0x14 Drivers/STM32F7xx_HAL_Driver/Src/stm32f7xx_hal_i2c.o
                0x0000000008009a22                HAL_I2C_MspInit
 .text.HAL_I2C_MspDeInit
                0x0000000008009a36       0x14 Drivers/STM32F7xx_HAL_Driver/Src/stm32f7xx_hal_i2c.o
                0x0000000008009a36                HAL_I2C_MspDeInit
 *fill*         0x0000000008009a4a        0x2 
 .text.HAL_I2C_Mem_Write
                0x0000000008009a4c      0x228 Drivers/STM32F7xx_HAL_Driver/Src/stm32f7xx_hal_i2c.o
                0x0000000008009a4c                HAL_I2C_Mem_Write
 .text.HAL_I2C_Mem_Read
                0x0000000008009c74      0x234 Drivers/STM32F7xx_HAL_Driver/Src/stm32f7xx_hal_i2c.o
                0x0000000008009c74                HAL_I2C_Mem_Read
 .text.HAL_I2C_GetState
                0x0000000008009ea8       0x1c Drivers/STM32F7xx_HAL_Driver/Src/stm32f7xx_hal_i2c.o
                0x0000000008009ea8                HAL_I2C_GetState
 .text.I2C_RequestMemoryWrite
                0x0000000008009ec4       0xa8 Drivers/STM32F7xx_HAL_Driver/Src/stm32f7xx_hal_i2c.o
 .text.I2C_RequestMemoryRead
                0x0000000008009f6c       0xa8 Drivers/STM32F7xx_HAL_Driver/Src/stm32f7xx_hal_i2c.o
 .text.I2C_Flush_TXDR
                0x000000000800a014       0x48 Drivers/STM32F7xx_HAL_Driver/Src/stm32f7xx_hal_i2c.o
 .text.I2C_WaitOnFlagUntilTimeout
                0x000000000800a05c       0x80 Drivers/STM32F7xx_HAL_Driver/Src/stm32f7xx_hal_i2c.o
 .text.I2C_WaitOnTXISFlagUntilTimeout
                0x000000000800a0dc       0x80 Drivers/STM32F7xx_HAL_Driver/Src/stm32f7xx_hal_i2c.o
 .text.I2C_WaitOnSTOPFlagUntilTimeout
                0x000000000800a15c       0x78 Drivers/STM32F7xx_HAL_Driver/Src/stm32f7xx_hal_i2c.o
 .text.I2C_IsAcknowledgeFailed
                0x000000000800a1d4       0xcc Drivers/STM32F7xx_HAL_Driver/Src/stm32f7xx_hal_i2c.o
 .text.I2C_TransferConfig
                0x000000000800a2a0       0x5c Drivers/STM32F7xx_HAL_Driver/Src/stm32f7xx_hal_i2c.o
 .text.HAL_LTDC_Init
                0x000000000800a2fc      0x1a0 Drivers/STM32F7xx_HAL_Driver/Src/stm32f7xx_hal_ltdc.o
                0x000000000800a2fc                HAL_LTDC_Init
 .text.HAL_LTDC_IRQHandler
                0x000000000800a49c      0x148 Drivers/STM32F7xx_HAL_Driver/Src/stm32f7xx_hal_ltdc.o
                0x000000000800a49c                HAL_LTDC_IRQHandler
 .text.HAL_LTDC_ErrorCallback
                0x000000000800a5e4       0x14 Drivers/STM32F7xx_HAL_Driver/Src/stm32f7xx_hal_ltdc.o
                0x000000000800a5e4                HAL_LTDC_ErrorCallback
 .text.HAL_LTDC_LineEventCallback
                0x000000000800a5f8       0x14 Drivers/STM32F7xx_HAL_Driver/Src/stm32f7xx_hal_ltdc.o
                0x000000000800a5f8                HAL_LTDC_LineEventCallback
 .text.HAL_LTDC_ReloadEventCallback
                0x000000000800a60c       0x14 Drivers/STM32F7xx_HAL_Driver/Src/stm32f7xx_hal_ltdc.o
                0x000000000800a60c                HAL_LTDC_ReloadEventCallback
 .text.HAL_LTDC_ConfigLayer
                0x000000000800a620       0x7c Drivers/STM32F7xx_HAL_Driver/Src/stm32f7xx_hal_ltdc.o
                0x000000000800a620                HAL_LTDC_ConfigLayer
 .text.HAL_LTDC_GetState
                0x000000000800a69c       0x1c Drivers/STM32F7xx_HAL_Driver/Src/stm32f7xx_hal_ltdc.o
                0x000000000800a69c                HAL_LTDC_GetState
 .text.LTDC_SetConfig
                0x000000000800a6b8      0x334 Drivers/STM32F7xx_HAL_Driver/Src/stm32f7xx_hal_ltdc.o
 .text.HAL_PWR_EnableBkUpAccess
                0x000000000800a9ec       0x20 Drivers/STM32F7xx_HAL_Driver/Src/stm32f7xx_hal_pwr.o
                0x000000000800a9ec                HAL_PWR_EnableBkUpAccess
 .text.HAL_PWREx_EnableOverDrive
                0x000000000800aa0c       0xa0 Drivers/STM32F7xx_HAL_Driver/Src/stm32f7xx_hal_pwr_ex.o
                0x000000000800aa0c                HAL_PWREx_EnableOverDrive
 .text.HAL_RCC_OscConfig
                0x000000000800aaac      0x548 Drivers/STM32F7xx_HAL_Driver/Src/stm32f7xx_hal_rcc.o
                0x000000000800aaac                HAL_RCC_OscConfig
 .text.HAL_RCC_ClockConfig
                0x000000000800aff4      0x1d8 Drivers/STM32F7xx_HAL_Driver/Src/stm32f7xx_hal_rcc.o
                0x000000000800aff4                HAL_RCC_ClockConfig
 .text.HAL_RCC_GetSysClockFreq
                0x000000000800b1cc      0x16c Drivers/STM32F7xx_HAL_Driver/Src/stm32f7xx_hal_rcc.o
                0x000000000800b1cc                HAL_RCC_GetSysClockFreq
 .text.HAL_RCC_GetHCLKFreq
                0x000000000800b338       0x18 Drivers/STM32F7xx_HAL_Driver/Src/stm32f7xx_hal_rcc.o
                0x000000000800b338                HAL_RCC_GetHCLKFreq
 .text.HAL_RCC_GetPCLK1Freq
                0x000000000800b350       0x28 Drivers/STM32F7xx_HAL_Driver/Src/stm32f7xx_hal_rcc.o
                0x000000000800b350                HAL_RCC_GetPCLK1Freq
 .text.HAL_RCC_GetPCLK2Freq
                0x000000000800b378       0x28 Drivers/STM32F7xx_HAL_Driver/Src/stm32f7xx_hal_rcc.o
                0x000000000800b378                HAL_RCC_GetPCLK2Freq
 .text.HAL_RCC_GetClockConfig
                0x000000000800b3a0       0x64 Drivers/STM32F7xx_HAL_Driver/Src/stm32f7xx_hal_rcc.o
                0x000000000800b3a0                HAL_RCC_GetClockConfig
 .text.HAL_RCCEx_PeriphCLKConfig
                0x000000000800b404      0x7e0 Drivers/STM32F7xx_HAL_Driver/Src/stm32f7xx_hal_rcc_ex.o
                0x000000000800b404                HAL_RCCEx_PeriphCLKConfig
 .text.HAL_RCCEx_GetPeriphCLKConfig
                0x000000000800bbe4      0x218 Drivers/STM32F7xx_HAL_Driver/Src/stm32f7xx_hal_rcc_ex.o
                0x000000000800bbe4                HAL_RCCEx_GetPeriphCLKConfig
 .text.HAL_RCCEx_GetPeriphCLKFreq
                0x000000000800bdfc      0x288 Drivers/STM32F7xx_HAL_Driver/Src/stm32f7xx_hal_rcc_ex.o
                0x000000000800bdfc                HAL_RCCEx_GetPeriphCLKFreq
 .text.HAL_SAI_Init
                0x000000000800c084      0x2fc Drivers/STM32F7xx_HAL_Driver/Src/stm32f7xx_hal_sai.o
                0x000000000800c084                HAL_SAI_Init
 .text.HAL_SAI_DeInit
                0x000000000800c380       0x6a Drivers/STM32F7xx_HAL_Driver/Src/stm32f7xx_hal_sai.o
                0x000000000800c380                HAL_SAI_DeInit
 *fill*         0x000000000800c3ea        0x2 
 .text.HAL_SAI_Transmit_DMA
                0x000000000800c3ec      0x160 Drivers/STM32F7xx_HAL_Driver/Src/stm32f7xx_hal_sai.o
                0x000000000800c3ec                HAL_SAI_Transmit_DMA
 .text.HAL_SAI_Receive_DMA
                0x000000000800c54c      0x11c Drivers/STM32F7xx_HAL_Driver/Src/stm32f7xx_hal_sai.o
                0x000000000800c54c                HAL_SAI_Receive_DMA
 .text.HAL_SAI_GetState
                0x000000000800c668       0x1c Drivers/STM32F7xx_HAL_Driver/Src/stm32f7xx_hal_sai.o
                0x000000000800c668                HAL_SAI_GetState
 .text.SAI_InterruptFlag
                0x000000000800c684       0x6c Drivers/STM32F7xx_HAL_Driver/Src/stm32f7xx_hal_sai.o
 .text.SAI_Disable
                0x000000000800c6f0       0x70 Drivers/STM32F7xx_HAL_Driver/Src/stm32f7xx_hal_sai.o
 .text.SAI_DMATxCplt
                0x000000000800c760       0x60 Drivers/STM32F7xx_HAL_Driver/Src/stm32f7xx_hal_sai.o
 .text.SAI_DMATxHalfCplt
                0x000000000800c7c0       0x1c Drivers/STM32F7xx_HAL_Driver/Src/stm32f7xx_hal_sai.o
 .text.SAI_DMARxCplt
                0x000000000800c7dc       0x60 Drivers/STM32F7xx_HAL_Driver/Src/stm32f7xx_hal_sai.o
 .text.SAI_DMARxHalfCplt
                0x000000000800c83c       0x1c Drivers/STM32F7xx_HAL_Driver/Src/stm32f7xx_hal_sai.o
 .text.SAI_DMAError
                0x000000000800c858       0x66 Drivers/STM32F7xx_HAL_Driver/Src/stm32f7xx_hal_sai.o
 .text.HAL_SD_Init
                0x000000000800c8be       0x60 Drivers/STM32F7xx_HAL_Driver/Src/stm32f7xx_hal_sd.o
                0x000000000800c8be                HAL_SD_Init
 *fill*         0x000000000800c91e        0x2 
 .text.HAL_SD_InitCard
                0x000000000800c920      0x10c Drivers/STM32F7xx_HAL_Driver/Src/stm32f7xx_hal_sd.o
                0x000000000800c920                HAL_SD_InitCard
 .text.HAL_SD_ReadBlocks_DMA
                0x000000000800ca2c      0x1c4 Drivers/STM32F7xx_HAL_Driver/Src/stm32f7xx_hal_sd.o
                0x000000000800ca2c                HAL_SD_ReadBlocks_DMA
 .text.HAL_SD_WriteBlocks_DMA
                0x000000000800cbf0      0x1cc Drivers/STM32F7xx_HAL_Driver/Src/stm32f7xx_hal_sd.o
                0x000000000800cbf0                HAL_SD_WriteBlocks_DMA
 .text.HAL_SD_IRQHandler
                0x000000000800cdbc      0x2ec Drivers/STM32F7xx_HAL_Driver/Src/stm32f7xx_hal_sd.o
                0x000000000800cdbc                HAL_SD_IRQHandler
 .text.HAL_SD_ErrorCallback
                0x000000000800d0a8       0x14 Drivers/STM32F7xx_HAL_Driver/Src/stm32f7xx_hal_sd.o
                0x000000000800d0a8                HAL_SD_ErrorCallback
 .text.HAL_SD_GetCardCSD
                0x000000000800d0bc      0x348 Drivers/STM32F7xx_HAL_Driver/Src/stm32f7xx_hal_sd.o
                0x000000000800d0bc                HAL_SD_GetCardCSD
 .text.HAL_SD_GetCardInfo
                0x000000000800d404       0x58 Drivers/STM32F7xx_HAL_Driver/Src/stm32f7xx_hal_sd.o
                0x000000000800d404                HAL_SD_GetCardInfo
 .text.HAL_SD_ConfigWideBusOperation
                0x000000000800d45c      0x134 Drivers/STM32F7xx_HAL_Driver/Src/stm32f7xx_hal_sd.o
                0x000000000800d45c                HAL_SD_ConfigWideBusOperation
 .text.HAL_SD_GetCardState
                0x000000000800d590       0x40 Drivers/STM32F7xx_HAL_Driver/Src/stm32f7xx_hal_sd.o
                0x000000000800d590                HAL_SD_GetCardState
 .text.SD_DMATransmitCplt
                0x000000000800d5d0       0x2a Drivers/STM32F7xx_HAL_Driver/Src/stm32f7xx_hal_sd.o
 .text.SD_DMAReceiveCplt
                0x000000000800d5fa       0x70 Drivers/STM32F7xx_HAL_Driver/Src/stm32f7xx_hal_sd.o
 *fill*         0x000000000800d66a        0x2 
 .text.SD_DMAError
                0x000000000800d66c       0xa4 Drivers/STM32F7xx_HAL_Driver/Src/stm32f7xx_hal_sd.o
 .text.SD_DMATxAbort
                0x000000000800d710       0x6e Drivers/STM32F7xx_HAL_Driver/Src/stm32f7xx_hal_sd.o
 .text.SD_DMARxAbort
                0x000000000800d77e       0x6e Drivers/STM32F7xx_HAL_Driver/Src/stm32f7xx_hal_sd.o
 .text.SD_InitCard
                0x000000000800d7ec      0x198 Drivers/STM32F7xx_HAL_Driver/Src/stm32f7xx_hal_sd.o
 .text.SD_PowerON
                0x000000000800d984      0x11c Drivers/STM32F7xx_HAL_Driver/Src/stm32f7xx_hal_sd.o
 .text.SD_SendStatus
                0x000000000800daa0       0x50 Drivers/STM32F7xx_HAL_Driver/Src/stm32f7xx_hal_sd.o
 .text.SD_WideBus_Enable
                0x000000000800daf0       0x96 Drivers/STM32F7xx_HAL_Driver/Src/stm32f7xx_hal_sd.o
 .text.SD_WideBus_Disable
                0x000000000800db86       0x96 Drivers/STM32F7xx_HAL_Driver/Src/stm32f7xx_hal_sd.o
 .text.SD_FindSCR
                0x000000000800dc1c      0x1a6 Drivers/STM32F7xx_HAL_Driver/Src/stm32f7xx_hal_sd.o
 .text.SD_Read_IT
                0x000000000800ddc2       0xa2 Drivers/STM32F7xx_HAL_Driver/Src/stm32f7xx_hal_sd.o
 .text.SD_Write_IT
                0x000000000800de64       0xaa Drivers/STM32F7xx_HAL_Driver/Src/stm32f7xx_hal_sd.o
 .text.HAL_SDRAM_Init
                0x000000000800df0e       0x68 Drivers/STM32F7xx_HAL_Driver/Src/stm32f7xx_hal_sdram.o
                0x000000000800df0e                HAL_SDRAM_Init
 .text.HAL_SDRAM_SendCommand
                0x000000000800df76       0x56 Drivers/STM32F7xx_HAL_Driver/Src/stm32f7xx_hal_sdram.o
                0x000000000800df76                HAL_SDRAM_SendCommand
 .text.HAL_SDRAM_ProgramRefreshRate
                0x000000000800dfcc       0x40 Drivers/STM32F7xx_HAL_Driver/Src/stm32f7xx_hal_sdram.o
                0x000000000800dfcc                HAL_SDRAM_ProgramRefreshRate
 .text.HAL_TIM_Base_Init
                0x000000000800e00c       0xae Drivers/STM32F7xx_HAL_Driver/Src/stm32f7xx_hal_tim.o
                0x000000000800e00c                HAL_TIM_Base_Init
 .text.HAL_TIM_Base_MspInit
                0x000000000800e0ba       0x14 Drivers/STM32F7xx_HAL_Driver/Src/stm32f7xx_hal_tim.o
                0x000000000800e0ba                HAL_TIM_Base_MspInit
 *fill*         0x000000000800e0ce        0x2 
 .text.HAL_TIM_Base_Start_IT
                0x000000000800e0d0       0xf0 Drivers/STM32F7xx_HAL_Driver/Src/stm32f7xx_hal_tim.o
                0x000000000800e0d0                HAL_TIM_Base_Start_IT
 .text.HAL_TIM_IRQHandler
                0x000000000800e1c0      0x23e Drivers/STM32F7xx_HAL_Driver/Src/stm32f7xx_hal_tim.o
                0x000000000800e1c0                HAL_TIM_IRQHandler
 .text.HAL_TIM_OC_DelayElapsedCallback
                0x000000000800e3fe       0x14 Drivers/STM32F7xx_HAL_Driver/Src/stm32f7xx_hal_tim.o
                0x000000000800e3fe                HAL_TIM_OC_DelayElapsedCallback
 .text.HAL_TIM_IC_CaptureCallback
                0x000000000800e412       0x14 Drivers/STM32F7xx_HAL_Driver/Src/stm32f7xx_hal_tim.o
                0x000000000800e412                HAL_TIM_IC_CaptureCallback
 .text.HAL_TIM_PWM_PulseFinishedCallback
                0x000000000800e426       0x14 Drivers/STM32F7xx_HAL_Driver/Src/stm32f7xx_hal_tim.o
                0x000000000800e426                HAL_TIM_PWM_PulseFinishedCallback
 .text.HAL_TIM_TriggerCallback
                0x000000000800e43a       0x14 Drivers/STM32F7xx_HAL_Driver/Src/stm32f7xx_hal_tim.o
                0x000000000800e43a                HAL_TIM_TriggerCallback
 *fill*         0x000000000800e44e        0x2 
 .text.TIM_Base_SetConfig
                0x000000000800e450      0x140 Drivers/STM32F7xx_HAL_Driver/Src/stm32f7xx_hal_tim.o
                0x000000000800e450                TIM_Base_SetConfig
 .text.HAL_TIMEx_CommutCallback
                0x000000000800e590       0x14 Drivers/STM32F7xx_HAL_Driver/Src/stm32f7xx_hal_tim_ex.o
                0x000000000800e590                HAL_TIMEx_CommutCallback
 .text.HAL_TIMEx_BreakCallback
                0x000000000800e5a4       0x14 Drivers/STM32F7xx_HAL_Driver/Src/stm32f7xx_hal_tim_ex.o
                0x000000000800e5a4                HAL_TIMEx_BreakCallback
 .text.HAL_TIMEx_Break2Callback
                0x000000000800e5b8       0x14 Drivers/STM32F7xx_HAL_Driver/Src/stm32f7xx_hal_tim_ex.o
                0x000000000800e5b8                HAL_TIMEx_Break2Callback
 .text.HAL_UART_Init
                0x000000000800e5cc       0x9c Drivers/STM32F7xx_HAL_Driver/Src/stm32f7xx_hal_uart.o
                0x000000000800e5cc                HAL_UART_Init
 .text.UART_SetConfig
                0x000000000800e668      0x4c4 Drivers/STM32F7xx_HAL_Driver/Src/stm32f7xx_hal_uart.o
                0x000000000800e668                UART_SetConfig
 .text.UART_AdvFeatureConfig
                0x000000000800eb2c      0x144 Drivers/STM32F7xx_HAL_Driver/Src/stm32f7xx_hal_uart.o
                0x000000000800eb2c                UART_AdvFeatureConfig
 .text.UART_CheckIdleState
                0x000000000800ec70       0x66 Drivers/STM32F7xx_HAL_Driver/Src/stm32f7xx_hal_uart.o
                0x000000000800ec70                UART_CheckIdleState
 .text.UART_WaitOnFlagUntilTimeout
                0x000000000800ecd6       0xf8 Drivers/STM32F7xx_HAL_Driver/Src/stm32f7xx_hal_uart.o
                0x000000000800ecd6                UART_WaitOnFlagUntilTimeout
 *fill*         0x000000000800edce        0x2 
 .text.FMC_SDRAM_Init
                0x000000000800edd0       0xe4 Drivers/STM32F7xx_HAL_Driver/Src/stm32f7xx_ll_fmc.o
                0x000000000800edd0                FMC_SDRAM_Init
 .text.FMC_SDRAM_Timing_Init
                0x000000000800eeb4      0x100 Drivers/STM32F7xx_HAL_Driver/Src/stm32f7xx_ll_fmc.o
                0x000000000800eeb4                FMC_SDRAM_Timing_Init
 .text.FMC_SDRAM_SendCommand
                0x000000000800efb4       0x48 Drivers/STM32F7xx_HAL_Driver/Src/stm32f7xx_ll_fmc.o
                0x000000000800efb4                FMC_SDRAM_SendCommand
 .text.FMC_SDRAM_ProgramRefreshRate
                0x000000000800effc       0x26 Drivers/STM32F7xx_HAL_Driver/Src/stm32f7xx_ll_fmc.o
                0x000000000800effc                FMC_SDRAM_ProgramRefreshRate
 *fill*         0x000000000800f022        0x2 
 .text.SDMMC_Init
                0x000000000800f024       0x58 Drivers/STM32F7xx_HAL_Driver/Src/stm32f7xx_ll_sdmmc.o
                0x000000000800f024                SDMMC_Init
 .text.SDMMC_ReadFIFO
                0x000000000800f07c       0x1a Drivers/STM32F7xx_HAL_Driver/Src/stm32f7xx_ll_sdmmc.o
                0x000000000800f07c                SDMMC_ReadFIFO
 .text.SDMMC_WriteFIFO
                0x000000000800f096       0x22 Drivers/STM32F7xx_HAL_Driver/Src/stm32f7xx_ll_sdmmc.o
                0x000000000800f096                SDMMC_WriteFIFO
 .text.SDMMC_PowerState_ON
                0x000000000800f0b8       0x1e Drivers/STM32F7xx_HAL_Driver/Src/stm32f7xx_ll_sdmmc.o
                0x000000000800f0b8                SDMMC_PowerState_ON
 .text.SDMMC_GetPowerState
                0x000000000800f0d6       0x1c Drivers/STM32F7xx_HAL_Driver/Src/stm32f7xx_ll_sdmmc.o
                0x000000000800f0d6                SDMMC_GetPowerState
 *fill*         0x000000000800f0f2        0x2 
 .text.SDMMC_SendCommand
                0x000000000800f0f4       0x54 Drivers/STM32F7xx_HAL_Driver/Src/stm32f7xx_ll_sdmmc.o
                0x000000000800f0f4                SDMMC_SendCommand
 .text.SDMMC_GetCommandResponse
                0x000000000800f148       0x1a Drivers/STM32F7xx_HAL_Driver/Src/stm32f7xx_ll_sdmmc.o
                0x000000000800f148                SDMMC_GetCommandResponse
 .text.SDMMC_GetResponse
                0x000000000800f162       0x26 Drivers/STM32F7xx_HAL_Driver/Src/stm32f7xx_ll_sdmmc.o
                0x000000000800f162                SDMMC_GetResponse
 .text.SDMMC_ConfigData
                0x000000000800f188       0x58 Drivers/STM32F7xx_HAL_Driver/Src/stm32f7xx_ll_sdmmc.o
                0x000000000800f188                SDMMC_ConfigData
 .text.SDMMC_CmdBlockLength
                0x000000000800f1e0       0x44 Drivers/STM32F7xx_HAL_Driver/Src/stm32f7xx_ll_sdmmc.o
                0x000000000800f1e0                SDMMC_CmdBlockLength
 .text.SDMMC_CmdReadSingleBlock
                0x000000000800f224       0x44 Drivers/STM32F7xx_HAL_Driver/Src/stm32f7xx_ll_sdmmc.o
                0x000000000800f224                SDMMC_CmdReadSingleBlock
 .text.SDMMC_CmdReadMultiBlock
                0x000000000800f268       0x44 Drivers/STM32F7xx_HAL_Driver/Src/stm32f7xx_ll_sdmmc.o
                0x000000000800f268                SDMMC_CmdReadMultiBlock
 .text.SDMMC_CmdWriteSingleBlock
                0x000000000800f2ac       0x44 Drivers/STM32F7xx_HAL_Driver/Src/stm32f7xx_ll_sdmmc.o
                0x000000000800f2ac                SDMMC_CmdWriteSingleBlock
 .text.SDMMC_CmdWriteMultiBlock
                0x000000000800f2f0       0x44 Drivers/STM32F7xx_HAL_Driver/Src/stm32f7xx_ll_sdmmc.o
                0x000000000800f2f0                SDMMC_CmdWriteMultiBlock
 .text.SDMMC_CmdStopTransfer
                0x000000000800f334       0x44 Drivers/STM32F7xx_HAL_Driver/Src/stm32f7xx_ll_sdmmc.o
                0x000000000800f334                SDMMC_CmdStopTransfer
 .text.SDMMC_CmdSelDesel
                0x000000000800f378       0x46 Drivers/STM32F7xx_HAL_Driver/Src/stm32f7xx_ll_sdmmc.o
                0x000000000800f378                SDMMC_CmdSelDesel
 .text.SDMMC_CmdGoIdleState
                0x000000000800f3be       0x3c Drivers/STM32F7xx_HAL_Driver/Src/stm32f7xx_ll_sdmmc.o
                0x000000000800f3be                SDMMC_CmdGoIdleState
 .text.SDMMC_CmdOperCond
                0x000000000800f3fa       0x3e Drivers/STM32F7xx_HAL_Driver/Src/stm32f7xx_ll_sdmmc.o
                0x000000000800f3fa                SDMMC_CmdOperCond
 .text.SDMMC_CmdAppCommand
                0x000000000800f438       0x44 Drivers/STM32F7xx_HAL_Driver/Src/stm32f7xx_ll_sdmmc.o
                0x000000000800f438                SDMMC_CmdAppCommand
 .text.SDMMC_CmdAppOperCommand
                0x000000000800f47c       0x48 Drivers/STM32F7xx_HAL_Driver/Src/stm32f7xx_ll_sdmmc.o
                0x000000000800f47c                SDMMC_CmdAppOperCommand
 .text.SDMMC_CmdBusWidth
                0x000000000800f4c4       0x44 Drivers/STM32F7xx_HAL_Driver/Src/stm32f7xx_ll_sdmmc.o
                0x000000000800f4c4                SDMMC_CmdBusWidth
 .text.SDMMC_CmdSendSCR
                0x000000000800f508       0x42 Drivers/STM32F7xx_HAL_Driver/Src/stm32f7xx_ll_sdmmc.o
                0x000000000800f508                SDMMC_CmdSendSCR
 .text.SDMMC_CmdSendCID
                0x000000000800f54a       0x3c Drivers/STM32F7xx_HAL_Driver/Src/stm32f7xx_ll_sdmmc.o
                0x000000000800f54a                SDMMC_CmdSendCID
 .text.SDMMC_CmdSendCSD
                0x000000000800f586       0x3e Drivers/STM32F7xx_HAL_Driver/Src/stm32f7xx_ll_sdmmc.o
                0x000000000800f586                SDMMC_CmdSendCSD
 .text.SDMMC_CmdSetRelAdd
                0x000000000800f5c4       0x42 Drivers/STM32F7xx_HAL_Driver/Src/stm32f7xx_ll_sdmmc.o
                0x000000000800f5c4                SDMMC_CmdSetRelAdd
 .text.SDMMC_CmdSendStatus
                0x000000000800f606       0x44 Drivers/STM32F7xx_HAL_Driver/Src/stm32f7xx_ll_sdmmc.o
                0x000000000800f606                SDMMC_CmdSendStatus
 *fill*         0x000000000800f64a        0x2 
 .text.SDMMC_GetCmdError
                0x000000000800f64c       0x58 Drivers/STM32F7xx_HAL_Driver/Src/stm32f7xx_ll_sdmmc.o
 .text.SDMMC_GetCmdResp1
                0x000000000800f6a4      0x1dc Drivers/STM32F7xx_HAL_Driver/Src/stm32f7xx_ll_sdmmc.o
 .text.SDMMC_GetCmdResp2
                0x000000000800f880       0x90 Drivers/STM32F7xx_HAL_Driver/Src/stm32f7xx_ll_sdmmc.o
 .text.SDMMC_GetCmdResp3
                0x000000000800f910       0x7c Drivers/STM32F7xx_HAL_Driver/Src/stm32f7xx_ll_sdmmc.o
 .text.SDMMC_GetCmdResp6
                0x000000000800f98c       0xec Drivers/STM32F7xx_HAL_Driver/Src/stm32f7xx_ll_sdmmc.o
 .text.SDMMC_GetCmdResp7
                0x000000000800fa78       0x9c Drivers/STM32F7xx_HAL_Driver/Src/stm32f7xx_ll_sdmmc.o
 .text.MX_FATFS_Init
                0x000000000800fb14       0x24 FATFS/App/fatfs.o
                0x000000000800fb14                MX_FATFS_Init
 .text.get_fattime
                0x000000000800fb38       0x10 FATFS/App/fatfs.o
                0x000000000800fb38                get_fattime
 .text.BSP_SD_Init
                0x000000000800fb48       0x4c FATFS/Target/bsp_driver_sd.o
                0x000000000800fb48                BSP_SD_Init
 .text.BSP_SD_ReadBlocks_DMA
                0x000000000800fb94       0x34 FATFS/Target/bsp_driver_sd.o
                0x000000000800fb94                BSP_SD_ReadBlocks_DMA
 .text.BSP_SD_WriteBlocks_DMA
                0x000000000800fbc8       0x34 FATFS/Target/bsp_driver_sd.o
                0x000000000800fbc8                BSP_SD_WriteBlocks_DMA
 .text.BSP_SD_GetCardState
                0x000000000800fbfc       0x20 FATFS/Target/bsp_driver_sd.o
                0x000000000800fbfc                BSP_SD_GetCardState
 .text.BSP_SD_GetCardInfo
                0x000000000800fc1c       0x1c FATFS/Target/bsp_driver_sd.o
                0x000000000800fc1c                BSP_SD_GetCardInfo
 .text.HAL_SD_AbortCallback
                0x000000000800fc38       0x14 FATFS/Target/bsp_driver_sd.o
                0x000000000800fc38                HAL_SD_AbortCallback
 .text.HAL_SD_TxCpltCallback
                0x000000000800fc4c       0x14 FATFS/Target/bsp_driver_sd.o
                0x000000000800fc4c                HAL_SD_TxCpltCallback
 .text.HAL_SD_RxCpltCallback
                0x000000000800fc60       0x14 FATFS/Target/bsp_driver_sd.o
                0x000000000800fc60                HAL_SD_RxCpltCallback
 .text.BSP_SD_AbortCallback
                0x000000000800fc74        0xe FATFS/Target/bsp_driver_sd.o
                0x000000000800fc74                BSP_SD_AbortCallback
 .text.BSP_SD_IsDetected
                0x000000000800fc82       0x24 FATFS/Target/bsp_driver_sd.o
                0x000000000800fc82                BSP_SD_IsDetected
 *fill*         0x000000000800fca6        0x2 
 .text.BSP_PlatformIsDetected
                0x000000000800fca8       0x2c FATFS/Target/fatfs_platform.o
                0x000000000800fca8                BSP_PlatformIsDetected
 .text.SD_CheckStatusWithTimeout
                0x000000000800fcd4       0x3a FATFS/Target/sd_diskio.o
 *fill*         0x000000000800fd0e        0x2 
 .text.SD_CheckStatus
                0x000000000800fd10       0x3c FATFS/Target/sd_diskio.o
 .text.SD_initialize
                0x000000000800fd4c       0x98 FATFS/Target/sd_diskio.o
                0x000000000800fd4c                SD_initialize
 .text.SD_status
                0x000000000800fde4       0x1c FATFS/Target/sd_diskio.o
                0x000000000800fde4                SD_status
 .text.SD_read  0x000000000800fe00       0x9c FATFS/Target/sd_diskio.o
                0x000000000800fe00                SD_read
 .text.SD_write
                0x000000000800fe9c       0x94 FATFS/Target/sd_diskio.o
                0x000000000800fe9c                SD_write
 .text.SD_ioctl
                0x000000000800ff30       0xb0 FATFS/Target/sd_diskio.o
                0x000000000800ff30                SD_ioctl
 .text.BSP_SD_WriteCpltCallback
                0x000000000800ffe0       0x1c FATFS/Target/sd_diskio.o
                0x000000000800ffe0                BSP_SD_WriteCpltCallback
 .text.BSP_SD_ReadCpltCallback
                0x000000000800fffc       0x1c FATFS/Target/sd_diskio.o
                0x000000000800fffc                BSP_SD_ReadCpltCallback
 .text.disk_status
                0x0000000008010018       0x34 Middlewares/Third_Party/FatFs/src/diskio.o
                0x0000000008010018                disk_status
 .text.disk_initialize
                0x000000000801004c       0x4c Middlewares/Third_Party/FatFs/src/diskio.o
                0x000000000801004c                disk_initialize
 .text.disk_read
                0x0000000008010098       0x40 Middlewares/Third_Party/FatFs/src/diskio.o
                0x0000000008010098                disk_read
 .text.disk_write
                0x00000000080100d8       0x40 Middlewares/Third_Party/FatFs/src/diskio.o
                0x00000000080100d8                disk_write
 .text.disk_ioctl
                0x0000000008010118       0x3c Middlewares/Third_Party/FatFs/src/diskio.o
                0x0000000008010118                disk_ioctl
 .text.ld_word  0x0000000008010154       0x30 Middlewares/Third_Party/FatFs/src/ff.o
 .text.ld_dword
                0x0000000008010184       0x46 Middlewares/Third_Party/FatFs/src/ff.o
 .text.st_word  0x00000000080101ca       0x36 Middlewares/Third_Party/FatFs/src/ff.o
 .text.st_dword
                0x0000000008010200       0x58 Middlewares/Third_Party/FatFs/src/ff.o
 .text.mem_cpy  0x0000000008010258       0x42 Middlewares/Third_Party/FatFs/src/ff.o
 .text.mem_set  0x000000000801029a       0x36 Middlewares/Third_Party/FatFs/src/ff.o
 .text.mem_cmp  0x00000000080102d0       0x4e Middlewares/Third_Party/FatFs/src/ff.o
 .text.chk_chr  0x000000000801031e       0x36 Middlewares/Third_Party/FatFs/src/ff.o
 .text.lock_fs  0x0000000008010354       0x2c Middlewares/Third_Party/FatFs/src/ff.o
 .text.unlock_fs
                0x0000000008010380       0x36 Middlewares/Third_Party/FatFs/src/ff.o
 *fill*         0x00000000080103b6        0x2 
 .text.chk_lock
                0x00000000080103b8       0xb8 Middlewares/Third_Party/FatFs/src/ff.o
 .text.enq_lock
                0x0000000008010470       0x44 Middlewares/Third_Party/FatFs/src/ff.o
 .text.inc_lock
                0x00000000080104b4      0x11c Middlewares/Third_Party/FatFs/src/ff.o
 .text.dec_lock
                0x00000000080105d0       0x78 Middlewares/Third_Party/FatFs/src/ff.o
 .text.clear_lock
                0x0000000008010648       0x48 Middlewares/Third_Party/FatFs/src/ff.o
 .text.sync_window
                0x0000000008010690       0x88 Middlewares/Third_Party/FatFs/src/ff.o
 .text.move_window
                0x0000000008010718       0x5a Middlewares/Third_Party/FatFs/src/ff.o
 *fill*         0x0000000008010772        0x2 
 .text.sync_fs  0x0000000008010774       0xdc Middlewares/Third_Party/FatFs/src/ff.o
 .text.clust2sect
                0x0000000008010850       0x3e Middlewares/Third_Party/FatFs/src/ff.o
 .text.get_fat  0x000000000801088e      0x150 Middlewares/Third_Party/FatFs/src/ff.o
 .text.put_fat  0x00000000080109de      0x1d8 Middlewares/Third_Party/FatFs/src/ff.o
 .text.remove_chain
                0x0000000008010bb6       0xca Middlewares/Third_Party/FatFs/src/ff.o
 .text.create_chain
                0x0000000008010c80      0x130 Middlewares/Third_Party/FatFs/src/ff.o
 .text.clmt_clust
                0x0000000008010db0       0x68 Middlewares/Third_Party/FatFs/src/ff.o
 .text.dir_sdi  0x0000000008010e18       0xf6 Middlewares/Third_Party/FatFs/src/ff.o
 .text.dir_next
                0x0000000008010f0e      0x18a Middlewares/Third_Party/FatFs/src/ff.o
 .text.dir_alloc
                0x0000000008011098       0x8e Middlewares/Third_Party/FatFs/src/ff.o
 .text.ld_clust
                0x0000000008011126       0x3e Middlewares/Third_Party/FatFs/src/ff.o
 .text.st_clust
                0x0000000008011164       0x40 Middlewares/Third_Party/FatFs/src/ff.o
 .text.dir_find
                0x00000000080111a4       0xaa Middlewares/Third_Party/FatFs/src/ff.o
 .text.dir_register
                0x000000000801124e       0x64 Middlewares/Third_Party/FatFs/src/ff.o
 *fill*         0x00000000080112b2        0x2 
 .text.create_name
                0x00000000080112b4      0x194 Middlewares/Third_Party/FatFs/src/ff.o
 .text.follow_path
                0x0000000008011448      0x120 Middlewares/Third_Party/FatFs/src/ff.o
 .text.get_ldnumber
                0x0000000008011568       0x88 Middlewares/Third_Party/FatFs/src/ff.o
 .text.check_fs
                0x00000000080115f0       0xac Middlewares/Third_Party/FatFs/src/ff.o
 .text.find_volume
                0x000000000801169c      0x4b0 Middlewares/Third_Party/FatFs/src/ff.o
 .text.validate
                0x0000000008011b4c       0x8e Middlewares/Third_Party/FatFs/src/ff.o
 *fill*         0x0000000008011bda        0x2 
 .text.f_mount  0x0000000008011bdc       0xc8 Middlewares/Third_Party/FatFs/src/ff.o
                0x0000000008011bdc                f_mount
 .text.f_open   0x0000000008011ca4      0x38a Middlewares/Third_Party/FatFs/src/ff.o
                0x0000000008011ca4                f_open
 .text.f_read   0x000000000801202e      0x2dc Middlewares/Third_Party/FatFs/src/ff.o
                0x000000000801202e                f_read
 .text.f_write  0x000000000801230a      0x348 Middlewares/Third_Party/FatFs/src/ff.o
                0x000000000801230a                f_write
 .text.f_sync   0x0000000008012652      0x112 Middlewares/Third_Party/FatFs/src/ff.o
                0x0000000008012652                f_sync
 .text.f_close  0x0000000008012764       0x5e Middlewares/Third_Party/FatFs/src/ff.o
                0x0000000008012764                f_close
 .text.f_chdir  0x00000000080127c2       0xa2 Middlewares/Third_Party/FatFs/src/ff.o
                0x00000000080127c2                f_chdir
 .text.f_lseek  0x0000000008012864      0x4a6 Middlewares/Third_Party/FatFs/src/ff.o
                0x0000000008012864                f_lseek
 .text.f_opendir
                0x0000000008012d0a       0xf2 Middlewares/Third_Party/FatFs/src/ff.o
                0x0000000008012d0a                f_opendir
 .text.f_closedir
                0x0000000008012dfc       0x56 Middlewares/Third_Party/FatFs/src/ff.o
                0x0000000008012dfc                f_closedir
 .text.f_mkdir  0x0000000008012e52      0x236 Middlewares/Third_Party/FatFs/src/ff.o
                0x0000000008012e52                f_mkdir
 .text.f_mkfs   0x0000000008013088      0x858 Middlewares/Third_Party/FatFs/src/ff.o
                0x0000000008013088                f_mkfs
 .text.FATFS_LinkDriverEx
                0x00000000080138e0       0x98 Middlewares/Third_Party/FatFs/src/ff_gen_drv.o
                0x00000000080138e0                FATFS_LinkDriverEx
 .text.FATFS_LinkDriver
                0x0000000008013978       0x1e Middlewares/Third_Party/FatFs/src/ff_gen_drv.o
                0x0000000008013978                FATFS_LinkDriver
 .text.ff_cre_syncobj
                0x0000000008013996       0x40 Middlewares/Third_Party/FatFs/src/option/syscall.o
                0x0000000008013996                ff_cre_syncobj
 .text.ff_del_syncobj
                0x00000000080139d6       0x18 Middlewares/Third_Party/FatFs/src/option/syscall.o
                0x00000000080139d6                ff_del_syncobj
 .text.ff_req_grant
                0x00000000080139ee       0x2a Middlewares/Third_Party/FatFs/src/option/syscall.o
                0x00000000080139ee                ff_req_grant
 .text.ff_rel_grant
                0x0000000008013a18       0x16 Middlewares/Third_Party/FatFs/src/option/syscall.o
                0x0000000008013a18                ff_rel_grant
 .text.makeFreeRtosPriority
                0x0000000008013a2e       0x30 Middlewares/Third_Party/FreeRTOS/Source/CMSIS_RTOS/cmsis_os.o
 .text.inHandlerMode
                0x0000000008013a5e       0x24 Middlewares/Third_Party/FreeRTOS/Source/CMSIS_RTOS/cmsis_os.o
 .text.osKernelStart
                0x0000000008013a82        0xe Middlewares/Third_Party/FreeRTOS/Source/CMSIS_RTOS/cmsis_os.o
                0x0000000008013a82                osKernelStart
 .text.osKernelRunning
                0x0000000008013a90       0x18 Middlewares/Third_Party/FreeRTOS/Source/CMSIS_RTOS/cmsis_os.o
                0x0000000008013a90                osKernelRunning
 .text.osKernelSysTick
                0x0000000008013aa8       0x20 Middlewares/Third_Party/FreeRTOS/Source/CMSIS_RTOS/cmsis_os.o
                0x0000000008013aa8                osKernelSysTick
 .text.osThreadCreate
                0x0000000008013ac8       0x98 Middlewares/Third_Party/FreeRTOS/Source/CMSIS_RTOS/cmsis_os.o
                0x0000000008013ac8                osThreadCreate
 .text.osDelay  0x0000000008013b60       0x28 Middlewares/Third_Party/FreeRTOS/Source/CMSIS_RTOS/cmsis_os.o
                0x0000000008013b60                osDelay
 .text.osMutexCreate
                0x0000000008013b88       0x30 Middlewares/Third_Party/FreeRTOS/Source/CMSIS_RTOS/cmsis_os.o
                0x0000000008013b88                osMutexCreate
 .text.osSemaphoreCreate
                0x0000000008013bb8       0x64 Middlewares/Third_Party/FreeRTOS/Source/CMSIS_RTOS/cmsis_os.o
                0x0000000008013bb8                osSemaphoreCreate
 .text.osSemaphoreWait
                0x0000000008013c1c       0x9c Middlewares/Third_Party/FreeRTOS/Source/CMSIS_RTOS/cmsis_os.o
                0x0000000008013c1c                osSemaphoreWait
 .text.osSemaphoreRelease
                0x0000000008013cb8       0x6c Middlewares/Third_Party/FreeRTOS/Source/CMSIS_RTOS/cmsis_os.o
                0x0000000008013cb8                osSemaphoreRelease
 .text.osSemaphoreDelete
                0x0000000008013d24       0x26 Middlewares/Third_Party/FreeRTOS/Source/CMSIS_RTOS/cmsis_os.o
                0x0000000008013d24                osSemaphoreDelete
 .text.osMessageCreate
                0x0000000008013d4a       0x50 Middlewares/Third_Party/FreeRTOS/Source/CMSIS_RTOS/cmsis_os.o
                0x0000000008013d4a                osMessageCreate
 *fill*         0x0000000008013d9a        0x2 
 .text.osMessagePut
                0x0000000008013d9c       0x80 Middlewares/Third_Party/FreeRTOS/Source/CMSIS_RTOS/cmsis_os.o
                0x0000000008013d9c                osMessagePut
 .text.osMessageGet
                0x0000000008013e1c       0xe8 Middlewares/Third_Party/FreeRTOS/Source/CMSIS_RTOS/cmsis_os.o
                0x0000000008013e1c                osMessageGet
 .text.vListInitialise
                0x0000000008013f04       0x40 Middlewares/Third_Party/FreeRTOS/Source/list.o
                0x0000000008013f04                vListInitialise
 .text.vListInitialiseItem
                0x0000000008013f44       0x1a Middlewares/Third_Party/FreeRTOS/Source/list.o
                0x0000000008013f44                vListInitialiseItem
 .text.vListInsertEnd
                0x0000000008013f5e       0x48 Middlewares/Third_Party/FreeRTOS/Source/list.o
                0x0000000008013f5e                vListInsertEnd
 .text.vListInsert
                0x0000000008013fa6       0x72 Middlewares/Third_Party/FreeRTOS/Source/list.o
                0x0000000008013fa6                vListInsert
 .text.uxListRemove
                0x0000000008014018       0x54 Middlewares/Third_Party/FreeRTOS/Source/list.o
                0x0000000008014018                uxListRemove
 .text.xQueueGenericReset
                0x000000000801406c       0xd4 Middlewares/Third_Party/FreeRTOS/Source/queue.o
                0x000000000801406c                xQueueGenericReset
 .text.xQueueGenericCreateStatic
                0x0000000008014140      0x104 Middlewares/Third_Party/FreeRTOS/Source/queue.o
                0x0000000008014140                xQueueGenericCreateStatic
 .text.xQueueGenericCreate
                0x0000000008014244       0x84 Middlewares/Third_Party/FreeRTOS/Source/queue.o
                0x0000000008014244                xQueueGenericCreate
 .text.prvInitialiseNewQueue
                0x00000000080142c8       0x3e Middlewares/Third_Party/FreeRTOS/Source/queue.o
 .text.prvInitialiseMutex
                0x0000000008014306       0x34 Middlewares/Third_Party/FreeRTOS/Source/queue.o
 .text.xQueueCreateMutex
                0x000000000801433a       0x30 Middlewares/Third_Party/FreeRTOS/Source/queue.o
                0x000000000801433a                xQueueCreateMutex
 .text.xQueueCreateMutexStatic
                0x000000000801436a       0x36 Middlewares/Third_Party/FreeRTOS/Source/queue.o
                0x000000000801436a                xQueueCreateMutexStatic
 .text.xQueueGenericSend
                0x00000000080143a0      0x20c Middlewares/Third_Party/FreeRTOS/Source/queue.o
                0x00000000080143a0                xQueueGenericSend
 .text.xQueueGenericSendFromISR
                0x00000000080145ac      0x140 Middlewares/Third_Party/FreeRTOS/Source/queue.o
                0x00000000080145ac                xQueueGenericSendFromISR
 .text.xQueueGiveFromISR
                0x00000000080146ec      0x12a Middlewares/Third_Party/FreeRTOS/Source/queue.o
                0x00000000080146ec                xQueueGiveFromISR
 *fill*         0x0000000008014816        0x2 
 .text.xQueueReceive
                0x0000000008014818      0x1cc Middlewares/Third_Party/FreeRTOS/Source/queue.o
                0x0000000008014818                xQueueReceive
 .text.xQueueSemaphoreTake
                0x00000000080149e4      0x228 Middlewares/Third_Party/FreeRTOS/Source/queue.o
                0x00000000080149e4                xQueueSemaphoreTake
 .text.xQueueReceiveFromISR
                0x0000000008014c0c      0x10c Middlewares/Third_Party/FreeRTOS/Source/queue.o
                0x0000000008014c0c                xQueueReceiveFromISR
 .text.vQueueDelete
                0x0000000008014d18       0x4a Middlewares/Third_Party/FreeRTOS/Source/queue.o
                0x0000000008014d18                vQueueDelete
 .text.prvGetDisinheritPriorityAfterTimeout
                0x0000000008014d62       0x30 Middlewares/Third_Party/FreeRTOS/Source/queue.o
 .text.prvCopyDataToQueue
                0x0000000008014d92       0xd4 Middlewares/Third_Party/FreeRTOS/Source/queue.o
 .text.prvCopyDataFromQueue
                0x0000000008014e66       0x4c Middlewares/Third_Party/FreeRTOS/Source/queue.o
 .text.prvUnlockQueue
                0x0000000008014eb2       0xa4 Middlewares/Third_Party/FreeRTOS/Source/queue.o
 .text.prvIsQueueEmpty
                0x0000000008014f56       0x2c Middlewares/Third_Party/FreeRTOS/Source/queue.o
 .text.prvIsQueueFull
                0x0000000008014f82       0x30 Middlewares/Third_Party/FreeRTOS/Source/queue.o
 *fill*         0x0000000008014fb2        0x2 
 .text.vQueueUnregisterQueue
                0x0000000008014fb4       0x54 Middlewares/Third_Party/FreeRTOS/Source/queue.o
                0x0000000008014fb4                vQueueUnregisterQueue
 .text.xTaskCreateStatic
                0x0000000008015008       0xc6 Middlewares/Third_Party/FreeRTOS/Source/tasks.o
                0x0000000008015008                xTaskCreateStatic
 .text.xTaskCreate
                0x00000000080150ce       0x8a Middlewares/Third_Party/FreeRTOS/Source/tasks.o
                0x00000000080150ce                xTaskCreate
 .text.prvInitialiseNewTask
                0x0000000008015158      0x122 Middlewares/Third_Party/FreeRTOS/Source/tasks.o
 *fill*         0x000000000801527a        0x2 
 .text.prvAddNewTaskToReadyList
                0x000000000801527c       0xd4 Middlewares/Third_Party/FreeRTOS/Source/tasks.o
 .text.vTaskDelete
                0x0000000008015350      0x124 Middlewares/Third_Party/FreeRTOS/Source/tasks.o
                0x0000000008015350                vTaskDelete
 .text.vTaskDelay
                0x0000000008015474       0x6c Middlewares/Third_Party/FreeRTOS/Source/tasks.o
                0x0000000008015474                vTaskDelay
 .text.vTaskSuspend
                0x00000000080154e0      0x128 Middlewares/Third_Party/FreeRTOS/Source/tasks.o
                0x00000000080154e0                vTaskSuspend
 .text.prvTaskIsTaskSuspended
                0x0000000008015608       0x68 Middlewares/Third_Party/FreeRTOS/Source/tasks.o
 .text.vTaskResume
                0x0000000008015670       0xc0 Middlewares/Third_Party/FreeRTOS/Source/tasks.o
                0x0000000008015670                vTaskResume
 .text.vTaskStartScheduler
                0x0000000008015730       0xc8 Middlewares/Third_Party/FreeRTOS/Source/tasks.o
                0x0000000008015730                vTaskStartScheduler
 .text.vTaskSuspendAll
                0x00000000080157f8       0x1c Middlewares/Third_Party/FreeRTOS/Source/tasks.o
                0x00000000080157f8                vTaskSuspendAll
 .text.xTaskResumeAll
                0x0000000008015814      0x13c Middlewares/Third_Party/FreeRTOS/Source/tasks.o
                0x0000000008015814                xTaskResumeAll
 .text.xTaskGetTickCount
                0x0000000008015950       0x20 Middlewares/Third_Party/FreeRTOS/Source/tasks.o
                0x0000000008015950                xTaskGetTickCount
 .text.xTaskGetTickCountFromISR
                0x0000000008015970       0x24 Middlewares/Third_Party/FreeRTOS/Source/tasks.o
                0x0000000008015970                xTaskGetTickCountFromISR
 .text.xTaskIncrementTick
                0x0000000008015994      0x174 Middlewares/Third_Party/FreeRTOS/Source/tasks.o
                0x0000000008015994                xTaskIncrementTick
 .text.vTaskSwitchContext
                0x0000000008015b08      0x104 Middlewares/Third_Party/FreeRTOS/Source/tasks.o
                0x0000000008015b08                vTaskSwitchContext
 .text.vTaskPlaceOnEventList
                0x0000000008015c0c       0x4c Middlewares/Third_Party/FreeRTOS/Source/tasks.o
                0x0000000008015c0c                vTaskPlaceOnEventList
 .text.xTaskRemoveFromEventList
                0x0000000008015c58       0xc8 Middlewares/Third_Party/FreeRTOS/Source/tasks.o
                0x0000000008015c58                xTaskRemoveFromEventList
 .text.vTaskInternalSetTimeOutState
                0x0000000008015d20       0x2c Middlewares/Third_Party/FreeRTOS/Source/tasks.o
                0x0000000008015d20                vTaskInternalSetTimeOutState
 .text.xTaskCheckForTimeOut
                0x0000000008015d4c       0xcc Middlewares/Third_Party/FreeRTOS/Source/tasks.o
                0x0000000008015d4c                xTaskCheckForTimeOut
 .text.vTaskMissedYield
                0x0000000008015e18       0x18 Middlewares/Third_Party/FreeRTOS/Source/tasks.o
                0x0000000008015e18                vTaskMissedYield
 .text.prvIdleTask
                0x0000000008015e30       0x30 Middlewares/Third_Party/FreeRTOS/Source/tasks.o
 .text.prvInitialiseTaskLists
                0x0000000008015e60       0x80 Middlewares/Third_Party/FreeRTOS/Source/tasks.o
 .text.prvCheckTasksWaitingTermination
                0x0000000008015ee0       0x5c Middlewares/Third_Party/FreeRTOS/Source/tasks.o
 .text.prvDeleteTCB
                0x0000000008015f3c       0x62 Middlewares/Third_Party/FreeRTOS/Source/tasks.o
 *fill*         0x0000000008015f9e        0x2 
 .text.prvResetNextTaskUnblockTime
                0x0000000008015fa0       0x40 Middlewares/Third_Party/FreeRTOS/Source/tasks.o
 .text.xTaskGetSchedulerState
                0x0000000008015fe0       0x3c Middlewares/Third_Party/FreeRTOS/Source/tasks.o
                0x0000000008015fe0                xTaskGetSchedulerState
 .text.xTaskPriorityInherit
                0x000000000801601c      0x100 Middlewares/Third_Party/FreeRTOS/Source/tasks.o
                0x000000000801601c                xTaskPriorityInherit
 .text.xTaskPriorityDisinherit
                0x000000000801611c      0x114 Middlewares/Third_Party/FreeRTOS/Source/tasks.o
                0x000000000801611c                xTaskPriorityDisinherit
 .text.vTaskPriorityDisinheritAfterTimeout
                0x0000000008016230      0x13c Middlewares/Third_Party/FreeRTOS/Source/tasks.o
                0x0000000008016230                vTaskPriorityDisinheritAfterTimeout
 .text.pvTaskIncrementMutexHeldCount
                0x000000000801636c       0x28 Middlewares/Third_Party/FreeRTOS/Source/tasks.o
                0x000000000801636c                pvTaskIncrementMutexHeldCount
 .text.prvAddCurrentTaskToDelayedList
                0x0000000008016394       0xcc Middlewares/Third_Party/FreeRTOS/Source/tasks.o
 .text.pxPortInitialiseStack
                0x0000000008016460       0x68 Middlewares/Third_Party/FreeRTOS/Source/portable/GCC/ARM_CM7/r0p1/port.o
                0x0000000008016460                pxPortInitialiseStack
 .text.prvTaskExitError
                0x00000000080164c8       0x60 Middlewares/Third_Party/FreeRTOS/Source/portable/GCC/ARM_CM7/r0p1/port.o
 *fill*         0x0000000008016528        0x8 
 .text.SVC_Handler
                0x0000000008016530       0x28 Middlewares/Third_Party/FreeRTOS/Source/portable/GCC/ARM_CM7/r0p1/port.o
                0x0000000008016530                SVC_Handler
 .text.prvPortStartFirstTask
                0x0000000008016558       0x28 Middlewares/Third_Party/FreeRTOS/Source/portable/GCC/ARM_CM7/r0p1/port.o
 .text.xPortStartScheduler
                0x0000000008016580       0xfc Middlewares/Third_Party/FreeRTOS/Source/portable/GCC/ARM_CM7/r0p1/port.o
                0x0000000008016580                xPortStartScheduler
 .text.vPortEnterCritical
                0x000000000801667c       0x68 Middlewares/Third_Party/FreeRTOS/Source/portable/GCC/ARM_CM7/r0p1/port.o
                0x000000000801667c                vPortEnterCritical
 .text.vPortExitCritical
                0x00000000080166e4       0x58 Middlewares/Third_Party/FreeRTOS/Source/portable/GCC/ARM_CM7/r0p1/port.o
                0x00000000080166e4                vPortExitCritical
 *fill*         0x000000000801673c        0x4 
 .text.PendSV_Handler
                0x0000000008016740       0x68 Middlewares/Third_Party/FreeRTOS/Source/portable/GCC/ARM_CM7/r0p1/port.o
                0x0000000008016740                PendSV_Handler
 .text.SysTick_Handler
                0x00000000080167a8       0x48 Middlewares/Third_Party/FreeRTOS/Source/portable/GCC/ARM_CM7/r0p1/port.o
                0x00000000080167a8                SysTick_Handler
 .text.vPortSetupTimerInterrupt
                0x00000000080167f0       0x48 Middlewares/Third_Party/FreeRTOS/Source/portable/GCC/ARM_CM7/r0p1/port.o
                0x00000000080167f0                vPortSetupTimerInterrupt
 .text.vPortEnableVFP
                0x0000000008016838       0x14 Middlewares/Third_Party/FreeRTOS/Source/portable/GCC/ARM_CM7/r0p1/port.o
 .text.vPortValidateInterruptPriority
                0x000000000801684c       0x88 Middlewares/Third_Party/FreeRTOS/Source/portable/GCC/ARM_CM7/r0p1/port.o
                0x000000000801684c                vPortValidateInterruptPriority
 .text.pvPortMalloc
                0x00000000080168d4      0x1a0 Middlewares/Third_Party/FreeRTOS/Source/portable/MemMang/heap_4.o
                0x00000000080168d4                pvPortMalloc
 .text.vPortFree