Archive member included to satisfy reference by file (symbol)

c:/st/stm32cubeide_1.5.1/stm32cubeide/plugins/com.st.stm32cube.ide.mcu.externaltools.gnu-tools-for-stm32.9-2020-q2-update.win32_1.5.0.202011040924/tools/bin/../lib/gcc/arm-none-eabi/9.3.1/../../../../arm-none-eabi/lib/thumb/v7e-m+fp/hard\libc_nano.a(lib_a-errno.o)
                              Core/Src/syscalls.o (__errno)
c:/st/stm32cubeide_1.5.1/stm32cubeide/plugins/com.st.stm32cube.ide.mcu.externaltools.gnu-tools-for-stm32.9-2020-q2-update.win32_1.5.0.202011040924/tools/bin/../lib/gcc/arm-none-eabi/9.3.1/../../../../arm-none-eabi/lib/thumb/v7e-m+fp/hard\libc_nano.a(lib_a-exit.o)
                              c:/st/stm32cubeide_1.5.1/stm32cubeide/plugins/com.st.stm32cube.ide.mcu.externaltools.gnu-tools-for-stm32.9-2020-q2-update.win32_1.5.0.202011040924/tools/bin/../lib/gcc/arm-none-eabi/9.3.1/../../../../arm-none-eabi/lib/thumb/v7e-m+fp/hard/crt0.o (exit)
c:/st/stm32cubeide_1.5.1/stm32cubeide/plugins/com.st.stm32cube.ide.mcu.externaltools.gnu-tools-for-stm32.9-2020-q2-update.win32_1.5.0.202011040924/tools/bin/../lib/gcc/arm-none-eabi/9.3.1/../../../../arm-none-eabi/lib/thumb/v7e-m+fp/hard\libc_nano.a(lib_a-impure.o)
                              c:/st/stm32cubeide_1.5.1/stm32cubeide/plugins/com.st.stm32cube.ide.mcu.externaltools.gnu-tools-for-stm32.9-2020-q2-update.win32_1.5.0.202011040924/tools/bin/../lib/gcc/arm-none-eabi/9.3.1/../../../../arm-none-eabi/lib/thumb/v7e-m+fp/hard\libc_nano.a(lib_a-exit.o) (_global_impure_ptr)
c:/st/stm32cubeide_1.5.1/stm32cubeide/plugins/com.st.stm32cube.ide.mcu.externaltools.gnu-tools-for-stm32.9-2020-q2-update.win32_1.5.0.202011040924/tools/bin/../lib/gcc/arm-none-eabi/9.3.1/../../../../arm-none-eabi/lib/thumb/v7e-m+fp/hard\libc_nano.a(lib_a-init.o)
                              c:/st/stm32cubeide_1.5.1/stm32cubeide/plugins/com.st.stm32cube.ide.mcu.externaltools.gnu-tools-for-stm32.9-2020-q2-update.win32_1.5.0.202011040924/tools/bin/../lib/gcc/arm-none-eabi/9.3.1/../../../../arm-none-eabi/lib/thumb/v7e-m+fp/hard/crt0.o (__libc_init_array)
c:/st/stm32cubeide_1.5.1/stm32cubeide/plugins/com.st.stm32cube.ide.mcu.externaltools.gnu-tools-for-stm32.9-2020-q2-update.win32_1.5.0.202011040924/tools/bin/../lib/gcc/arm-none-eabi/9.3.1/../../../../arm-none-eabi/lib/thumb/v7e-m+fp/hard\libc_nano.a(lib_a-memcpy-stub.o)
                              Middlewares/Third_Party/FreeRTOS/Source/queue.o (memcpy)
c:/st/stm32cubeide_1.5.1/stm32cubeide/plugins/com.st.stm32cube.ide.mcu.externaltools.gnu-tools-for-stm32.9-2020-q2-update.win32_1.5.0.202011040924/tools/bin/../lib/gcc/arm-none-eabi/9.3.1/../../../../arm-none-eabi/lib/thumb/v7e-m+fp/hard\libc_nano.a(lib_a-memset.o)
                              c:/st/stm32cubeide_1.5.1/stm32cubeide/plugins/com.st.stm32cube.ide.mcu.externaltools.gnu-tools-for-stm32.9-2020-q2-update.win32_1.5.0.202011040924/tools/bin/../lib/gcc/arm-none-eabi/9.3.1/../../../../arm-none-eabi/lib/thumb/v7e-m+fp/hard/crt0.o (memset)
c:/st/stm32cubeide_1.5.1/stm32cubeide/plugins/com.st.stm32cube.ide.mcu.externaltools.gnu-tools-for-stm32.9-2020-q2-update.win32_1.5.0.202011040924/tools/bin/../lib/gcc/arm-none-eabi/9.3.1/../../../../arm-none-eabi/lib/thumb/v7e-m+fp/hard\libc_nano.a(lib_a-strlen.o)
                              Core/Src/main.o (strlen)
c:/st/stm32cubeide_1.5.1/stm32cubeide/plugins/com.st.stm32cube.ide.mcu.externaltools.gnu-tools-for-stm32.9-2020-q2-update.win32_1.5.0.202011040924/tools/bin/../lib/gcc/arm-none-eabi/9.3.1/thumb/v7e-m+fp/hard\libgcc.a(_aeabi_uldivmod.o)
                              Drivers/STM32F7xx_HAL_Driver/Src/stm32f7xx_hal_rcc.o (__aeabi_uldivmod)
c:/st/stm32cubeide_1.5.1/stm32cubeide/plugins/com.st.stm32cube.ide.mcu.externaltools.gnu-tools-for-stm32.9-2020-q2-update.win32_1.5.0.202011040924/tools/bin/../lib/gcc/arm-none-eabi/9.3.1/thumb/v7e-m+fp/hard\libgcc.a(_udivmoddi4.o)
                              c:/st/stm32cubeide_1.5.1/stm32cubeide/plugins/com.st.stm32cube.ide.mcu.externaltools.gnu-tools-for-stm32.9-2020-q2-update.win32_1.5.0.202011040924/tools/bin/../lib/gcc/arm-none-eabi/9.3.1/thumb/v7e-m+fp/hard\libgcc.a(_aeabi_uldivmod.o) (__udivmoddi4)
c:/st/stm32cubeide_1.5.1/stm32cubeide/plugins/com.st.stm32cube.ide.mcu.externaltools.gnu-tools-for-stm32.9-2020-q2-update.win32_1.5.0.202011040924/tools/bin/../lib/gcc/arm-none-eabi/9.3.1/thumb/v7e-m+fp/hard\libgcc.a(_dvmd_tls.o)
                              c:/st/stm32cubeide_1.5.1/stm32cubeide/plugins/com.st.stm32cube.ide.mcu.externaltools.gnu-tools-for-stm32.9-2020-q2-update.win32_1.5.0.202011040924/tools/bin/../lib/gcc/arm-none-eabi/9.3.1/thumb/v7e-m+fp/hard\libgcc.a(_aeabi_uldivmod.o) (__aeabi_ldiv0)

Allocating common symbols
Common symbol       size              file

hsai_BlockB2        0x84              Core/Src/main.o
sdramHandle         0x34              Core/Src/stm32746g_discovery_sdram.o
retSD               0x1               FATFS/App/fatfs.o
defaultTaskHandle   0x4               Core/Src/main.o
[...]
Memory Configuration

Name             Origin             Length             Attributes
RAM              0x0000000020000000 0x0000000000050000 xrw
FLASH            0x0000000008000000 0x0000000000100000 xr
*default*        0x0000000000000000 0xffffffffffffffff

Linker script and memory map

LOAD c:/st/stm32cubeide_1.5.1/stm32cubeide/plugins/com.st.stm32cube.ide.mcu.externaltools.gnu-tools-for-stm32.9-2020-q2-update.win32_1.5.0.202011040924/tools/bin/../lib/gcc/arm-none-eabi/9.3.1/thumb/v7e-m+fp/hard/crti.o
LOAD c:/st/stm32cubeide_1.5.1/stm32cubeide/plugins/com.st.stm32cube.ide.mcu.externaltools.gnu-tools-for-stm32.9-2020-q2-update.win32_1.5.0.202011040924/tools/bin/../lib/gcc/arm-none-eabi/9.3.1/thumb/v7e-m+fp/hard/crtbegin.o
LOAD c:/st/stm32cubeide_1.5.1/stm32cubeide/plugins/com.st.stm32cube.ide.mcu.externaltools.gnu-tools-for-stm32.9-2020-q2-update.win32_1.5.0.202011040924/tools/bin/../lib/gcc/arm-none-eabi/9.3.1/../../../../arm-none-eabi/lib/thumb/v7e-m+fp/hard/crt0.o
LOAD Core/Src/freertos.o
LOAD Core/Src/ft5336.o
LOAD Core/Src/main.o
LOAD Core/Src/stm32746g_discovery.o
LOAD Core/Src/stm32746g_discovery_audio.o
LOAD Core/Src/stm32746g_discovery_lcd.o
LOAD Core/Src/stm32746g_discovery_sdram.o
LOAD Core/Src/stm32746g_discovery_ts.o
LOAD Core/Src/stm32f7xx_hal_msp.o
LOAD Core/Src/stm32f7xx_hal_timebase_tim.o
LOAD Core/Src/stm32f7xx_it.o
LOAD Core/Src/syscalls.o
LOAD Core/Src/sysmem.o
LOAD Core/Src/system_stm32f7xx.o
LOAD Core/Src/wm8994.o
LOAD Core/Startup/startup_stm32f746nghx.o
LOAD Drivers/STM32F7xx_HAL_Driver/Src/stm32f7xx_hal.o
LOAD Drivers/STM32F7xx_HAL_Driver/Src/stm32f7xx_hal_cortex.o
LOAD Drivers/STM32F7xx_HAL_Driver/Src/stm32f7xx_hal_dma.o
LOAD Drivers/STM32F7xx_HAL_Driver/Src/stm32f7xx_hal_dma2d.o
LOAD Drivers/STM32F7xx_HAL_Driver/Src/stm32f7xx_hal_dma_ex.o
LOAD Drivers/STM32F7xx_HAL_Driver/Src/stm32f7xx_hal_dsi.o
LOAD Drivers/STM32F7xx_HAL_Driver/Src/stm32f7xx_hal_exti.o
LOAD Drivers/STM32F7xx_HAL_Driver/Src/stm32f7xx_hal_flash.o
LOAD Drivers/STM32F7xx_HAL_Driver/Src/stm32f7xx_hal_flash_ex.o
LOAD Drivers/STM32F7xx_HAL_Driver/Src/stm32f7xx_hal_gpio.o
LOAD Drivers/STM32F7xx_HAL_Driver/Src/stm32f7xx_hal_i2c.o
LOAD Drivers/STM32F7xx_HAL_Driver/Src/stm32f7xx_hal_i2c_ex.o
LOAD Drivers/STM32F7xx_HAL_Driver/Src/stm32f7xx_hal_ltdc.o
LOAD Drivers/STM32F7xx_HAL_Driver/Src/stm32f7xx_hal_ltdc_ex.o
LOAD Drivers/STM32F7xx_HAL_Driver/Src/stm32f7xx_hal_pwr.o
LOAD Drivers/STM32F7xx_HAL_Driver/Src/stm32f7xx_hal_pwr_ex.o
LOAD Drivers/STM32F7xx_HAL_Driver/Src/stm32f7xx_hal_rcc.o
LOAD Drivers/STM32F7xx_HAL_Driver/Src/stm32f7xx_hal_rcc_ex.o
LOAD Drivers/STM32F7xx_HAL_Driver/Src/stm32f7xx_hal_sai.o
LOAD Drivers/STM32F7xx_HAL_Driver/Src/stm32f7xx_hal_sai_ex.o
LOAD Drivers/STM32F7xx_HAL_Driver/Src/stm32f7xx_hal_sd.o
LOAD Drivers/STM32F7xx_HAL_Driver/Src/stm32f7xx_hal_sdram.o
LOAD Drivers/STM32F7xx_HAL_Driver/Src/stm32f7xx_hal_tim.o
LOAD Drivers/STM32F7xx_HAL_Driver/Src/stm32f7xx_hal_tim_ex.o
LOAD Drivers/STM32F7xx_HAL_Driver/Src/stm32f7xx_hal_uart.o
LOAD Drivers/STM32F7xx_HAL_Driver/Src/stm32f7xx_hal_uart_ex.o
LOAD Drivers/STM32F7xx_HAL_Driver/Src/stm32f7xx_ll_fmc.o
LOAD Drivers/STM32F7xx_HAL_Driver/Src/stm32f7xx_ll_sdmmc.o
LOAD FATFS/App/fatfs.o
LOAD FATFS/Target/bsp_driver_sd.o
LOAD FATFS/Target/fatfs_platform.o
LOAD FATFS/Target/sd_diskio.o
LOAD Middlewares/Third_Party/FatFs/src/diskio.o
LOAD Middlewares/Third_Party/FatFs/src/ff.o
LOAD Middlewares/Third_Party/FatFs/src/ff_gen_drv.o
LOAD Middlewares/Third_Party/FatFs/src/option/syscall.o
LOAD Middlewares/Third_Party/FreeRTOS/Source/CMSIS_RTOS/cmsis_os.o
LOAD Middlewares/Third_Party/FreeRTOS/Source/croutine.o
LOAD Middlewares/Third_Party/FreeRTOS/Source/event_groups.o
LOAD Middlewares/Third_Party/FreeRTOS/Source/list.o
LOAD Middlewares/Third_Party/FreeRTOS/Source/queue.o
LOAD Middlewares/Third_Party/FreeRTOS/Source/stream_buffer.o
LOAD Middlewares/Third_Party/FreeRTOS/Source/tasks.o
LOAD Middlewares/Third_Party/FreeRTOS/Source/timers.o
LOAD Middlewares/Third_Party/FreeRTOS/Source/portable/GCC/ARM_CM7/r0p1/port.o
LOAD Middlewares/Third_Party/FreeRTOS/Source/portable/MemMang/heap_4.o
START GROUP
LOAD c:/st/stm32cubeide_1.5.1/stm32cubeide/plugins/com.st.stm32cube.ide.mcu.externaltools.gnu-tools-for-stm32.9-2020-q2-update.win32_1.5.0.202011040924/tools/bin/../lib/gcc/arm-none-eabi/9.3.1/../../../../arm-none-eabi/lib/thumb/v7e-m+fp/hard\libc_nano.a
LOAD c:/st/stm32cubeide_1.5.1/stm32cubeide/plugins/com.st.stm32cube.ide.mcu.externaltools.gnu-tools-for-stm32.9-2020-q2-update.win32_1.5.0.202011040924/tools/bin/../lib/gcc/arm-none-eabi/9.3.1/../../../../arm-none-eabi/lib/thumb/v7e-m+fp/hard\libm.a
END GROUP
START GROUP
LOAD c:/st/stm32cubeide_1.5.1/stm32cubeide/plugins/com.st.stm32cube.ide.mcu.externaltools.gnu-tools-for-stm32.9-2020-q2-update.win32_1.5.0.202011040924/tools/bin/../lib/gcc/arm-none-eabi/9.3.1/thumb/v7e-m+fp/hard\libgcc.a
LOAD c:/st/stm32cubeide_1.5.1/stm32cubeide/plugins/com.st.stm32cube.ide.mcu.externaltools.gnu-tools-for-stm32.9-2020-q2-update.win32_1.5.0.202011040924/tools/bin/../lib/gcc/arm-none-eabi/9.3.1/../../../../arm-none-eabi/lib/thumb/v7e-m+fp/hard\libc_nano.a
END GROUP
START GROUP
LOAD c:/st/stm32cubeide_1.5.1/stm32cubeide/plugins/com.st.stm32cube.ide.mcu.externaltools.gnu-tools-for-stm32.9-2020-q2-update.win32_1.5.0.202011040924/tools/bin/../lib/gcc/arm-none-eabi/9.3.1/thumb/v7e-m+fp/hard\libgcc.a
LOAD c:/st/stm32cubeide_1.5.1/stm32cubeide/plugins/com.st.stm32cube.ide.mcu.externaltools.gnu-tools-for-stm32.9-2020-q2-update.win32_1.5.0.202011040924/tools/bin/../lib/gcc/arm-none-eabi/9.3.1/../../../../arm-none-eabi/lib/thumb/v7e-m+fp/hard\libc_nano.a
LOAD c:/st/stm32cubeide_1.5.1/stm32cubeide/plugins/com.st.stm32cube.ide.mcu.externaltools.gnu-tools-for-stm32.9-2020-q2-update.win32_1.5.0.202011040924/tools/bin/../lib/gcc/arm-none-eabi/9.3.1/../../../../arm-none-eabi/lib/thumb/v7e-m+fp/hard\libnosys.a
END GROUP
START GROUP
LOAD c:/st/stm32cubeide_1.5.1/stm32cubeide/plugins/com.st.stm32cube.ide.mcu.externaltools.gnu-tools-for-stm32.9-2020-q2-update.win32_1.5.0.202011040924/tools/bin/../lib/gcc/arm-none-eabi/9.3.1/thumb/v7e-m+fp/hard\libgcc.a
LOAD c:/st/stm32cubeide_1.5.1/stm32cubeide/plugins/com.st.stm32cube.ide.mcu.externaltools.gnu-tools-for-stm32.9-2020-q2-update.win32_1.5.0.202011040924/tools/bin/../lib/gcc/arm-none-eabi/9.3.1/../../../../arm-none-eabi/lib/thumb/v7e-m+fp/hard\libc_nano.a
LOAD c:/st/stm32cubeide_1.5.1/stm32cubeide/plugins/com.st.stm32cube.ide.mcu.externaltools.gnu-tools-for-stm32.9-2020-q2-update.win32_1.5.0.202011040924/tools/bin/../lib/gcc/arm-none-eabi/9.3.1/../../../../arm-none-eabi/lib/thumb/v7e-m+fp/hard\libnosys.a
END GROUP
LOAD c:/st/stm32cubeide_1.5.1/stm32cubeide/plugins/com.st.stm32cube.ide.mcu.externaltools.gnu-tools-for-stm32.9-2020-q2-update.win32_1.5.0.202011040924/tools/bin/../lib/gcc/arm-none-eabi/9.3.1/thumb/v7e-m+fp/hard/crtend.o
LOAD c:/st/stm32cubeide_1.5.1/stm32cubeide/plugins/com.st.stm32cube.ide.mcu.externaltools.gnu-tools-for-stm32.9-2020-q2-update.win32_1.5.0.202011040924/tools/bin/../lib/gcc/arm-none-eabi/9.3.1/thumb/v7e-m+fp/hard/crtn.o
                0x0000000020050000                _estack = (ORIGIN (RAM) + LENGTH (RAM))
                0x0000000000000400                _Min_Heap_Size = 0x400
                0x0000000000000800                _Min_Stack_Size = 0x800

.isr_vector     0x0000000008000000      0x1c8
                0x0000000008000000                . = ALIGN (0x4)
 *(.isr_vector)
 .isr_vector    0x0000000008000000      0x1c8 Core/Startup/startup_stm32f746nghx.o
                0x0000000008000000                g_pfnVectors
                0x00000000080001c8                . = ALIGN (0x4)

.text           0x00000000080001d0    0x12e34
                0x00000000080001d0                . = ALIGN (0x4)
 *(.text)
 .text          0x00000000080001d0       0x40 c:/st/stm32cubeide_1.5.1/stm32cubeide/plugins/com.st.stm32cube.ide.mcu.externaltools.gnu-tools-for-stm32.9-2020-q2-update.win32_1.5.0.202011040924/tools/bin/../lib/gcc/arm-none-eabi/9.3.1/thumb/v7e-m+fp/hard/crtbegin.o
 .text          0x0000000008000210       0x10 c:/st/stm32cubeide_1.5.1/stm32cubeide/plugins/com.st.stm32cube.ide.mcu.externaltools.gnu-tools-for-stm32.9-2020-q2-update.win32_1.5.0.202011040924/tools/bin/../lib/gcc/arm-none-eabi/9.3.1/../../../../arm-none-eabi/lib/thumb/v7e-m+fp/hard\libc_nano.a(lib_a-strlen.o)
                0x0000000008000210                strlen
 .text          0x0000000008000220       0x30 c:/st/stm32cubeide_1.5.1/stm32cubeide/plugins/com.st.stm32cube.ide.mcu.externaltools.gnu-tools-for-stm32.9-2020-q2-update.win32_1.5.0.202011040924/tools/bin/../lib/gcc/arm-none-eabi/9.3.1/thumb/v7e-m+fp/hard\libgcc.a(_aeabi_uldivmod.o)
                0x0000000008000220                __aeabi_uldivmod
 .text          0x0000000008000250      0x2c4 c:/st/stm32cubeide_1.5.1/stm32cubeide/plugins/com.st.stm32cube.ide.mcu.externaltools.gnu-tools-for-stm32.9-2020-q2-update.win32_1.5.0.202011040924/tools/bin/../lib/gcc/arm-none-eabi/9.3.1/thumb/v7e-m+fp/hard\libgcc.a(_udivmoddi4.o)
                0x0000000008000250                __udivmoddi4
 .text          0x0000000008000514        0x4 c:/st/stm32cubeide_1.5.1/stm32cubeide/plugins/com.st.stm32cube.ide.mcu.externaltools.gnu-tools-for-stm32.9-2020-q2-update.win32_1.5.0.202011040924/tools/bin/../lib/gcc/arm-none-eabi/9.3.1/thumb/v7e-m+fp/hard\libgcc.a(_dvmd_tls.o)
                0x0000000008000514                __aeabi_idiv0
                0x0000000008000514                __aeabi_ldiv0
 *(.text*)
 .text.vApplicationIdleHook
                0x0000000008000518        0xe Core/Src/freertos.o
                0x0000000008000518                vApplicationIdleHook
 .text.vApplicationStackOverflowHook
                0x0000000008000526       0x16 Core/Src/freertos.o
                0x0000000008000526                vApplicationStackOverflowHook
 .text.vApplicationMallocFailedHook
                0x000000000800053c        0xe Core/Src/freertos.o
                0x000000000800053c                vApplicationMallocFailedHook
 *fill*         0x000000000800054a        0x2 
 .text.vApplicationGetIdleTaskMemory
                0x000000000800054c       0x34 Core/Src/freertos.o
                0x000000000800054c                vApplicationGetIdleTaskMemory
 .text.ft5336_Init
                0x0000000008000580       0x1c Core/Src/ft5336.o
                0x0000000008000580                ft5336_Init
 .text.ft5336_Reset
                0x000000000800059c       0x16 Core/Src/ft5336.o
                0x000000000800059c                ft5336_Reset
 .text.ft5336_ReadID
                0x00000000080005b2       0x5c Core/Src/ft5336.o
                0x00000000080005b2                ft5336_ReadID
 .text.ft5336_TS_Start
                0x000000000800060e       0x22 Core/Src/ft5336.o
                0x000000000800060e                ft5336_TS_Start
 .text.ft5336_TS_DetectTouch
                0x0000000008000630       0x54 Core/Src/ft5336.o
                0x0000000008000630                ft5336_TS_DetectTouch
 .text.ft5336_TS_GetXY
                0x0000000008000684      0x1e0 Core/Src/ft5336.o
                0x0000000008000684                ft5336_TS_GetXY
 .text.ft5336_TS_EnableIT
                0x0000000008000864       0x28 Core/Src/ft5336.o
                0x0000000008000864                ft5336_TS_EnableIT
 .text.ft5336_TS_DisableIT
                0x000000000800088c       0x28 Core/Src/ft5336.o
                0x000000000800088c                ft5336_TS_DisableIT
 .text.ft5336_TS_ITStatus
                0x00000000080008b4       0x18 Core/Src/ft5336.o
                0x00000000080008b4                ft5336_TS_ITStatus
 .text.ft5336_TS_ClearIT
                0x00000000080008cc       0x16 Core/Src/ft5336.o
                0x00000000080008cc                ft5336_TS_ClearIT
 *fill*         0x00000000080008e2        0x2 
 .text.ft5336_Get_I2C_InitializedStatus
                0x00000000080008e4       0x18 Core/Src/ft5336.o
 .text.ft5336_I2C_InitializeIfRequired
                0x00000000080008fc       0x20 Core/Src/ft5336.o
 .text.ft5336_TS_Configure
                0x000000000800091c       0x1c Core/Src/ft5336.o
 .text.SCB_EnableICache
                0x0000000008000938       0x4c Core/Src/main.o
 .text.SCB_EnableDCache
                0x0000000008000984       0x88 Core/Src/main.o
 .text.RL_sep   0x0000000008000a0c       0x80 Core/Src/main.o
                0x0000000008000a0c                RL_sep
 .text.treatment
                0x0000000008000a8c       0x54 Core/Src/main.o
                0x0000000008000a8c                treatment
 .text.RL_cat2  0x0000000008000ae0       0x7c Core/Src/main.o
                0x0000000008000ae0                RL_cat2
 .text.main     0x0000000008000b5c      0x1b0 Core/Src/main.o
                0x0000000008000b5c                main
 .text.SystemClock_Config
                0x0000000008000d0c      0x154 Core/Src/main.o
                0x0000000008000d0c                SystemClock_Config
 .text.MX_DMA2D_Init
                0x0000000008000e60       0x64 Core/Src/main.o
 .text.MX_LTDC_Init
                0x0000000008000ec4      0x104 Core/Src/main.o
 .text.MX_SAI2_Init
                0x0000000008000fc8      0x150 Core/Src/main.o
 .text.MX_SDMMC1_SD_Init
                0x0000000008001118       0x40 Core/Src/main.o
 .text.MX_USART1_UART_Init
                0x0000000008001158       0x60 Core/Src/main.o
 .text.MX_DMA_Init
                0x00000000080011b8       0x6c Core/Src/main.o
 .text.MX_FMC_Init
                0x0000000008001224       0x9c Core/Src/main.o
 .text.MX_GPIO_Init
                0x00000000080012c0      0x6e4 Core/Src/main.o
 .text.BSP_AUDIO_IN_TransferComplete_CallBack
                0x00000000080019a4       0x18 Core/Src/main.o
                0x00000000080019a4                BSP_AUDIO_IN_TransferComplete_CallBack
 .text.BSP_AUDIO_IN_HalfTransfer_CallBack
                0x00000000080019bc       0x18 Core/Src/main.o
                0x00000000080019bc                BSP_AUDIO_IN_HalfTransfer_CallBack
 .text.StartDefaultTask
                0x00000000080019d4       0x10 Core/Src/main.o
                0x00000000080019d4                StartDefaultTask
 .text.SDTask   0x00000000080019e4       0xdc Core/Src/main.o
                0x00000000080019e4                SDTask
 .text.AudioTask
                0x0000000008001ac0       0xec Core/Src/main.o
                0x0000000008001ac0                AudioTask
 .text.HAL_TIM_PeriodElapsedCallback
                0x0000000008001bac       0x24 Core/Src/main.o
                0x0000000008001bac                HAL_TIM_PeriodElapsedCallback
 .text.Error_Handler
                0x0000000008001bd0        0xa Core/Src/main.o
                0x0000000008001bd0                Error_Handler
 *fill*         0x0000000008001bda        0x2 
 .text.I2Cx_MspInit
                0x0000000008001bdc      0x160 Core/Src/stm32746g_discovery.o
 .text.I2Cx_Init
                0x0000000008001d3c       0x78 Core/Src/stm32746g_discovery.o
 .text.I2Cx_ReadMultiple
                0x0000000008001db4       0x5a Core/Src/stm32746g_discovery.o
 .text.I2Cx_WriteMultiple
                0x0000000008001e0e       0x5a Core/Src/stm32746g_discovery.o
 .text.I2Cx_Error
                0x0000000008001e68       0x20 Core/Src/stm32746g_discovery.o
 .text.AUDIO_IO_Init
                0x0000000008001e88       0x14 Core/Src/stm32746g_discovery.o
                0x0000000008001e88                AUDIO_IO_Init
 .text.AUDIO_IO_DeInit
                0x0000000008001e9c        0xe Core/Src/stm32746g_discovery.o
                0x0000000008001e9c                AUDIO_IO_DeInit
 *fill*         0x0000000008001eaa        0x2 
 .text.AUDIO_IO_Write
                0x0000000008001eac       0x54 Core/Src/stm32746g_discovery.o
                0x0000000008001eac                AUDIO_IO_Write
 .text.AUDIO_IO_Read
                0x0000000008001f00       0x58 Core/Src/stm32746g_discovery.o
                0x0000000008001f00                AUDIO_IO_Read
 .text.AUDIO_IO_Delay
                0x0000000008001f58       0x16 Core/Src/stm32746g_discovery.o
                0x0000000008001f58                AUDIO_IO_Delay
 *fill*         0x0000000008001f6e        0x2 
 .text.TS_IO_Init
                0x0000000008001f70       0x14 Core/Src/stm32746g_discovery.o
                0x0000000008001f70                TS_IO_Init
 .text.TS_IO_Write
                0x0000000008001f84       0x34 Core/Src/stm32746g_discovery.o
                0x0000000008001f84                TS_IO_Write
 .text.TS_IO_Read
                0x0000000008001fb8       0x3c Core/Src/stm32746g_discovery.o
                0x0000000008001fb8                TS_IO_Read
 .text.TS_IO_Delay
                0x0000000008001ff4       0x16 Core/Src/stm32746g_discovery.o
                0x0000000008001ff4                TS_IO_Delay
 *fill*         0x000000000800200a        0x2 
 .text.BSP_AUDIO_OUT_Play
                0x000000000800200c       0x54 Core/Src/stm32746g_discovery_audio.o
                0x000000000800200c                BSP_AUDIO_OUT_Play
 .text.BSP_AUDIO_OUT_SetAudioFrameSlot
                0x0000000008002060       0x40 Core/Src/stm32746g_discovery_audio.o
                0x0000000008002060                BSP_AUDIO_OUT_SetAudioFrameSlot
 .text.HAL_SAI_TxCpltCallback
                0x00000000080020a0       0x14 Core/Src/stm32746g_discovery_audio.o
                0x00000000080020a0                HAL_SAI_TxCpltCallback
 .text.HAL_SAI_TxHalfCpltCallback
                0x00000000080020b4       0x14 Core/Src/stm32746g_discovery_audio.o
                0x00000000080020b4                HAL_SAI_TxHalfCpltCallback
 .text.HAL_SAI_ErrorCallback
                0x00000000080020c8       0x4c Core/Src/stm32746g_discovery_audio.o
                0x00000000080020c8                HAL_SAI_ErrorCallback
 .text.BSP_AUDIO_OUT_TransferComplete_CallBack
                0x0000000008002114        0xe Core/Src/stm32746g_discovery_audio.o
                0x0000000008002114                BSP_AUDIO_OUT_TransferComplete_CallBack
 .text.BSP_AUDIO_OUT_HalfTransfer_CallBack
                0x0000000008002122        0xe Core/Src/stm32746g_discovery_audio.o
                0x0000000008002122                BSP_AUDIO_OUT_HalfTransfer_CallBack
 .text.BSP_AUDIO_OUT_Error_CallBack
                0x0000000008002130        0xe Core/Src/stm32746g_discovery_audio.o
                0x0000000008002130                BSP_AUDIO_OUT_Error_CallBack
 *fill*         0x000000000800213e        0x2 
 .text.BSP_AUDIO_OUT_MspInit
                0x0000000008002140      0x1ac Core/Src/stm32746g_discovery_audio.o
                0x0000000008002140                BSP_AUDIO_OUT_MspInit
 .text.BSP_AUDIO_OUT_ClockConfig
                0x00000000080022ec       0x88 Core/Src/stm32746g_discovery_audio.o
                0x00000000080022ec                BSP_AUDIO_OUT_ClockConfig
 .text.SAIx_Out_DeInit
                0x0000000008002374       0x2c Core/Src/stm32746g_discovery_audio.o
 .text.BSP_AUDIO_IN_OUT_Init
                0x00000000080023a0       0xf4 Core/Src/stm32746g_discovery_audio.o
                0x00000000080023a0                BSP_AUDIO_IN_OUT_Init
 .text.BSP_AUDIO_IN_Record
                0x0000000008002494       0x30 Core/Src/stm32746g_discovery_audio.o
                0x0000000008002494                BSP_AUDIO_IN_Record
 .text.BSP_AUDIO_IN_SetVolume
                0x00000000080024c4       0x3c Core/Src/stm32746g_discovery_audio.o
                0x00000000080024c4                BSP_AUDIO_IN_SetVolume
 .text.HAL_SAI_RxCpltCallback
                0x0000000008002500       0x14 Core/Src/stm32746g_discovery_audio.o
                0x0000000008002500                HAL_SAI_RxCpltCallback
 .text.HAL_SAI_RxHalfCpltCallback
                0x0000000008002514       0x14 Core/Src/stm32746g_discovery_audio.o
                0x0000000008002514                HAL_SAI_RxHalfCpltCallback
 .text.BSP_AUDIO_IN_Error_CallBack
                0x0000000008002528        0xe Core/Src/stm32746g_discovery_audio.o
                0x0000000008002528                BSP_AUDIO_IN_Error_CallBack
 *fill*         0x0000000008002536        0x2 
 .text.BSP_AUDIO_IN_MspInit
                0x0000000008002538      0x164 Core/Src/stm32746g_discovery_audio.o
                0x0000000008002538                BSP_AUDIO_IN_MspInit
 .text.SAIx_In_Init
                0x000000000800269c      0x16c Core/Src/stm32746g_discovery_audio.o
 .text.SAIx_In_DeInit
                0x0000000008002808       0x2c Core/Src/stm32746g_discovery_audio.o
 .text.BSP_LCD_Init
                0x0000000008002834       0xe0 Core/Src/stm32746g_discovery_lcd.o
                0x0000000008002834                BSP_LCD_Init
 .text.BSP_LCD_GetXSize
                0x0000000008002914       0x28 Core/Src/stm32746g_discovery_lcd.o
                0x0000000008002914                BSP_LCD_GetXSize
 .text.BSP_LCD_GetYSize
                0x000000000800293c       0x28 Core/Src/stm32746g_discovery_lcd.o
                0x000000000800293c                BSP_LCD_GetYSize
 .text.BSP_LCD_LayerDefaultInit
                0x0000000008002964       0xc0 Core/Src/stm32746g_discovery_lcd.o
                0x0000000008002964                BSP_LCD_LayerDefaultInit
 .text.BSP_LCD_SelectLayer
                0x0000000008002a24       0x20 Core/Src/stm32746g_discovery_lcd.o
                0x0000000008002a24                BSP_LCD_SelectLayer
 .text.BSP_LCD_SetTextColor
                0x0000000008002a44       0x30 Core/Src/stm32746g_discovery_lcd.o
                0x0000000008002a44                BSP_LCD_SetTextColor
 .text.BSP_LCD_SetBackColor
                0x0000000008002a74       0x34 Core/Src/stm32746g_discovery_lcd.o
                0x0000000008002a74                BSP_LCD_SetBackColor
 .text.BSP_LCD_SetFont
                0x0000000008002aa8       0x34 Core/Src/stm32746g_discovery_lcd.o
                0x0000000008002aa8                BSP_LCD_SetFont
 .text.BSP_LCD_Clear
                0x0000000008002adc       0x50 Core/Src/stm32746g_discovery_lcd.o
                0x0000000008002adc                BSP_LCD_Clear
 .text.BSP_LCD_DisplayChar
                0x0000000008002b2c       0x88 Core/Src/stm32746g_discovery_lcd.o
                0x0000000008002b2c                BSP_LCD_DisplayChar
 .text.BSP_LCD_DisplayStringAt
                0x0000000008002bb4      0x190 Core/Src/stm32746g_discovery_lcd.o
                0x0000000008002bb4                BSP_LCD_DisplayStringAt
 .text.BSP_LCD_DrawPixel
                0x0000000008002d44       0x90 Core/Src/stm32746g_discovery_lcd.o
                0x0000000008002d44                BSP_LCD_DrawPixel
 .text.BSP_LCD_DisplayOn
                0x0000000008002dd4       0x3c Core/Src/stm32746g_discovery_lcd.o
                0x0000000008002dd4                BSP_LCD_DisplayOn
 .text.BSP_LCD_MspInit
                0x0000000008002e10      0x1b4 Core/Src/stm32746g_discovery_lcd.o
                0x0000000008002e10                BSP_LCD_MspInit
 .text.BSP_LCD_ClockConfig
                0x0000000008002fc4       0x38 Core/Src/stm32746g_discovery_lcd.o
                0x0000000008002fc4                BSP_LCD_ClockConfig
 .text.DrawChar
                0x0000000008002ffc      0x170 Core/Src/stm32746g_discovery_lcd.o
 .text.LL_FillBuffer
                0x000000000800316c       0x98 Core/Src/stm32746g_discovery_lcd.o
 .text.BSP_SDRAM_Init
                0x0000000008003204       0xbc Core/Src/stm32746g_discovery_sdram.o
                0x0000000008003204                BSP_SDRAM_Init
 .text.BSP_SDRAM_Initialization_sequence
                0x00000000080032c0       0xc0 Core/Src/stm32746g_discovery_sdram.o
                0x00000000080032c0                BSP_SDRAM_Initialization_sequence
 .text.BSP_SDRAM_MspInit
                0x0000000008003380      0x1f0 Core/Src/stm32746g_discovery_sdram.o
                0x0000000008003380                BSP_SDRAM_MspInit
 .text.BSP_TS_Init
                0x0000000008003570       0x80 Core/Src/stm32746g_discovery_ts.o
                0x0000000008003570                BSP_TS_Init
 .text.HAL_MspInit
                0x00000000080035f0       0x50 Core/Src/stm32f7xx_hal_msp.o
                0x00000000080035f0                HAL_MspInit
 .text.HAL_DMA2D_MspInit
                0x0000000008003640       0x40 Core/Src/stm32f7xx_hal_msp.o
                0x0000000008003640                HAL_DMA2D_MspInit
 .text.HAL_LTDC_MspInit
                0x0000000008003680      0x190 Core/Src/stm32f7xx_hal_msp.o
                0x0000000008003680                HAL_LTDC_MspInit
 .text.HAL_SD_MspInit
                0x0000000008003810      0x1d4 Core/Src/stm32f7xx_hal_msp.o
                0x0000000008003810                HAL_SD_MspInit
 .text.HAL_UART_MspInit
                0x00000000080039e4       0xc4 Core/Src/stm32f7xx_hal_msp.o
                0x00000000080039e4                HAL_UART_MspInit
 .text.HAL_FMC_MspInit
                0x0000000008003aa8      0x120 Core/Src/stm32f7xx_hal_msp.o
 .text.HAL_SDRAM_MspInit
                0x0000000008003bc8       0x14 Core/Src/stm32f7xx_hal_msp.o
                0x0000000008003bc8                HAL_SDRAM_MspInit
 .text.HAL_SAI_MspInit
                0x0000000008003bdc      0x1bc Core/Src/stm32f7xx_hal_msp.o
                0x0000000008003bdc                HAL_SAI_MspInit
 .text.HAL_SAI_MspDeInit
                0x0000000008003d98       0xb4 Core/Src/stm32f7xx_hal_msp.o
                0x0000000008003d98                HAL_SAI_MspDeInit
 .text.HAL_InitTick
                0x0000000008003e4c       0xb0 Core/Src/stm32f7xx_hal_timebase_tim.o
                0x0000000008003e4c                HAL_InitTick
 .text.NMI_Handler
                0x0000000008003efc        0x6 Core/Src/stm32f7xx_it.o
                0x0000000008003efc                NMI_Handler
 .text.HardFault_Handler
                0x0000000008003f02        0x6 Core/Src/stm32f7xx_it.o
                0x0000000008003f02                HardFault_Handler
 .text.MemManage_Handler
                0x0000000008003f08        0x6 Core/Src/stm32f7xx_it.o
                0x0000000008003f08                MemManage_Handler
 .text.BusFault_Handler
                0x0000000008003f0e        0x6 Core/Src/stm32f7xx_it.o
                0x0000000008003f0e                BusFault_Handler
 .text.UsageFault_Handler
                0x0000000008003f14        0x6 Core/Src/stm32f7xx_it.o
                0x0000000008003f14                UsageFault_Handler
 .text.DebugMon_Handler
                0x0000000008003f1a        0xe Core/Src/stm32f7xx_it.o
                0x0000000008003f1a                DebugMon_Handler
 .text.SDMMC1_IRQHandler
                0x0000000008003f28       0x14 Core/Src/stm32f7xx_it.o
                0x0000000008003f28                SDMMC1_IRQHandler
 .text.TIM6_DAC_IRQHandler
                0x0000000008003f3c       0x14 Core/Src/stm32f7xx_it.o
                0x0000000008003f3c                TIM6_DAC_IRQHandler
 .text.DMA2_Stream3_IRQHandler
                0x0000000008003f50       0x14 Core/Src/stm32f7xx_it.o
                0x0000000008003f50                DMA2_Stream3_IRQHandler
 .text.DMA2_Stream4_IRQHandler
                0x0000000008003f64       0x14 Core/Src/stm32f7xx_it.o
                0x0000000008003f64                DMA2_Stream4_IRQHandler
 .text.DMA2_Stream6_IRQHandler
                0x0000000008003f78       0x14 Core/Src/stm32f7xx_it.o
                0x0000000008003f78                DMA2_Stream6_IRQHandler
 .text.DMA2_Stream7_IRQHandler
                0x0000000008003f8c       0x14 Core/Src/stm32f7xx_it.o
                0x0000000008003f8c                DMA2_Stream7_IRQHandler
 .text.LTDC_IRQHandler
                0x0000000008003fa0       0x14 Core/Src/stm32f7xx_it.o
                0x0000000008003fa0                LTDC_IRQHandler
 .text.SystemInit
                0x0000000008003fb4       0x24 Core/Src/system_stm32f7xx.o
                0x0000000008003fb4                SystemInit
 .text.wm8994_Init
                0x0000000008003fd8      0xd78 Core/Src/wm8994.o
                0x0000000008003fd8                wm8994_Init
 .text.wm8994_DeInit
                0x0000000008004d50        0xc Core/Src/wm8994.o
                0x0000000008004d50                wm8994_DeInit
 .text.wm8994_ReadID
                0x0000000008004d5c       0x24 Core/Src/wm8994.o
                0x0000000008004d5c                wm8994_ReadID
 .text.wm8994_Play
                0x0000000008004d80       0x30 Core/Src/wm8994.o
                0x0000000008004d80                wm8994_Play
 .text.wm8994_Pause
                0x0000000008004db0       0x42 Core/Src/wm8994.o
                0x0000000008004db0                wm8994_Pause
 .text.wm8994_Resume
                0x0000000008004df2       0x2a Core/Src/wm8994.o
                0x0000000008004df2                wm8994_Resume
 .text.wm8994_Stop
                0x0000000008004e1c       0xdc Core/Src/wm8994.o
                0x0000000008004e1c                wm8994_Stop
 .text.wm8994_SetVolume
                0x0000000008004ef8      0x248 Core/Src/wm8994.o
                0x0000000008004ef8                wm8994_SetVolume
 .text.wm8994_SetMute
                0x0000000008005140       0x9c Core/Src/wm8994.o
                0x0000000008005140                wm8994_SetMute
 .text.wm8994_SetOutputMode
                0x00000000080051dc      0x246 Core/Src/wm8994.o
                0x00000000080051dc                wm8994_SetOutputMode
 *fill*         0x0000000008005422        0x2 
 .text.wm8994_SetFrequency
                0x0000000008005424      0x1a8 Core/Src/wm8994.o
                0x0000000008005424                wm8994_SetFrequency
 .text.wm8994_Reset
                0x00000000080055cc       0x40 Core/Src/wm8994.o
                0x00000000080055cc                wm8994_Reset
 .text.CODEC_IO_Write
                0x000000000800560c       0x2e Core/Src/wm8994.o
 *fill*         0x000000000800563a        0x2 
 .text.Reset_Handler
                0x000000000800563c       0x50 Core/Startup/startup_stm32f746nghx.o
                0x000000000800563c                Reset_Handler
 .text.Default_Handler
                0x000000000800568c        0x2 Core/Startup/startup_stm32f746nghx.o
                0x000000000800568c                RTC_Alarm_IRQHandler
                0x000000000800568c                EXTI2_IRQHandler
                0x000000000800568c                TIM8_CC_IRQHandler
                0x000000000800568c                UART8_IRQHandler
                0x000000000800568c                SPI4_IRQHandler
                0x000000000800568c                TIM1_CC_IRQHandler
                0x000000000800568c                DMA2_Stream5_IRQHandler
                0x000000000800568c                DMA1_Stream5_IRQHandler
                0x000000000800568c                PVD_IRQHandler
                0x000000000800568c                TAMP_STAMP_IRQHandler
                0x000000000800568c                CAN2_RX1_IRQHandler
                0x000000000800568c                EXTI3_IRQHandler
                0x000000000800568c                TIM8_TRG_COM_TIM14_IRQHandler
                0x000000000800568c                TIM1_UP_TIM10_IRQHandler
                0x000000000800568c                TIM8_UP_TIM13_IRQHandler
                0x000000000800568c                I2C3_ER_IRQHandler
                0x000000000800568c                EXTI0_IRQHandler
                0x000000000800568c                I2C2_EV_IRQHandler
                0x000000000800568c                DMA1_Stream2_IRQHandler
                0x000000000800568c                CAN1_RX0_IRQHandler
                0x000000000800568c                FPU_IRQHandler
                0x000000000800568c                OTG_HS_WKUP_IRQHandler
                0x000000000800568c                LTDC_ER_IRQHandler
                0x000000000800568c                CAN2_SCE_IRQHandler
                0x000000000800568c                DMA2_Stream2_IRQHandler
                0x000000000800568c                SPI1_IRQHandler
                0x000000000800568c                TIM1_BRK_TIM9_IRQHandler
                0x000000000800568c                DCMI_IRQHandler
                0x000000000800568c                CAN2_RX0_IRQHandler
                0x000000000800568c                SAI2_IRQHandler
                0x000000000800568c                USART6_IRQHandler
                0x000000000800568c                USART3_IRQHandler
                0x000000000800568c                CAN1_RX1_IRQHandler
                0x000000000800568c                UART5_IRQHandler
                0x000000000800568c                DMA2_Stream0_IRQHandler
                0x000000000800568c                TIM4_IRQHandler
                0x000000000800568c                QUADSPI_IRQHandler
                0x000000000800568c                I2C1_EV_IRQHandler
                0x000000000800568c                DMA1_Stream6_IRQHandler
                0x000000000800568c                DMA1_Stream1_IRQHandler
                0x000000000800568c                UART4_IRQHandler
                0x000000000800568c                TIM3_IRQHandler
                0x000000000800568c                RCC_IRQHandler
                0x000000000800568c                TIM8_BRK_TIM12_IRQHandler
                0x000000000800568c                Default_Handler
                0x000000000800568c                CEC_IRQHandler
                0x000000000800568c                EXTI15_10_IRQHandler
                0x000000000800568c                ADC_IRQHandler
                0x000000000800568c                DMA1_Stream7_IRQHandler
                0x000000000800568c                SPI5_IRQHandler
                0x000000000800568c                TIM7_IRQHandler
                0x000000000800568c                CAN2_TX_IRQHandler
                0x000000000800568c                TIM5_IRQHandler
                0x000000000800568c                I2C3_EV_IRQHandler
                0x000000000800568c                EXTI9_5_IRQHandler
                0x000000000800568c                RTC_WKUP_IRQHandler
                0x000000000800568c                ETH_WKUP_IRQHandler
                0x000000000800568c                SPDIF_RX_IRQHandler
                0x000000000800568c                SPI2_IRQHandler
                0x000000000800568c                OTG_HS_EP1_IN_IRQHandler
                0x000000000800568c                DMA1_Stream0_IRQHandler
                0x000000000800568c                CAN1_TX_IRQHandler
                0x000000000800568c                EXTI4_IRQHandler
                0x000000000800568c                RNG_IRQHandler
                0x000000000800568c                ETH_IRQHandler
                0x000000000800568c                OTG_HS_EP1_OUT_IRQHandler
                0x000000000800568c                WWDG_IRQHandler
                0x000000000800568c                SPI6_IRQHandler
                0x000000000800568c                I2C4_EV_IRQHandler
                0x000000000800568c                TIM2_IRQHandler
                0x000000000800568c                OTG_FS_WKUP_IRQHandler
                0x000000000800568c                TIM1_TRG_COM_TIM11_IRQHandler
                0x000000000800568c                OTG_HS_IRQHandler
                0x000000000800568c                DMA2D_IRQHandler
                0x000000000800568c                EXTI1_IRQHandler
                0x000000000800568c                UART7_IRQHandler
                0x000000000800568c                USART2_IRQHandler
                0x000000000800568c                I2C2_ER_IRQHandler
                0x000000000800568c                DMA2_Stream1_IRQHandler
                0x000000000800568c                CAN1_SCE_IRQHandler
                0x000000000800568c                FLASH_IRQHandler
                0x000000000800568c                USART1_IRQHandler
                0x000000000800568c                OTG_FS_IRQHandler
                0x000000000800568c                SPI3_IRQHandler
                0x000000000800568c                DMA1_Stream4_IRQHandler
                0x000000000800568c                I2C1_ER_IRQHandler
                0x000000000800568c                FMC_IRQHandler
                0x000000000800568c                LPTIM1_IRQHandler
                0x000000000800568c                I2C4_ER_IRQHandler
                0x000000000800568c                SAI1_IRQHandler
                0x000000000800568c                DMA1_Stream3_IRQHandler
 *fill*         0x000000000800568e        0x2 
 .text.HAL_Init
                0x0000000008005690       0x2c Drivers/STM32F7xx_HAL_Driver/Src/stm32f7xx_hal.o
                0x0000000008005690                HAL_Init
 .text.HAL_IncTick
                0x00000000080056bc       0x28 Drivers/STM32F7xx_HAL_Driver/Src/stm32f7xx_hal.o
                0x00000000080056bc                HAL_IncTick
 .text.HAL_GetTick
                0x00000000080056e4       0x18 Drivers/STM32F7xx_HAL_Driver/Src/stm32f7xx_hal.o
                0x00000000080056e4                HAL_GetTick
 .text.HAL_Delay
                0x00000000080056fc       0x48 Drivers/STM32F7xx_HAL_Driver/Src/stm32f7xx_hal.o
                0x00000000080056fc                HAL_Delay
 .text.__NVIC_SetPriorityGrouping
                0x0000000008005744       0x48 Drivers/STM32F7xx_HAL_Driver/Src/stm32f7xx_hal_cortex.o
 .text.__NVIC_GetPriorityGrouping
                0x000000000800578c       0x1c Drivers/STM32F7xx_HAL_Driver/Src/stm32f7xx_hal_cortex.o
 .text.__NVIC_EnableIRQ
                0x00000000080057a8       0x3c Drivers/STM32F7xx_HAL_Driver/Src/stm32f7xx_hal_cortex.o
 .text.__NVIC_SetPriority
                0x00000000080057e4       0x54 Drivers/STM32F7xx_HAL_Driver/Src/stm32f7xx_hal_cortex.o
 .text.NVIC_EncodePriority
                0x0000000008005838       0x66 Drivers/STM32F7xx_HAL_Driver/Src/stm32f7xx_hal_cortex.o
 .text.HAL_NVIC_SetPriorityGrouping
                0x000000000800589e       0x16 Drivers/STM32F7xx_HAL_Driver/Src/stm32f7xx_hal_cortex.o
                0x000000000800589e                HAL_NVIC_SetPriorityGrouping
 .text.HAL_NVIC_SetPriority
                0x00000000080058b4       0x38 Drivers/STM32F7xx_HAL_Driver/Src/stm32f7xx_hal_cortex.o
                0x00000000080058b4                HAL_NVIC_SetPriority
 .text.HAL_NVIC_EnableIRQ
                0x00000000080058ec       0x1c Drivers/STM32F7xx_HAL_Driver/Src/stm32f7xx_hal_cortex.o
                0x00000000080058ec                HAL_NVIC_EnableIRQ
 .text.HAL_DMA_Init
                0x0000000008005908      0x15c Drivers/STM32F7xx_HAL_Driver/Src/stm32f7xx_hal_dma.o
                0x0000000008005908                HAL_DMA_Init
 .text.HAL_DMA_DeInit
                0x0000000008005a64       0xbc Drivers/STM32F7xx_HAL_Driver/Src/stm32f7xx_hal_dma.o
                0x0000000008005a64                HAL_DMA_DeInit
 .text.HAL_DMA_Start_IT
                0x0000000008005b20       0xc0 Drivers/STM32F7xx_HAL_Driver/Src/stm32f7xx_hal_dma.o
                0x0000000008005b20                HAL_DMA_Start_IT
 .text.HAL_DMA_Abort_IT
                0x0000000008005be0       0x44 Drivers/STM32F7xx_HAL_Driver/Src/stm32f7xx_hal_dma.o
                0x0000000008005be0                HAL_DMA_Abort_IT
 .text.HAL_DMA_IRQHandler
                0x0000000008005c24      0x314 Drivers/STM32F7xx_HAL_Driver/Src/stm32f7xx_hal_dma.o
                0x0000000008005c24                HAL_DMA_IRQHandler
 .text.HAL_DMA_GetError
                0x0000000008005f38       0x18 Drivers/STM32F7xx_HAL_Driver/Src/stm32f7xx_hal_dma.o
                0x0000000008005f38                HAL_DMA_GetError
 .text.DMA_SetConfig
                0x0000000008005f50       0x5c Drivers/STM32F7xx_HAL_Driver/Src/stm32f7xx_hal_dma.o
 .text.DMA_CalcBaseAndBitshift
                0x0000000008005fac       0x6c Drivers/STM32F7xx_HAL_Driver/Src/stm32f7xx_hal_dma.o
 .text.DMA_CheckFifoParam
                0x0000000008006018       0xf8 Drivers/STM32F7xx_HAL_Driver/Src/stm32f7xx_hal_dma.o
 .text.HAL_DMA2D_Init
                0x0000000008006110       0x94 Drivers/STM32F7xx_HAL_Driver/Src/stm32f7xx_hal_dma2d.o
                0x0000000008006110                HAL_DMA2D_Init
 .text.HAL_DMA2D_Start
                0x00000000080061a4       0x56 Drivers/STM32F7xx_HAL_Driver/Src/stm32f7xx_hal_dma2d.o
                0x00000000080061a4                HAL_DMA2D_Start
 .text.HAL_DMA2D_PollForTransfer
                0x00000000080061fa      0x1d2 Drivers/STM32F7xx_HAL_Driver/Src/stm32f7xx_hal_dma2d.o
                0x00000000080061fa                HAL_DMA2D_PollForTransfer
 .text.HAL_DMA2D_ConfigLayer
                0x00000000080063cc      0x124 Drivers/STM32F7xx_HAL_Driver/Src/stm32f7xx_hal_dma2d.o
                0x00000000080063cc                HAL_DMA2D_ConfigLayer
 .text.DMA2D_SetConfig
                0x00000000080064f0      0x138 Drivers/STM32F7xx_HAL_Driver/Src/stm32f7xx_hal_dma2d.o
 .text.HAL_GPIO_Init
                0x0000000008006628      0x358 Drivers/STM32F7xx_HAL_Driver/Src/stm32f7xx_hal_gpio.o
                0x0000000008006628                HAL_GPIO_Init
 .text.HAL_GPIO_DeInit
                0x0000000008006980      0x218 Drivers/STM32F7xx_HAL_Driver/Src/stm32f7xx_hal_gpio.o
                0x0000000008006980                HAL_GPIO_DeInit
 .text.HAL_GPIO_ReadPin
                0x0000000008006b98       0x30 Drivers/STM32F7xx_HAL_Driver/Src/stm32f7xx_hal_gpio.o
                0x0000000008006b98                HAL_GPIO_ReadPin
 .text.HAL_GPIO_WritePin
                0x0000000008006bc8       0x32 Drivers/STM32F7xx_HAL_Driver/Src/stm32f7xx_hal_gpio.o
                0x0000000008006bc8                HAL_GPIO_WritePin
 *fill*         0x0000000008006bfa        0x2 
 .text.HAL_I2C_Init
                0x0000000008006bfc      0x120 Drivers/STM32F7xx_HAL_Driver/Src/stm32f7xx_hal_i2c.o
                0x0000000008006bfc                HAL_I2C_Init
 .text.HAL_I2C_DeInit
                0x0000000008006d1c       0x5e Drivers/STM32F7xx_HAL_Driver/Src/stm32f7xx_hal_i2c.o
                0x0000000008006d1c                HAL_I2C_DeInit
 .text.HAL_I2C_MspInit
                0x0000000008006d7a       0x14 Drivers/STM32F7xx_HAL_Driver/Src/stm32f7xx_hal_i2c.o
                0x0000000008006d7a                HAL_I2C_MspInit
 .text.HAL_I2C_MspDeInit
                0x0000000008006d8e       0x14 Drivers/STM32F7xx_HAL_Driver/Src/stm32f7xx_hal_i2c.o
                0x0000000008006d8e                HAL_I2C_MspDeInit
 *fill*         0x0000000008006da2        0x2 
 .text.HAL_I2C_Mem_Write
                0x0000000008006da4      0x228 Drivers/STM32F7xx_HAL_Driver/Src/stm32f7xx_hal_i2c.o
                0x0000000008006da4                HAL_I2C_Mem_Write
 .text.HAL_I2C_Mem_Read
                0x0000000008006fcc      0x234 Drivers/STM32F7xx_HAL_Driver/Src/stm32f7xx_hal_i2c.o
                0x0000000008006fcc                HAL_I2C_Mem_Read
 .text.HAL_I2C_GetState
                0x0000000008007200       0x1c Drivers/STM32F7xx_HAL_Driver/Src/stm32f7xx_hal_i2c.o
                0x0000000008007200                HAL_I2C_GetState
 .text.I2C_RequestMemoryWrite
                0x000000000800721c       0xa8 Drivers/STM32F7xx_HAL_Driver/Src/stm32f7xx_hal_i2c.o
 .text.I2C_RequestMemoryRead
                0x00000000080072c4       0xa8 Drivers/STM32F7xx_HAL_Driver/Src/stm32f7xx_hal_i2c.o
 .text.I2C_Flush_TXDR
                0x000000000800736c       0x48 Drivers/STM32F7xx_HAL_Driver/Src/stm32f7xx_hal_i2c.o
 .text.I2C_WaitOnFlagUntilTimeout
                0x00000000080073b4       0x80 Drivers/STM32F7xx_HAL_Driver/Src/stm32f7xx_hal_i2c.o
 .text.I2C_WaitOnTXISFlagUntilTimeout
                0x0000000008007434       0x80 Drivers/STM32F7xx_HAL_Driver/Src/stm32f7xx_hal_i2c.o
 .text.I2C_WaitOnSTOPFlagUntilTimeout
                0x00000000080074b4       0x78 Drivers/STM32F7xx_HAL_Driver/Src/stm32f7xx_hal_i2c.o
 .text.I2C_IsAcknowledgeFailed
                0x000000000800752c       0xcc Drivers/STM32F7xx_HAL_Driver/Src/stm32f7xx_hal_i2c.o
 .text.I2C_TransferConfig
                0x00000000080075f8       0x5c Drivers/STM32F7xx_HAL_Driver/Src/stm32f7xx_hal_i2c.o
 .text.HAL_LTDC_Init
                0x0000000008007654      0x1a0 Drivers/STM32F7xx_HAL_Driver/Src/stm32f7xx_hal_ltdc.o
                0x0000000008007654                HAL_LTDC_Init
 .text.HAL_LTDC_IRQHandler
                0x00000000080077f4      0x148 Drivers/STM32F7xx_HAL_Driver/Src/stm32f7xx_hal_ltdc.o
                0x00000000080077f4                HAL_LTDC_IRQHandler
 .text.HAL_LTDC_ErrorCallback
                0x000000000800793c       0x14 Drivers/STM32F7xx_HAL_Driver/Src/stm32f7xx_hal_ltdc.o
                0x000000000800793c                HAL_LTDC_ErrorCallback
 .text.HAL_LTDC_LineEventCallback
                0x0000000008007950       0x14 Drivers/STM32F7xx_HAL_Driver/Src/stm32f7xx_hal_ltdc.o
                0x0000000008007950                HAL_LTDC_LineEventCallback
 .text.HAL_LTDC_ReloadEventCallback
                0x0000000008007964       0x14 Drivers/STM32F7xx_HAL_Driver/Src/stm32f7xx_hal_ltdc.o
                0x0000000008007964                HAL_LTDC_ReloadEventCallback
 .text.HAL_LTDC_ConfigLayer
                0x0000000008007978       0x7c Drivers/STM32F7xx_HAL_Driver/Src/stm32f7xx_hal_ltdc.o
                0x0000000008007978                HAL_LTDC_ConfigLayer
 .text.HAL_LTDC_GetState
                0x00000000080079f4       0x1c Drivers/STM32F7xx_HAL_Driver/Src/stm32f7xx_hal_ltdc.o
                0x00000000080079f4                HAL_LTDC_GetState
 .text.LTDC_SetConfig
                0x0000000008007a10      0x334 Drivers/STM32F7xx_HAL_Driver/Src/stm32f7xx_hal_ltdc.o
 .text.HAL_PWR_EnableBkUpAccess
                0x0000000008007d44       0x20 Drivers/STM32F7xx_HAL_Driver/Src/stm32f7xx_hal_pwr.o
                0x0000000008007d44                HAL_PWR_EnableBkUpAccess
 .text.HAL_PWREx_EnableOverDrive
                0x0000000008007d64       0xa0 Drivers/STM32F7xx_HAL_Driver/Src/stm32f7xx_hal_pwr_ex.o
                0x0000000008007d64                HAL_PWREx_EnableOverDrive
 .text.HAL_RCC_OscConfig
                0x0000000008007e04      0x548 Drivers/STM32F7xx_HAL_Driver/Src/stm32f7xx_hal_rcc.o
                0x0000000008007e04                HAL_RCC_OscConfig
 .text.HAL_RCC_ClockConfig
                0x000000000800834c      0x1d8 Drivers/STM32F7xx_HAL_Driver/Src/stm32f7xx_hal_rcc.o
                0x000000000800834c                HAL_RCC_ClockConfig
 .text.HAL_RCC_GetSysClockFreq
                0x0000000008008524      0x16c Drivers/STM32F7xx_HAL_Driver/Src/stm32f7xx_hal_rcc.o
                0x0000000008008524                HAL_RCC_GetSysClockFreq
 .text.HAL_RCC_GetHCLKFreq
                0x0000000008008690       0x18 Drivers/STM32F7xx_HAL_Driver/Src/stm32f7xx_hal_rcc.o
                0x0000000008008690                HAL_RCC_GetHCLKFreq
 .text.HAL_RCC_GetPCLK1Freq
                0x00000000080086a8       0x28 Drivers/STM32F7xx_HAL_Driver/Src/stm32f7xx_hal_rcc.o
                0x00000000080086a8                HAL_RCC_GetPCLK1Freq
 .text.HAL_RCC_GetPCLK2Freq
                0x00000000080086d0       0x28 Drivers/STM32F7xx_HAL_Driver/Src/stm32f7xx_hal_rcc.o
                0x00000000080086d0                HAL_RCC_GetPCLK2Freq
 .text.HAL_RCC_GetClockConfig
                0x00000000080086f8       0x64 Drivers/STM32F7xx_HAL_Driver/Src/stm32f7xx_hal_rcc.o
                0x00000000080086f8                HAL_RCC_GetClockConfig
 .text.HAL_RCCEx_PeriphCLKConfig
                0x000000000800875c      0x7e0 Drivers/STM32F7xx_HAL_Driver/Src/stm32f7xx_hal_rcc_ex.o
                0x000000000800875c                HAL_RCCEx_PeriphCLKConfig
 .text.HAL_RCCEx_GetPeriphCLKConfig
                0x0000000008008f3c      0x218 Drivers/STM32F7xx_HAL_Driver/Src/stm32f7xx_hal_rcc_ex.o
                0x0000000008008f3c                HAL_RCCEx_GetPeriphCLKConfig
 .text.HAL_RCCEx_GetPeriphCLKFreq
                0x0000000008009154      0x288 Drivers/STM32F7xx_HAL_Driver/Src/stm32f7xx_hal_rcc_ex.o
                0x0000000008009154                HAL_RCCEx_GetPeriphCLKFreq
 .text.HAL_SAI_Init
                0x00000000080093dc      0x2fc Drivers/STM32F7xx_HAL_Driver/Src/stm32f7xx_hal_sai.o
                0x00000000080093dc                HAL_SAI_Init
 .text.HAL_SAI_DeInit
                0x00000000080096d8       0x6a Drivers/STM32F7xx_HAL_Driver/Src/stm32f7xx_hal_sai.o
                0x00000000080096d8                HAL_SAI_DeInit
 *fill*         0x0000000008009742        0x2 
 .text.HAL_SAI_Transmit_DMA
                0x0000000008009744      0x160 Drivers/STM32F7xx_HAL_Driver/Src/stm32f7xx_hal_sai.o
                0x0000000008009744                HAL_SAI_Transmit_DMA
 .text.HAL_SAI_Receive_DMA
                0x00000000080098a4      0x11c Drivers/STM32F7xx_HAL_Driver/Src/stm32f7xx_hal_sai.o
                0x00000000080098a4                HAL_SAI_Receive_DMA
 .text.HAL_SAI_GetState
                0x00000000080099c0       0x1c Drivers/STM32F7xx_HAL_Driver/Src/stm32f7xx_hal_sai.o
                0x00000000080099c0                HAL_SAI_GetState
 .text.SAI_InterruptFlag
                0x00000000080099dc       0x6c Drivers/STM32F7xx_HAL_Driver/Src/stm32f7xx_hal_sai.o
 .text.SAI_Disable
                0x0000000008009a48       0x70 Drivers/STM32F7xx_HAL_Driver/Src/stm32f7xx_hal_sai.o
 .text.SAI_DMATxCplt
                0x0000000008009ab8       0x60 Drivers/STM32F7xx_HAL_Driver/Src/stm32f7xx_hal_sai.o
 .text.SAI_DMATxHalfCplt
                0x0000000008009b18       0x1c Drivers/STM32F7xx_HAL_Driver/Src/stm32f7xx_hal_sai.o
 .text.SAI_DMARxCplt
                0x0000000008009b34       0x60 Drivers/STM32F7xx_HAL_Driver/Src/stm32f7xx_hal_sai.o
 .text.SAI_DMARxHalfCplt
                0x0000000008009b94       0x1c Drivers/STM32F7xx_HAL_Driver/Src/stm32f7xx_hal_sai.o
 .text.SAI_DMAError
                0x0000000008009bb0       0x66 Drivers/STM32F7xx_HAL_Driver/Src/stm32f7xx_hal_sai.o
 .text.HAL_SD_Init
                0x0000000008009c16       0x60 Drivers/STM32F7xx_HAL_Driver/Src/stm32f7xx_hal_sd.o
                0x0000000008009c16                HAL_SD_Init
 *fill*         0x0000000008009c76        0x2 
 .text.HAL_SD_InitCard
                0x0000000008009c78      0x10c Drivers/STM32F7xx_HAL_Driver/Src/stm32f7xx_hal_sd.o
                0x0000000008009c78                HAL_SD_InitCard
 .text.HAL_SD_ReadBlocks_DMA
                0x0000000008009d84      0x1c4 Drivers/STM32F7xx_HAL_Driver/Src/stm32f7xx_hal_sd.o
                0x0000000008009d84                HAL_SD_ReadBlocks_DMA
 .text.HAL_SD_WriteBlocks_DMA
                0x0000000008009f48      0x1cc Drivers/STM32F7xx_HAL_Driver/Src/stm32f7xx_hal_sd.o
                0x0000000008009f48                HAL_SD_WriteBlocks_DMA
 .text.HAL_SD_IRQHandler
                0x000000000800a114      0x2ec Drivers/STM32F7xx_HAL_Driver/Src/stm32f7xx_hal_sd.o
                0x000000000800a114                HAL_SD_IRQHandler
 .text.HAL_SD_ErrorCallback
                0x000000000800a400       0x14 Drivers/STM32F7xx_HAL_Driver/Src/stm32f7xx_hal_sd.o
                0x000000000800a400                HAL_SD_ErrorCallback
 .text.HAL_SD_GetCardCSD
                0x000000000800a414      0x348 Drivers/STM32F7xx_HAL_Driver/Src/stm32f7xx_hal_sd.o
                0x000000000800a414                HAL_SD_GetCardCSD
 .text.HAL_SD_GetCardInfo
                0x000000000800a75c       0x58 Drivers/STM32F7xx_HAL_Driver/Src/stm32f7xx_hal_sd.o
                0x000000000800a75c                HAL_SD_GetCardInfo
 .text.HAL_SD_ConfigWideBusOperation
                0x000000000800a7b4      0x134 Drivers/STM32F7xx_HAL_Driver/Src/stm32f7xx_hal_sd.o
                0x000000000800a7b4                HAL_SD_ConfigWideBusOperation
 .text.HAL_SD_GetCardState
                0x000000000800a8e8       0x40 Drivers/STM32F7xx_HAL_Driver/Src/stm32f7xx_hal_sd.o
                0x000000000800a8e8                HAL_SD_GetCardState
 .text.SD_DMATransmitCplt
                0x000000000800a928       0x2a Drivers/STM32F7xx_HAL_Driver/Src/stm32f7xx_hal_sd.o
 .text.SD_DMAReceiveCplt
                0x000000000800a952       0x70 Drivers/STM32F7xx_HAL_Driver/Src/stm32f7xx_hal_sd.o
 *fill*         0x000000000800a9c2        0x2 
 .text.SD_DMAError
                0x000000000800a9c4       0xa4 Drivers/STM32F7xx_HAL_Driver/Src/stm32f7xx_hal_sd.o
 .text.SD_DMATxAbort
                0x000000000800aa68       0x6e Drivers/STM32F7xx_HAL_Driver/Src/stm32f7xx_hal_sd.o
 .text.SD_DMARxAbort
                0x000000000800aad6       0x6e Drivers/STM32F7xx_HAL_Driver/Src/stm32f7xx_hal_sd.o
 .text.SD_InitCard
                0x000000000800ab44      0x198 Drivers/STM32F7xx_HAL_Driver/Src/stm32f7xx_hal_sd.o
 .text.SD_PowerON
                0x000000000800acdc      0x11c Drivers/STM32F7xx_HAL_Driver/Src/stm32f7xx_hal_sd.o
 .text.SD_SendStatus
                0x000000000800adf8       0x50 Drivers/STM32F7xx_HAL_Driver/Src/stm32f7xx_hal_sd.o
 .text.SD_WideBus_Enable
                0x000000000800ae48       0x96 Drivers/STM32F7xx_HAL_Driver/Src/stm32f7xx_hal_sd.o
 .text.SD_WideBus_Disable
                0x000000000800aede       0x96 Drivers/STM32F7xx_HAL_Driver/Src/stm32f7xx_hal_sd.o
 .text.SD_FindSCR
                0x000000000800af74      0x1a6 Drivers/STM32F7xx_HAL_Driver/Src/stm32f7xx_hal_sd.o
 .text.SD_Read_IT
                0x000000000800b11a       0xa2 Drivers/STM32F7xx_HAL_Driver/Src/stm32f7xx_hal_sd.o
 .text.SD_Write_IT
                0x000000000800b1bc       0xaa Drivers/STM32F7xx_HAL_Driver/Src/stm32f7xx_hal_sd.o
 .text.HAL_SDRAM_Init
                0x000000000800b266       0x68 Drivers/STM32F7xx_HAL_Driver/Src/stm32f7xx_hal_sdram.o
                0x000000000800b266                HAL_SDRAM_Init
 .text.HAL_SDRAM_SendCommand
                0x000000000800b2ce       0x56 Drivers/STM32F7xx_HAL_Driver/Src/stm32f7xx_hal_sdram.o
                0x000000000800b2ce                HAL_SDRAM_SendCommand
 .text.HAL_SDRAM_ProgramRefreshRate
                0x000000000800b324       0x40 Drivers/STM32F7xx_HAL_Driver/Src/stm32f7xx_hal_sdram.o
                0x000000000800b324                HAL_SDRAM_ProgramRefreshRate
 .text.HAL_TIM_Base_Init
                0x000000000800b364       0xae Drivers/STM32F7xx_HAL_Driver/Src/stm32f7xx_hal_tim.o
                0x000000000800b364                HAL_TIM_Base_Init
 .text.HAL_TIM_Base_MspInit
                0x000000000800b412       0x14 Drivers/STM32F7xx_HAL_Driver/Src/stm32f7xx_hal_tim.o
                0x000000000800b412                HAL_TIM_Base_MspInit
 *fill*         0x000000000800b426        0x2 
 .text.HAL_TIM_Base_Start_IT
                0x000000000800b428       0xf0 Drivers/STM32F7xx_HAL_Driver/Src/stm32f7xx_hal_tim.o
                0x000000000800b428                HAL_TIM_Base_Start_IT
 .text.HAL_TIM_IRQHandler
                0x000000000800b518      0x23e Drivers/STM32F7xx_HAL_Driver/Src/stm32f7xx_hal_tim.o
                0x000000000800b518                HAL_TIM_IRQHandler
 .text.HAL_TIM_OC_DelayElapsedCallback
                0x000000000800b756       0x14 Drivers/STM32F7xx_HAL_Driver/Src/stm32f7xx_hal_tim.o
                0x000000000800b756                HAL_TIM_OC_DelayElapsedCallback
 .text.HAL_TIM_IC_CaptureCallback
                0x000000000800b76a       0x14 Drivers/STM32F7xx_HAL_Driver/Src/stm32f7xx_hal_tim.o
                0x000000000800b76a                HAL_TIM_IC_CaptureCallback
 .text.HAL_TIM_PWM_PulseFinishedCallback
                0x000000000800b77e       0x14 Drivers/STM32F7xx_HAL_Driver/Src/stm32f7xx_hal_tim.o
                0x000000000800b77e                HAL_TIM_PWM_PulseFinishedCallback
 .text.HAL_TIM_TriggerCallback
                0x000000000800b792       0x14 Drivers/STM32F7xx_HAL_Driver/Src/stm32f7xx_hal_tim.o
                0x000000000800b792                HAL_TIM_TriggerCallback
 *fill*         0x000000000800b7a6        0x2 
 .text.TIM_Base_SetConfig
                0x000000000800b7a8      0x140 Drivers/STM32F7xx_HAL_Driver/Src/stm32f7xx_hal_tim.o
                0x000000000800b7a8                TIM_Base_SetConfig
 .text.HAL_TIMEx_CommutCallback
                0x000000000800b8e8       0x14 Drivers/STM32F7xx_HAL_Driver/Src/stm32f7xx_hal_tim_ex.o
                0x000000000800b8e8                HAL_TIMEx_CommutCallback
 .text.HAL_TIMEx_BreakCallback
                0x000000000800b8fc       0x14 Drivers/STM32F7xx_HAL_Driver/Src/stm32f7xx_hal_tim_ex.o
                0x000000000800b8fc                HAL_TIMEx_BreakCallback
 .text.HAL_TIMEx_Break2Callback
                0x000000000800b910       0x14 Drivers/STM32F7xx_HAL_Driver/Src/stm32f7xx_hal_tim_ex.o
                0x000000000800b910                HAL_TIMEx_Break2Callback
 .text.HAL_UART_Init
                0x000000000800b924       0x9c Drivers/STM32F7xx_HAL_Driver/Src/stm32f7xx_hal_uart.o
                0x000000000800b924                HAL_UART_Init
 .text.UART_SetConfig
                0x000000000800b9c0      0x4c4 Drivers/STM32F7xx_HAL_Driver/Src/stm32f7xx_hal_uart.o
                0x000000000800b9c0                UART_SetConfig
 .text.UART_AdvFeatureConfig
                0x000000000800be84      0x144 Drivers/STM32F7xx_HAL_Driver/Src/stm32f7xx_hal_uart.o
                0x000000000800be84                UART_AdvFeatureConfig
 .text.UART_CheckIdleState
                0x000000000800bfc8       0x66 Drivers/STM32F7xx_HAL_Driver/Src/stm32f7xx_hal_uart.o
                0x000000000800bfc8                UART_CheckIdleState
 .text.UART_WaitOnFlagUntilTimeout
                0x000000000800c02e       0xf8 Drivers/STM32F7xx_HAL_Driver/Src/stm32f7xx_hal_uart.o
                0x000000000800c02e                UART_WaitOnFlagUntilTimeout
 *fill*         0x000000000800c126        0x2 
 .text.FMC_SDRAM_Init
                0x000000000800c128       0xe4 Drivers/STM32F7xx_HAL_Driver/Src/stm32f7xx_ll_fmc.o
                0x000000000800c128                FMC_SDRAM_Init
 .text.FMC_SDRAM_Timing_Init
                0x000000000800c20c      0x100 Drivers/STM32F7xx_HAL_Driver/Src/stm32f7xx_ll_fmc.o
                0x000000000800c20c                FMC_SDRAM_Timing_Init
 .text.FMC_SDRAM_SendCommand
                0x000000000800c30c       0x48 Drivers/STM32F7xx_HAL_Driver/Src/stm32f7xx_ll_fmc.o
                0x000000000800c30c                FMC_SDRAM_SendCommand
 .text.FMC_SDRAM_ProgramRefreshRate
                0x000000000800c354       0x26 Drivers/STM32F7xx_HAL_Driver/Src/stm32f7xx_ll_fmc.o
                0x000000000800c354                FMC_SDRAM_ProgramRefreshRate
 *fill*         0x000000000800c37a        0x2 
 .text.SDMMC_Init
                0x000000000800c37c       0x58 Drivers/STM32F7xx_HAL_Driver/Src/stm32f7xx_ll_sdmmc.o
                0x000000000800c37c                SDMMC_Init
 .text.SDMMC_ReadFIFO
                0x000000000800c3d4       0x1a Drivers/STM32F7xx_HAL_Driver/Src/stm32f7xx_ll_sdmmc.o
                0x000000000800c3d4                SDMMC_ReadFIFO
 .text.SDMMC_WriteFIFO
                0x000000000800c3ee       0x22 Drivers/STM32F7xx_HAL_Driver/Src/stm32f7xx_ll_sdmmc.o
                0x000000000800c3ee                SDMMC_WriteFIFO
 .text.SDMMC_PowerState_ON
                0x000000000800c410       0x1e Drivers/STM32F7xx_HAL_Driver/Src/stm32f7xx_ll_sdmmc.o
                0x000000000800c410                SDMMC_PowerState_ON
 .text.SDMMC_GetPowerState
                0x000000000800c42e       0x1c Drivers/STM32F7xx_HAL_Driver/Src/stm32f7xx_ll_sdmmc.o
                0x000000000800c42e                SDMMC_GetPowerState
 *fill*         0x000000000800c44a        0x2 
 .text.SDMMC_SendCommand
                0x000000000800c44c       0x54 Drivers/STM32F7xx_HAL_Driver/Src/stm32f7xx_ll_sdmmc.o
                0x000000000800c44c                SDMMC_SendCommand
 .text.SDMMC_GetCommandResponse
                0x000000000800c4a0       0x1a Drivers/STM32F7xx_HAL_Driver/Src/stm32f7xx_ll_sdmmc.o
                0x000000000800c4a0                SDMMC_GetCommandResponse
 .text.SDMMC_GetResponse
                0x000000000800c4ba       0x26 Drivers/STM32F7xx_HAL_Driver/Src/stm32f7xx_ll_sdmmc.o
                0x000000000800c4ba                SDMMC_GetResponse
 .text.SDMMC_ConfigData
                0x000000000800c4e0       0x58 Drivers/STM32F7xx_HAL_Driver/Src/stm32f7xx_ll_sdmmc.o
                0x000000000800c4e0                SDMMC_ConfigData
 .text.SDMMC_CmdBlockLength
                0x000000000800c538       0x44 Drivers/STM32F7xx_HAL_Driver/Src/stm32f7xx_ll_sdmmc.o
                0x000000000800c538                SDMMC_CmdBlockLength
 .text.SDMMC_CmdReadSingleBlock
                0x000000000800c57c       0x44 Drivers/STM32F7xx_HAL_Driver/Src/stm32f7xx_ll_sdmmc.o
                0x000000000800c57c                SDMMC_CmdReadSingleBlock
 .text.SDMMC_CmdReadMultiBlock
                0x000000000800c5c0       0x44 Drivers/STM32F7xx_HAL_Driver/Src/stm32f7xx_ll_sdmmc.o
                0x000000000800c5c0                SDMMC_CmdReadMultiBlock
 .text.SDMMC_CmdWriteSingleBlock
                0x000000000800c604       0x44 Drivers/STM32F7xx_HAL_Driver/Src/stm32f7xx_ll_sdmmc.o
                0x000000000800c604                SDMMC_CmdWriteSingleBlock
 .text.SDMMC_CmdWriteMultiBlock
                0x000000000800c648       0x44 Drivers/STM32F7xx_HAL_Driver/Src/stm32f7xx_ll_sdmmc.o
                0x000000000800c648                SDMMC_CmdWriteMultiBlock
 .text.SDMMC_CmdStopTransfer
                0x000000000800c68c       0x44 Drivers/STM32F7xx_HAL_Driver/Src/stm32f7xx_ll_sdmmc.o
                0x000000000800c68c                SDMMC_CmdStopTransfer
 .text.SDMMC_CmdSelDesel
                0x000000000800c6d0       0x46 Drivers/STM32F7xx_HAL_Driver/Src/stm32f7xx_ll_sdmmc.o
                0x000000000800c6d0                SDMMC_CmdSelDesel
 .text.SDMMC_CmdGoIdleState
                0x000000000800c716       0x3c Drivers/STM32F7xx_HAL_Driver/Src/stm32f7xx_ll_sdmmc.o
                0x000000000800c716                SDMMC_CmdGoIdleState
 .text.SDMMC_CmdOperCond
                0x000000000800c752       0x3e Drivers/STM32F7xx_HAL_Driver/Src/stm32f7xx_ll_sdmmc.o
                0x000000000800c752                SDMMC_CmdOperCond
 .text.SDMMC_CmdAppCommand
                0x000000000800c790       0x44 Drivers/STM32F7xx_HAL_Driver/Src/stm32f7xx_ll_sdmmc.o
                0x000000000800c790                SDMMC_CmdAppCommand
 .text.SDMMC_CmdAppOperCommand
                0x000000000800c7d4       0x48 Drivers/STM32F7xx_HAL_Driver/Src/stm32f7xx_ll_sdmmc.o
                0x000000000800c7d4                SDMMC_CmdAppOperCommand
 .text.SDMMC_CmdBusWidth
                0x000000000800c81c       0x44 Drivers/STM32F7xx_HAL_Driver/Src/stm32f7xx_ll_sdmmc.o
                0x000000000800c81c                SDMMC_CmdBusWidth
 .text.SDMMC_CmdSendSCR
                0x000000000800c860       0x42 Drivers/STM32F7xx_HAL_Driver/Src/stm32f7xx_ll_sdmmc.o
                0x000000000800c860                SDMMC_CmdSendSCR
 .text.SDMMC_CmdSendCID
                0x000000000800c8a2       0x3c Drivers/STM32F7xx_HAL_Driver/Src/stm32f7xx_ll_sdmmc.o
                0x000000000800c8a2                SDMMC_CmdSendCID
 .text.SDMMC_CmdSendCSD
                0x000000000800c8de       0x3e Drivers/STM32F7xx_HAL_Driver/Src/stm32f7xx_ll_sdmmc.o
                0x000000000800c8de                SDMMC_CmdSendCSD
 .text.SDMMC_CmdSetRelAdd
                0x000000000800c91c       0x42 Drivers/STM32F7xx_HAL_Driver/Src/stm32f7xx_ll_sdmmc.o
                0x000000000800c91c                SDMMC_CmdSetRelAdd
 .text.SDMMC_CmdSendStatus
                0x000000000800c95e       0x44 Drivers/STM32F7xx_HAL_Driver/Src/stm32f7xx_ll_sdmmc.o
                0x000000000800c95e                SDMMC_CmdSendStatus
 *fill*         0x000000000800c9a2        0x2 
 .text.SDMMC_GetCmdError
                0x000000000800c9a4       0x58 Drivers/STM32F7xx_HAL_Driver/Src/stm32f7xx_ll_sdmmc.o
 .text.SDMMC_GetCmdResp1
                0x000000000800c9fc      0x1dc Drivers/STM32F7xx_HAL_Driver/Src/stm32f7xx_ll_sdmmc.o
 .text.SDMMC_GetCmdResp2
                0x000000000800cbd8       0x90 Drivers/STM32F7xx_HAL_Driver/Src/stm32f7xx_ll_sdmmc.o
 .text.SDMMC_GetCmdResp3
                0x000000000800cc68       0x7c Drivers/STM32F7xx_HAL_Driver/Src/stm32f7xx_ll_sdmmc.o
 .text.SDMMC_GetCmdResp6
                0x000000000800cce4       0xec Drivers/STM32F7xx_HAL_Driver/Src/stm32f7xx_ll_sdmmc.o
 .text.SDMMC_GetCmdResp7
                0x000000000800cdd0       0x9c Drivers/STM32F7xx_HAL_Driver/Src/stm32f7xx_ll_sdmmc.o
 .text.MX_FATFS_Init
                0x000000000800ce6c       0x24 FATFS/App/fatfs.o
                0x000000000800ce6c                MX_FATFS_Init
 .text.get_fattime
                0x000000000800ce90       0x10 FATFS/App/fatfs.o
                0x000000000800ce90                get_fattime
 .text.BSP_SD_Init
                0x000000000800cea0       0x4c FATFS/Target/bsp_driver_sd.o
                0x000000000800cea0                BSP_SD_Init
 .text.BSP_SD_ReadBlocks_DMA
                0x000000000800ceec       0x34 FATFS/Target/bsp_driver_sd.o
                0x000000000800ceec                BSP_SD_ReadBlocks_DMA
 .text.BSP_SD_WriteBlocks_DMA
                0x000000000800cf20       0x34 FATFS/Target/bsp_driver_sd.o
                0x000000000800cf20                BSP_SD_WriteBlocks_DMA
 .text.BSP_SD_GetCardState
                0x000000000800cf54       0x20 FATFS/Target/bsp_driver_sd.o
                0x000000000800cf54                BSP_SD_GetCardState
 .text.BSP_SD_GetCardInfo
                0x000000000800cf74       0x1c FATFS/Target/bsp_driver_sd.o
                0x000000000800cf74                BSP_SD_GetCardInfo
 .text.HAL_SD_AbortCallback
                0x000000000800cf90       0x14 FATFS/Target/bsp_driver_sd.o
                0x000000000800cf90                HAL_SD_AbortCallback
 .text.HAL_SD_TxCpltCallback
                0x000000000800cfa4       0x14 FATFS/Target/bsp_driver_sd.o
                0x000000000800cfa4                HAL_SD_TxCpltCallback
 .text.HAL_SD_RxCpltCallback
                0x000000000800cfb8       0x14 FATFS/Target/bsp_driver_sd.o
                0x000000000800cfb8                HAL_SD_RxCpltCallback
 .text.BSP_SD_AbortCallback
                0x000000000800cfcc        0xe FATFS/Target/bsp_driver_sd.o
                0x000000000800cfcc                BSP_SD_AbortCallback
 .text.BSP_SD_IsDetected
                0x000000000800cfda       0x24 FATFS/Target/bsp_driver_sd.o
                0x000000000800cfda                BSP_SD_IsDetected
 *fill*         0x000000000800cffe        0x2 
 .text.BSP_PlatformIsDetected
                0x000000000800d000       0x2c FATFS/Target/fatfs_platform.o
                0x000000000800d000                BSP_PlatformIsDetected
 .text.SD_CheckStatusWithTimeout
                0x000000000800d02c       0x3a FATFS/Target/sd_diskio.o
 *fill*         0x000000000800d066        0x2 
 .text.SD_CheckStatus
                0x000000000800d068       0x3c FATFS/Target/sd_diskio.o
 .text.SD_initialize
                0x000000000800d0a4       0x98 FATFS/Target/sd_diskio.o
                0x000000000800d0a4                SD_initialize
 .text.SD_status
                0x000000000800d13c       0x1c FATFS/Target/sd_diskio.o
                0x000000000800d13c                SD_status
 .text.SD_read  0x000000000800d158       0x9c FATFS/Target/sd_diskio.o
                0x000000000800d158                SD_read
 .text.SD_write
                0x000000000800d1f4       0x94 FATFS/Target/sd_diskio.o
                0x000000000800d1f4                SD_write
 .text.SD_ioctl
                0x000000000800d288       0xb0 FATFS/Target/sd_diskio.o
                0x000000000800d288                SD_ioctl
 .text.BSP_SD_WriteCpltCallback
                0x000000000800d338       0x1c FATFS/Target/sd_diskio.o
                0x000000000800d338                BSP_SD_WriteCpltCallback
 .text.BSP_SD_ReadCpltCallback
                0x000000000800d354       0x1c FATFS/Target/sd_diskio.o
                0x000000000800d354                BSP_SD_ReadCpltCallback
 .text.disk_status
                0x000000000800d370       0x34 Middlewares/Third_Party/FatFs/src/diskio.o
                0x000000000800d370                disk_status
 .text.disk_initialize
                0x000000000800d3a4       0x4c Middlewares/Third_Party/FatFs/src/diskio.o
                0x000000000800d3a4                disk_initialize
 .text.disk_read
                0x000000000800d3f0       0x40 Middlewares/Third_Party/FatFs/src/diskio.o
                0x000000000800d3f0                disk_read
 .text.disk_write
                0x000000000800d430       0x40 Middlewares/Third_Party/FatFs/src/diskio.o
                0x000000000800d430                disk_write
 .text.disk_ioctl
                0x000000000800d470       0x3c Middlewares/Third_Party/FatFs/src/diskio.o
                0x000000000800d470                disk_ioctl
 .text.ld_word  0x000000000800d4ac       0x30 Middlewares/Third_Party/FatFs/src/ff.o
 .text.ld_dword
                0x000000000800d4dc       0x46 Middlewares/Third_Party/FatFs/src/ff.o
 .text.st_word  0x000000000800d522       0x36 Middlewares/Third_Party/FatFs/src/ff.o
 .text.st_dword
                0x000000000800d558       0x58 Middlewares/Third_Party/FatFs/src/ff.o
 .text.mem_cpy  0x000000000800d5b0       0x42 Middlewares/Third_Party/FatFs/src/ff.o
 .text.mem_set  0x000000000800d5f2       0x36 Middlewares/Third_Party/FatFs/src/ff.o
 .text.mem_cmp  0x000000000800d628       0x4e Middlewares/Third_Party/FatFs/src/ff.o
 .text.chk_chr  0x000000000800d676       0x36 Middlewares/Third_Party/FatFs/src/ff.o
 .text.lock_fs  0x000000000800d6ac       0x2c Middlewares/Third_Party/FatFs/src/ff.o
 .text.unlock_fs
                0x000000000800d6d8       0x36 Middlewares/Third_Party/FatFs/src/ff.o
 *fill*         0x000000000800d70e        0x2 
 .text.chk_lock
                0x000000000800d710       0xb8 Middlewares/Third_Party/FatFs/src/ff.o
 .text.enq_lock
                0x000000000800d7c8       0x44 Middlewares/Third_Party/FatFs/src/ff.o
 .text.inc_lock
                0x000000000800d80c      0x11c Middlewares/Third_Party/FatFs/src/ff.o
 .text.dec_lock
                0x000000000800d928       0x78 Middlewares/Third_Party/FatFs/src/ff.o
 .text.clear_lock
                0x000000000800d9a0       0x48 Middlewares/Third_Party/FatFs/src/ff.o
 .text.sync_window
                0x000000000800d9e8       0x88 Middlewares/Third_Party/FatFs/src/ff.o
 .text.move_window
                0x000000000800da70       0x5a Middlewares/Third_Party/FatFs/src/ff.o
 *fill*         0x000000000800daca        0x2 
 .text.sync_fs  0x000000000800dacc       0xdc Middlewares/Third_Party/FatFs/src/ff.o
 .text.clust2sect
                0x000000000800dba8       0x3e Middlewares/Third_Party/FatFs/src/ff.o
 .text.get_fat  0x000000000800dbe6      0x150 Middlewares/Third_Party/FatFs/src/ff.o
 .text.put_fat  0x000000000800dd36      0x1d8 Middlewares/Third_Party/FatFs/src/ff.o
 .text.remove_chain
                0x000000000800df0e       0xca Middlewares/Third_Party/FatFs/src/ff.o
 .text.create_chain
                0x000000000800dfd8      0x130 Middlewares/Third_Party/FatFs/src/ff.o
 .text.clmt_clust
                0x000000000800e108       0x68 Middlewares/Third_Party/FatFs/src/ff.o
 .text.dir_sdi  0x000000000800e170       0xf6 Middlewares/Third_Party/FatFs/src/ff.o
 .text.dir_next
                0x000000000800e266      0x18a Middlewares/Third_Party/FatFs/src/ff.o
 .text.dir_alloc
                0x000000000800e3f0       0x8e Middlewares/Third_Party/FatFs/src/ff.o
 .text.ld_clust
                0x000000000800e47e       0x3e Middlewares/Third_Party/FatFs/src/ff.o
 .text.st_clust
                0x000000000800e4bc       0x40 Middlewares/Third_Party/FatFs/src/ff.o
 .text.dir_find
                0x000000000800e4fc       0xaa Middlewares/Third_Party/FatFs/src/ff.o
 .text.dir_register
                0x000000000800e5a6       0x64 Middlewares/Third_Party/FatFs/src/ff.o
 *fill*         0x000000000800e60a        0x2 
 .text.create_name
                0x000000000800e60c      0x128 Middlewares/Third_Party/FatFs/src/ff.o
 .text.follow_path
                0x000000000800e734       0xe2 Middlewares/Third_Party/FatFs/src/ff.o
 .text.get_ldnumber
                0x000000000800e816       0x88 Middlewares/Third_Party/FatFs/src/ff.o
 *fill*         0x000000000800e89e        0x2 
 .text.check_fs
                0x000000000800e8a0       0xac Middlewares/Third_Party/FatFs/src/ff.o
 .text.find_volume
                0x000000000800e94c      0x4a8 Middlewares/Third_Party/FatFs/src/ff.o
 .text.validate
                0x000000000800edf4       0x8e Middlewares/Third_Party/FatFs/src/ff.o
 *fill*         0x000000000800ee82        0x2 
 .text.f_mount  0x000000000800ee84       0xc8 Middlewares/Third_Party/FatFs/src/ff.o
                0x000000000800ee84                f_mount
 .text.f_open   0x000000000800ef4c      0x38a Middlewares/Third_Party/FatFs/src/ff.o
                0x000000000800ef4c                f_open
 .text.f_write  0x000000000800f2d6      0x348 Middlewares/Third_Party/FatFs/src/ff.o
                0x000000000800f2d6                f_write
 .text.f_sync   0x000000000800f61e      0x112 Middlewares/Third_Party/FatFs/src/ff.o
                0x000000000800f61e                f_sync
 .text.f_close  0x000000000800f730       0x5e Middlewares/Third_Party/FatFs/src/ff.o
                0x000000000800f730                f_close
 *fill*         0x000000000800f78e        0x2 
 .text.f_mkfs   0x000000000800f790      0x858 Middlewares/Third_Party/FatFs/src/ff.o
                0x000000000800f790                f_mkfs
 .text.FATFS_LinkDriverEx
                0x000000000800ffe8       0x98 Middlewares/Third_Party/FatFs/src/ff_gen_drv.o
                0x000000000800ffe8                FATFS_LinkDriverEx
 .text.FATFS_LinkDriver
                0x0000000008010080       0x1e Middlewares/Third_Party/FatFs/src/ff_gen_drv.o
                0x0000000008010080                FATFS_LinkDriver
 .text.ff_cre_syncobj
                0x000000000801009e       0x40 Middlewares/Third_Party/FatFs/src/option/syscall.o
                0x000000000801009e                ff_cre_syncobj
 .text.ff_del_syncobj
                0x00000000080100de       0x18 Middlewares/Third_Party/FatFs/src/option/syscall.o
                0x00000000080100de                ff_del_syncobj
 .text.ff_req_grant
                0x00000000080100f6       0x2a Middlewares/Third_Party/FatFs/src/option/syscall.o
                0x00000000080100f6                ff_req_grant
 .text.ff_rel_grant
                0x0000000008010120       0x16 Middlewares/Third_Party/FatFs/src/option/syscall.o
                0x0000000008010120                ff_rel_grant
 .text.makeFreeRtosPriority
                0x0000000008010136       0x30 Middlewares/Third_Party/FreeRTOS/Source/CMSIS_RTOS/cmsis_os.o
 .text.inHandlerMode
                0x0000000008010166       0x24 Middlewares/Third_Party/FreeRTOS/Source/CMSIS_RTOS/cmsis_os.o
 .text.osKernelStart
                0x000000000801018a        0xe Middlewares/Third_Party/FreeRTOS/Source/CMSIS_RTOS/cmsis_os.o
                0x000000000801018a                osKernelStart
 .text.osKernelRunning
                0x0000000008010198       0x18 Middlewares/Third_Party/FreeRTOS/Source/CMSIS_RTOS/cmsis_os.o
                0x0000000008010198                osKernelRunning
 .text.osKernelSysTick
                0x00000000080101b0       0x20 Middlewares/Third_Party/FreeRTOS/Source/CMSIS_RTOS/cmsis_os.o
                0x00000000080101b0                osKernelSysTick
 .text.osThreadCreate
                0x00000000080101d0       0x98 Middlewares/Third_Party/FreeRTOS/Source/CMSIS_RTOS/cmsis_os.o
                0x00000000080101d0                osThreadCreate
 .text.osDelay  0x0000000008010268       0x28 Middlewares/Third_Party/FreeRTOS/Source/CMSIS_RTOS/cmsis_os.o
                0x0000000008010268                osDelay
 .text.osSemaphoreCreate
                0x0000000008010290       0x64 Middlewares/Third_Party/FreeRTOS/Source/CMSIS_RTOS/cmsis_os.o
                0x0000000008010290                osSemaphoreCreate
 .text.osSemaphoreWait
                0x00000000080102f4       0x9c Middlewares/Third_Party/FreeRTOS/Source/CMSIS_RTOS/cmsis_os.o
                0x00000000080102f4                osSemaphoreWait
 .text.osSemaphoreRelease
                0x0000000008010390       0x6c Middlewares/Third_Party/FreeRTOS/Source/CMSIS_RTOS/cmsis_os.o
                0x0000000008010390                osSemaphoreRelease
 .text.osSemaphoreDelete
                0x00000000080103fc       0x26 Middlewares/Third_Party/FreeRTOS/Source/CMSIS_RTOS/cmsis_os.o
                0x00000000080103fc                osSemaphoreDelete
 .text.osMessageCreate
                0x0000000008010422       0x50 Middlewares/Third_Party/FreeRTOS/Source/CMSIS_RTOS/cmsis_os.o
                0x0000000008010422                osMessageCreate
 *fill*         0x0000000008010472        0x2 
 .text.osMessagePut
                0x0000000008010474       0x80 Middlewares/Third_Party/FreeRTOS/Source/CMSIS_RTOS/cmsis_os.o
                0x0000000008010474                osMessagePut
 .text.osMessageGet
                0x00000000080104f4       0xe8 Middlewares/Third_Party/FreeRTOS/Source/CMSIS_RTOS/cmsis_os.o
                0x00000000080104f4                osMessageGet
 .text.vListInitialise
                0x00000000080105dc       0x40 Middlewares/Third_Party/FreeRTOS/Source/list.o
                0x00000000080105dc                vListInitialise
 .text.vListInitialiseItem
                0x000000000801061c       0x1a Middlewares/Third_Party/FreeRTOS/Source/list.o
                0x000000000801061c                vListInitialiseItem
 .text.vListInsertEnd
                0x0000000008010636       0x48 Middlewares/Third_Party/FreeRTOS/Source/list.o
                0x0000000008010636                vListInsertEnd
 .text.vListInsert
                0x000000000801067e       0x72 Middlewares/Third_Party/FreeRTOS/Source/list.o
                0x000000000801067e                vListInsert
 .text.uxListRemove
                0x00000000080106f0       0x54 Middlewares/Third_Party/FreeRTOS/Source/list.o
                0x00000000080106f0                uxListRemove
 .text.xQueueGenericReset
                0x0000000008010744       0xd4 Middlewares/Third_Party/FreeRTOS/Source/queue.o
                0x0000000008010744                xQueueGenericReset
 .text.xQueueGenericCreateStatic
                0x0000000008010818      0x104 Middlewares/Third_Party/FreeRTOS/Source/queue.o
                0x0000000008010818                xQueueGenericCreateStatic
 .text.xQueueGenericCreate
                0x000000000801091c       0x84 Middlewares/Third_Party/FreeRTOS/Source/queue.o
                0x000000000801091c                xQueueGenericCreate
 .text.prvInitialiseNewQueue
                0x00000000080109a0       0x3e Middlewares/Third_Party/FreeRTOS/Source/queue.o
 *fill*         0x00000000080109de        0x2 
 .text.xQueueGenericSend
                0x00000000080109e0      0x20c Middlewares/Third_Party/FreeRTOS/Source/queue.o
                0x00000000080109e0                xQueueGenericSend
 .text.xQueueGenericSendFromISR
                0x0000000008010bec      0x140 Middlewares/Third_Party/FreeRTOS/Source/queue.o
                0x0000000008010bec                xQueueGenericSendFromISR
 .text.xQueueGiveFromISR
                0x0000000008010d2c      0x12a Middlewares/Third_Party/FreeRTOS/Source/queue.o
                0x0000000008010d2c                xQueueGiveFromISR
 *fill*         0x0000000008010e56        0x2 
 .text.xQueueReceive
                0x0000000008010e58      0x1cc Middlewares/Third_Party/FreeRTOS/Source/queue.o
                0x0000000008010e58                xQueueReceive
 .text.xQueueSemaphoreTake
                0x0000000008011024      0x228 Middlewares/Third_Party/FreeRTOS/Source/queue.o
                0x0000000008011024                xQueueSemaphoreTake
 .text.xQueueReceiveFromISR
                0x000000000801124c      0x10c Middlewares/Third_Party/FreeRTOS/Source/queue.o
                0x000000000801124c                xQueueReceiveFromISR
 .text.vQueueDelete
                0x0000000008011358       0x4a Middlewares/Third_Party/FreeRTOS/Source/queue.o
                0x0000000008011358                vQueueDelete
 .text.prvGetDisinheritPriorityAfterTimeout
                0x00000000080113a2       0x30 Middlewares/Third_Party/FreeRTOS/Source/queue.o
 .text.prvCopyDataToQueue
                0x00000000080113d2       0xd4 Middlewares/Third_Party/FreeRTOS/Source/queue.o
 .text.prvCopyDataFromQueue
                0x00000000080114a6       0x4c Middlewares/Third_Party/FreeRTOS/Source/queue.o
 .text.prvUnlockQueue
                0x00000000080114f2       0xa4 Middlewares/Third_Party/FreeRTOS/Source/queue.o
 .text.prvIsQueueEmpty
                0x0000000008011596       0x2c Middlewares/Third_Party/FreeRTOS/Source/queue.o
 .text.prvIsQueueFull
                0x00000000080115c2       0x30 Middlewares/Third_Party/FreeRTOS/Source/queue.o
 *fill*         0x00000000080115f2        0x2 
 .text.vQueueUnregisterQueue
                0x00000000080115f4       0x54 Middlewares/Third_Party/FreeRTOS/Source/queue.o
                0x00000000080115f4                vQueueUnregisterQueue
 .text.xTaskCreateStatic
                0x0000000008011648       0xc6 Middlewares/Third_Party/FreeRTOS/Source/tasks.o
                0x0000000008011648                xTaskCreateStatic
 .text.xTaskCreate
                0x000000000801170e       0x8a Middlewares/Third_Party/FreeRTOS/Source/tasks.o
                0x000000000801170e                xTaskCreate
 .text.prvInitialiseNewTask
                0x0000000008011798      0x122 Middlewares/Third_Party/FreeRTOS/Source/tasks.o
 *fill*         0x00000000080118ba        0x2 
 .text.prvAddNewTaskToReadyList
                0x00000000080118bc       0xd4 Middlewares/Third_Party/FreeRTOS/Source/tasks.o
 .text.vTaskDelay
                0x0000000008011990       0x6c Middlewares/Third_Party/FreeRTOS/Source/tasks.o
                0x0000000008011990                vTaskDelay
 .text.vTaskStartScheduler
                0x00000000080119fc       0xc8 Middlewares/Third_Party/FreeRTOS/Source/tasks.o
                0x00000000080119fc                vTaskStartScheduler
 .text.vTaskSuspendAll
                0x0000000008011ac4       0x1c Middlewares/Third_Party/FreeRTOS/Source/tasks.o
                0x0000000008011ac4                vTaskSuspendAll
 .text.xTaskResumeAll
                0x0000000008011ae0      0x13c Middlewares/Third_Party/FreeRTOS/Source/tasks.o
                0x0000000008011ae0                xTaskResumeAll
 .text.xTaskGetTickCount
                0x0000000008011c1c       0x20 Middlewares/Third_Party/FreeRTOS/Source/tasks.o
                0x0000000008011c1c                xTaskGetTickCount
 .text.xTaskGetTickCountFromISR
                0x0000000008011c3c       0x24 Middlewares/Third_Party/FreeRTOS/Source/tasks.o
                0x0000000008011c3c                xTaskGetTickCountFromISR
 .text.xTaskIncrementTick
                0x0000000008011c60      0x174 Middlewares/Third_Party/FreeRTOS/Source/tasks.o
                0x0000000008011c60                xTaskIncrementTick
 .text.vTaskSwitchContext
                0x0000000008011dd4      0x104 Middlewares/Third_Party/FreeRTOS/Source/tasks.o
                0x0000000008011dd4                vTaskSwitchContext
 .text.vTaskPlaceOnEventList
                0x0000000008011ed8       0x4c Middlewares/Third_Party/FreeRTOS/Source/tasks.o
                0x0000000008011ed8                vTaskPlaceOnEventList
 .text.xTaskRemoveFromEventList
                0x0000000008011f24       0xc8 Middlewares/Third_Party/FreeRTOS/Source/tasks.o
                0x0000000008011f24                xTaskRemoveFromEventList
 .text.vTaskInternalSetTimeOutState
                0x0000000008011fec       0x2c Middlewares/Third_Party/FreeRTOS/Source/tasks.o
                0x0000000008011fec                vTaskInternalSetTimeOutState
 .text.xTaskCheckForTimeOut
                0x0000000008012018       0xcc Middlewares/Third_Party/FreeRTOS/Source/tasks.o
                0x0000000008012018                xTaskCheckForTimeOut
 .text.vTaskMissedYield
                0x00000000080120e4       0x18 Middlewares/Third_Party/FreeRTOS/Source/tasks.o
                0x00000000080120e4                vTaskMissedYield
 .text.prvIdleTask
                0x00000000080120fc       0x34 Middlewares/Third_Party/FreeRTOS/Source/tasks.o
 .text.prvInitialiseTaskLists
                0x0000000008012130       0x80 Middlewares/Third_Party/FreeRTOS/Source/tasks.o
 .text.prvCheckTasksWaitingTermination
                0x00000000080121b0       0x5c Middlewares/Third_Party/FreeRTOS/Source/tasks.o
 .text.prvDeleteTCB
                0x000000000801220c       0x62 Middlewares/Third_Party/FreeRTOS/Source/tasks.o
 *fill*         0x000000000801226e        0x2 
 .text.prvResetNextTaskUnblockTime
                0x0000000008012270       0x40 Middlewares/Third_Party/FreeRTOS/Source/tasks.o
 .text.xTaskGetSchedulerState
                0x00000000080122b0       0x3c Middlewares/Third_Party/FreeRTOS/Source/tasks.o
                0x00000000080122b0                xTaskGetSchedulerState
 .text.xTaskPriorityInherit
                0x00000000080122ec      0x100 Middlewares/Third_Party/FreeRTOS/Source/tasks.o
                0x00000000080122ec                xTaskPriorityInherit
 .text.xTaskPriorityDisinherit
                0x00000000080123ec      0x114 Middlewares/Third_Party/FreeRTOS/Source/tasks.o
                0x00000000080123ec                xTaskPriorityDisinherit
 .text.vTaskPriorityDisinheritAfterTimeout
                0x0000000008012500      0x13c Middlewares/Third_Party/FreeRTOS/Source/tasks.o
                0x0000000008012500                vTaskPriorityDisinheritAfterTimeout
 .text.pvTaskIncrementMutexHeldCount
                0x000000000801263c       0x28 Middlewares/Third_Party/FreeRTOS/Source/tasks.o
                0x000000000801263c                pvTaskIncrementMutexHeldCount
 .text.prvAddCurrentTaskToDelayedList
                0x0000000008012664       0xcc Middlewares/Third_Party/FreeRTOS/Source/tasks.o
 .text.pxPortInitialiseStack
                0x0000000008012730       0x68 Middlewares/Third_Party/FreeRTOS/Source/portable/GCC/ARM_CM7/r0p1/port.o
                0x0000000008012730                pxPortInitialiseStack
 .text.prvTaskExitError
                0x0000000008012798       0x60 Middlewares/Third_Party/FreeRTOS/Source/portable/GCC/ARM_CM7/r0p1/port.o
 *fill*         0x00000000080127f8        0x8 
 .text.SVC_Handler
                0x0000000008012800       0x28 Middlewares/Third_Party/FreeRTOS/Source/portable/GCC/ARM_CM7/r0p1/port.o
                0x0000000008012800                SVC_Handler
 .text.prvPortStartFirstTask
                0x0000000008012828       0x28 Middlewares/Third_Party/FreeRTOS/Source/portable/GCC/ARM_CM7/r0p1/port.o
 .text.xPortStartScheduler
                0x0000000008012850       0xfc Middlewares/Third_Party/FreeRTOS/Source/portable/GCC/ARM_CM7/r0p1/port.o
                0x0000000008012850                xPortStartScheduler
 .text.vPortEnterCritical
                0x000000000801294c       0x68 Middlewares/Third_Party/FreeRTOS/Source/portable/GCC/ARM_CM7/r0p1/port.o
                0x000000000801294c                vPortEnterCritical
 .text.vPortExitCritical
                0x00000000080129b4       0x58 Middlewares/Third_Party/FreeRTOS/Source/portable/GCC/ARM_CM7/r0p1/port.o
                0x00000000080129b4                vPortExitCritical
 *fill*         0x0000000008012a0c        0x4 
 .text.PendSV_Handler
                0x0000000008012a10       0x68 Middlewares/Third_Party/FreeRTOS/Source/portable/GCC/ARM_CM7/r0p1/port.o
                0x0000000008012a10                PendSV_Handler
 .text.SysTick_Handler
                0x0000000008012a78       0x48 Middlewares/Third_Party/FreeRTOS/Source/portable/GCC/ARM_CM7/r0p1/port.o
                0x0000000008012a78                SysTick_Handler
 .text.vPortSetupTimerInterrupt
                0x0000000008012ac0       0x48 Middlewares/Third_Party/FreeRTOS/Source/portable/GCC/ARM_CM7/r0p1/port.o
                0x0000000008012ac0                vPortSetupTimerInterrupt
 .text.vPortEnableVFP
                0x0000000008012b08       0x14 Middlewares/Third_Party/FreeRTOS/Source/portable/GCC/ARM_CM7/r0p1/port.o
 .text.vPortValidateInterruptPriority
                0x0000000008012b1c       0x88 Middlewares/Third_Party/FreeRTOS/Source/portable/GCC/ARM_CM7/r0p1/port.o
                0x0000000008012b1c                vPortValidateInterruptPriority
 .text.pvPortMalloc
                0x0000000008012ba4      0x1a0 Middlewares/Third_Party/FreeRTOS/Source/portable/MemMang/heap_4.o
                0x0000000008012ba4                pvPortMalloc
 .text.vPortFree
                0x0000000008012d44       0xbc Middlewares/Third_Party/FreeRTOS/Source/portable/MemMang/heap_4.o
                0x0000000008012d44                vPortFree
 .text.prvHeapInit
                0x0000000008012e00       0xc4 Middlewares/Third_Party/FreeRTOS/Source/portable/MemMang/heap_4.o
 .text.prvInsertBlockIntoFreeList
                0x0000000008012ec4       0xb4 Middlewares/Third_Party/FreeRTOS/Source/portable/MemMang/heap_4.o
 .text.__libc_init_array
                0x0000000008012f78       0x48 c:/st/stm32cubeide_1.5.1/stm32cubeide/plugins/com.st.stm32cube.ide.mcu.externaltools.gnu-tools-for-stm32.9-2020-q2-update.win32_1.5.0.202011040924/tools/bin/../lib/gcc/arm-none-eabi/9.3.1/../../../../arm-none-eabi/lib/thumb/v7e-m+fp/hard\libc_nano.a(lib_a-init.o)
                0x0000000008012f78                __libc_init_array
 .text.memcpy   0x0000000008012fc0       0x1c c:/st/stm32cubeide_1.5.1/stm32cubeide/plugins/com.st.stm32cube.ide.mcu.externaltools.gnu-tools-for-stm32.9-2020-q2-update.win32_1.5.0.202011040924/tools/bin/../lib/gcc/arm-none-eabi/9.3.1/../../../../arm-none-eabi/lib/thumb/v7e-m+fp/hard\libc_nano.a(lib_a-memcpy-stub.o)
                0x0000000008012fc0                memcpy
 .text.memset   0x0000000008012fdc       0x10 c:/st/stm32cubeide_1.5.1/stm32cubeide/plugins/com.st.stm32cube.ide.mcu.externaltools.gnu-tools-for-stm32.9-2020-q2-update.win32_1.5.0.202011040924/tools/bin/../lib/gcc/arm-none-eabi/9.3.1/../../../../arm-none-eabi/lib/thumb/v7e-m+fp/hard\libc_nano.a(lib_a-memset.o)
                0x0000000008012fdc                memset
 *(.glue_7)
 .glue_7        0x0000000008012fec        0x0 linker stubs
 *(.glue_7t)
 .glue_7t       0x0000000008012fec        0x0 linker stubs
 *(.eh_frame)
 .eh_frame      0x0000000008012fec        0x0 c:/st/stm32cubeide_1.5.1/stm32cubeide/plugins/com.st.stm32cube.ide.mcu.externaltools.gnu-tools-for-stm32.9-2020-q2-update.win32_1.5.0.202011040924/tools/bin/../lib/gcc/arm-none-eabi/9.3.1/thumb/v7e-m+fp/hard/crtbegin.o
 *(.init)
 .init          0x0000000008012fec        0x4 c:/st/stm32cubeide_1.5.1/stm32cubeide/plugins/com.st.stm32cube.ide.mcu.externaltools.gnu-tools-for-stm32.9-2020-q2-update.win32_1.5.0.202011040924/tools/bin/../lib/gcc/arm-none-eabi/9.3.1/thumb/v7e-m+fp/hard/crti.o
                0x0000000008012fec                _init
 .init          0x0000000008012ff0        0x8 c:/st/stm32cubeide_1.5.1/stm32cubeide/plugins/com.st.stm32cube.ide.mcu.externaltools.gnu-tools-for-stm32.9-2020-q2-update.win32_1.5.0.202011040924/tools/bin/../lib/gcc/arm-none-eabi/9.3.1/thumb/v7e-m+fp/hard/crtn.o
 *(.fini)
 .fini          0x0000000008012ff8        0x4 c:/st/stm32cubeide_1.5.1/stm32cubeide/plugins/com.st.stm32cube.ide.mcu.externaltools.gnu-tools-for-stm32.9-2020-q2-update.win32_1.5.0.202011040924/tools/bin/../lib/gcc/arm-none-eabi/9.3.1/thumb/v7e-m+fp/hard/crti.o
                0x0000000008012ff8                _fini
 .fini          0x0000000008012ffc        0x8 c:/st/stm32cubeide_1.5.1/stm32cubeide/plugins/com.st.stm32cube.ide.mcu.externaltools.gnu-tools-for-stm32.9-2020-q2-update.win32_1.5.0.202011040924/tools/bin/../lib/gcc/arm-none-eabi/9.3.1/thumb/v7e-m+fp/hard/crtn.o
                0x0000000008013004                . = ALIGN (0x4)
                0x0000000008013004                _etext = .

.vfp11_veneer   0x0000000008013004        0x0
 .vfp11_veneer  0x0000000008013004        0x0 linker stubs

.v4_bx          0x0000000008013004        0x0
 .v4_bx         0x0000000008013004        0x0 linker stubs

.iplt           0x0000000008013004        0x0
 .iplt          0x0000000008013004        0x0 c:/st/stm32cubeide_1.5.1/stm32cubeide/plugins/com.st.stm32cube.ide.mcu.externaltools.gnu-tools-for-stm32.9-2020-q2-update.win32_1.5.0.202011040924/tools/bin/../lib/gcc/arm-none-eabi/9.3.1/thumb/v7e-m+fp/hard/crtbegin.o

.rodata         0x0000000008013004     0x2164
                0x0000000008013004                . = ALIGN (0x4)
 *(.rodata)
 .rodata        0x0000000008013004      0x105 Core/Src/main.o
 *fill*         0x0000000008013109        0x3 
 .rodata        0x000000000801310c       0x10 FATFS/Target/sd_diskio.o
 .rodata        0x000000000801311c       0x44 Middlewares/Third_Party/FatFs/src/ff.o
 .rodata        0x0000000008013160        0x5 Middlewares/Third_Party/FreeRTOS/Source/tasks.o
 *(.rodata*)
 *fill*         0x0000000008013165        0x3 
 .rodata.Font24_Table
                0x0000000008013168     0x1ab8 Core/Src/stm32746g_discovery_lcd.o
                0x0000000008013168                Font24_Table
 .rodata.Font12_Table
                0x0000000008014c20      0x474 Core/Src/stm32746g_discovery_lcd.o
                0x0000000008014c20                Font12_Table
 .rodata.AHBPrescTable
                0x0000000008015094       0x10 Core/Src/system_stm32f7xx.o
                0x0000000008015094                AHBPrescTable
 .rodata.APBPrescTable
                0x00000000080150a4        0x8 Core/Src/system_stm32f7xx.o
                0x00000000080150a4                APBPrescTable
 .rodata.flagBitshiftOffset.9945
                0x00000000080150ac        0x8 Drivers/STM32F7xx_HAL_Driver/Src/stm32f7xx_hal_dma.o
 .rodata.SD_Driver
                0x00000000080150b4       0x14 FATFS/Target/sd_diskio.o
                0x00000000080150b4                SD_Driver
 .rodata.ExCvt  0x00000000080150c8       0x80 Middlewares/Third_Party/FatFs/src/ff.o
 .rodata.cst32.11446
                0x0000000008015148        0xe Middlewares/Third_Party/FatFs/src/ff.o
 *fill*         0x0000000008015156        0x2 
 .rodata.cst.11445
                0x0000000008015158        0xe Middlewares/Third_Party/FatFs/src/ff.o
                0x0000000008015168                . = ALIGN (0x4)
 *fill*         0x0000000008015166        0x2 

.ARM.extab      0x0000000008015168        0x0