Archive member included to satisfy reference by file (symbol)

c:/st/stm32cubeide_1.5.1/stm32cubeide/plugins/com.st.stm32cube.ide.mcu.externaltools.gnu-tools-for-stm32.9-2020-q2-update.win32_1.5.0.202011040924/tools/bin/../lib/gcc/arm-none-eabi/9.3.1/../../../../arm-none-eabi/lib/thumb/v7e-m+fp/hard\libc_nano.a(lib_a-errno.o)
                              Core/Src/syscalls.o (__errno)
c:/st/stm32cubeide_1.5.1/stm32cubeide/plugins/com.st.stm32cube.ide.mcu.externaltools.gnu-tools-for-stm32.9-2020-q2-update.win32_1.5.0.202011040924/tools/bin/../lib/gcc/arm-none-eabi/9.3.1/../../../../arm-none-eabi/lib/thumb/v7e-m+fp/hard\libc_nano.a(lib_a-exit.o)
                              c:/st/stm32cubeide_1.5.1/stm32cubeide/plugins/com.st.stm32cube.ide.mcu.externaltools.gnu-tools-for-stm32.9-2020-q2-update.win32_1.5.0.202011040924/tools/bin/../lib/gcc/arm-none-eabi/9.3.1/../../../../arm-none-eabi/lib/thumb/v7e-m+fp/hard/crt0.o (exit)
c:/st/stm32cubeide_1.5.1/stm32cubeide/plugins/com.st.stm32cube.ide.mcu.externaltools.gnu-tools-for-stm32.9-2020-q2-update.win32_1.5.0.202011040924/tools/bin/../lib/gcc/arm-none-eabi/9.3.1/../../../../arm-none-eabi/lib/thumb/v7e-m+fp/hard\libc_nano.a(lib_a-impure.o)
                              c:/st/stm32cubeide_1.5.1/stm32cubeide/plugins/com.st.stm32cube.ide.mcu.externaltools.gnu-tools-for-stm32.9-2020-q2-update.win32_1.5.0.202011040924/tools/bin/../lib/gcc/arm-none-eabi/9.3.1/../../../../arm-none-eabi/lib/thumb/v7e-m+fp/hard\libc_nano.a(lib_a-exit.o) (_global_impure_ptr)
c:/st/stm32cubeide_1.5.1/stm32cubeide/plugins/com.st.stm32cube.ide.mcu.externaltools.gnu-tools-for-stm32.9-2020-q2-update.win32_1.5.0.202011040924/tools/bin/../lib/gcc/arm-none-eabi/9.3.1/../../../../arm-none-eabi/lib/thumb/v7e-m+fp/hard\libc_nano.a(lib_a-init.o)
                              c:/st/stm32cubeide_1.5.1/stm32cubeide/plugins/com.st.stm32cube.ide.mcu.externaltools.gnu-tools-for-stm32.9-2020-q2-update.win32_1.5.0.202011040924/tools/bin/../lib/gcc/arm-none-eabi/9.3.1/../../../../arm-none-eabi/lib/thumb/v7e-m+fp/hard/crt0.o (__libc_init_array)
c:/st/stm32cubeide_1.5.1/stm32cubeide/plugins/com.st.stm32cube.ide.mcu.externaltools.gnu-tools-for-stm32.9-2020-q2-update.win32_1.5.0.202011040924/tools/bin/../lib/gcc/arm-none-eabi/9.3.1/../../../../arm-none-eabi/lib/thumb/v7e-m+fp/hard\libc_nano.a(lib_a-memcpy-stub.o)
                              Middlewares/Third_Party/FreeRTOS/Source/queue.o (memcpy)
c:/st/stm32cubeide_1.5.1/stm32cubeide/plugins/com.st.stm32cube.ide.mcu.externaltools.gnu-tools-for-stm32.9-2020-q2-update.win32_1.5.0.202011040924/tools/bin/../lib/gcc/arm-none-eabi/9.3.1/../../../../arm-none-eabi/lib/thumb/v7e-m+fp/hard\libc_nano.a(lib_a-memset.o)
                              c:/st/stm32cubeide_1.5.1/stm32cubeide/plugins/com.st.stm32cube.ide.mcu.externaltools.gnu-tools-for-stm32.9-2020-q2-update.win32_1.5.0.202011040924/tools/bin/../lib/gcc/arm-none-eabi/9.3.1/../../../../arm-none-eabi/lib/thumb/v7e-m+fp/hard/crt0.o (memset)
c:/st/stm32cubeide_1.5.1/stm32cubeide/plugins/com.st.stm32cube.ide.mcu.externaltools.gnu-tools-for-stm32.9-2020-q2-update.win32_1.5.0.202011040924/tools/bin/../lib/gcc/arm-none-eabi/9.3.1/../../../../arm-none-eabi/lib/thumb/v7e-m+fp/hard\libc_nano.a(lib_a-strlen.o)
                              Core/Src/main.o (strlen)
c:/st/stm32cubeide_1.5.1/stm32cubeide/plugins/com.st.stm32cube.ide.mcu.externaltools.gnu-tools-for-stm32.9-2020-q2-update.win32_1.5.0.202011040924/tools/bin/../lib/gcc/arm-none-eabi/9.3.1/thumb/v7e-m+fp/hard\libgcc.a(_aeabi_uldivmod.o)
                              Drivers/STM32F7xx_HAL_Driver/Src/stm32f7xx_hal_rcc.o (__aeabi_uldivmod)
c:/st/stm32cubeide_1.5.1/stm32cubeide/plugins/com.st.stm32cube.ide.mcu.externaltools.gnu-tools-for-stm32.9-2020-q2-update.win32_1.5.0.202011040924/tools/bin/../lib/gcc/arm-none-eabi/9.3.1/thumb/v7e-m+fp/hard\libgcc.a(_udivmoddi4.o)
                              c:/st/stm32cubeide_1.5.1/stm32cubeide/plugins/com.st.stm32cube.ide.mcu.externaltools.gnu-tools-for-stm32.9-2020-q2-update.win32_1.5.0.202011040924/tools/bin/../lib/gcc/arm-none-eabi/9.3.1/thumb/v7e-m+fp/hard\libgcc.a(_aeabi_uldivmod.o) (__udivmoddi4)
c:/st/stm32cubeide_1.5.1/stm32cubeide/plugins/com.st.stm32cube.ide.mcu.externaltools.gnu-tools-for-stm32.9-2020-q2-update.win32_1.5.0.202011040924/tools/bin/../lib/gcc/arm-none-eabi/9.3.1/thumb/v7e-m+fp/hard\libgcc.a(_dvmd_tls.o)
                              c:/st/stm32cubeide_1.5.1/stm32cubeide/plugins/com.st.stm32cube.ide.mcu.externaltools.gnu-tools-for-stm32.9-2020-q2-update.win32_1.5.0.202011040924/tools/bin/../lib/gcc/arm-none-eabi/9.3.1/thumb/v7e-m+fp/hard\libgcc.a(_aeabi_uldivmod.o) (__aeabi_ldiv0)

Allocating common symbols
Common symbol       size              file

hsai_BlockB2        0x84              Core/Src/main.o
sdramHandle         0x34              Core/Src/stm32746g_discovery_sdram.o
retSD               0x1               FATFS/App/fatfs.o
defaultTaskHandle   0x4               Core/Src/main.o
[...]
Memory Configuration

Name             Origin             Length             Attributes
RAM              0x0000000020000000 0x0000000000050000 xrw
FLASH            0x0000000008000000 0x0000000000100000 xr
*default*        0x0000000000000000 0xffffffffffffffff

Linker script and memory map

LOAD c:/st/stm32cubeide_1.5.1/stm32cubeide/plugins/com.st.stm32cube.ide.mcu.externaltools.gnu-tools-for-stm32.9-2020-q2-update.win32_1.5.0.202011040924/tools/bin/../lib/gcc/arm-none-eabi/9.3.1/thumb/v7e-m+fp/hard/crti.o
LOAD c:/st/stm32cubeide_1.5.1/stm32cubeide/plugins/com.st.stm32cube.ide.mcu.externaltools.gnu-tools-for-stm32.9-2020-q2-update.win32_1.5.0.202011040924/tools/bin/../lib/gcc/arm-none-eabi/9.3.1/thumb/v7e-m+fp/hard/crtbegin.o
LOAD c:/st/stm32cubeide_1.5.1/stm32cubeide/plugins/com.st.stm32cube.ide.mcu.externaltools.gnu-tools-for-stm32.9-2020-q2-update.win32_1.5.0.202011040924/tools/bin/../lib/gcc/arm-none-eabi/9.3.1/../../../../arm-none-eabi/lib/thumb/v7e-m+fp/hard/crt0.o
LOAD Core/Src/freertos.o
LOAD Core/Src/ft5336.o
LOAD Core/Src/main.o
LOAD Core/Src/stm32746g_discovery.o
LOAD Core/Src/stm32746g_discovery_audio.o
LOAD Core/Src/stm32746g_discovery_lcd.o
LOAD Core/Src/stm32746g_discovery_sdram.o
LOAD Core/Src/stm32746g_discovery_ts.o
LOAD Core/Src/stm32f7xx_hal_msp.o
LOAD Core/Src/stm32f7xx_hal_timebase_tim.o
LOAD Core/Src/stm32f7xx_it.o
LOAD Core/Src/syscalls.o
LOAD Core/Src/sysmem.o
LOAD Core/Src/system_stm32f7xx.o
LOAD Core/Src/wm8994.o
LOAD Core/Startup/startup_stm32f746nghx.o
LOAD Drivers/STM32F7xx_HAL_Driver/Src/stm32f7xx_hal.o
LOAD Drivers/STM32F7xx_HAL_Driver/Src/stm32f7xx_hal_cortex.o
LOAD Drivers/STM32F7xx_HAL_Driver/Src/stm32f7xx_hal_dma.o
LOAD Drivers/STM32F7xx_HAL_Driver/Src/stm32f7xx_hal_dma2d.o
LOAD Drivers/STM32F7xx_HAL_Driver/Src/stm32f7xx_hal_dma_ex.o
LOAD Drivers/STM32F7xx_HAL_Driver/Src/stm32f7xx_hal_dsi.o
LOAD Drivers/STM32F7xx_HAL_Driver/Src/stm32f7xx_hal_exti.o
LOAD Drivers/STM32F7xx_HAL_Driver/Src/stm32f7xx_hal_flash.o
LOAD Drivers/STM32F7xx_HAL_Driver/Src/stm32f7xx_hal_flash_ex.o
LOAD Drivers/STM32F7xx_HAL_Driver/Src/stm32f7xx_hal_gpio.o
LOAD Drivers/STM32F7xx_HAL_Driver/Src/stm32f7xx_hal_i2c.o
LOAD Drivers/STM32F7xx_HAL_Driver/Src/stm32f7xx_hal_i2c_ex.o
LOAD Drivers/STM32F7xx_HAL_Driver/Src/stm32f7xx_hal_ltdc.o
LOAD Drivers/STM32F7xx_HAL_Driver/Src/stm32f7xx_hal_ltdc_ex.o
LOAD Drivers/STM32F7xx_HAL_Driver/Src/stm32f7xx_hal_pwr.o
LOAD Drivers/STM32F7xx_HAL_Driver/Src/stm32f7xx_hal_pwr_ex.o
LOAD Drivers/STM32F7xx_HAL_Driver/Src/stm32f7xx_hal_rcc.o
LOAD Drivers/STM32F7xx_HAL_Driver/Src/stm32f7xx_hal_rcc_ex.o
LOAD Drivers/STM32F7xx_HAL_Driver/Src/stm32f7xx_hal_sai.o
LOAD Drivers/STM32F7xx_HAL_Driver/Src/stm32f7xx_hal_sai_ex.o
LOAD Drivers/STM32F7xx_HAL_Driver/Src/stm32f7xx_hal_sd.o
LOAD Drivers/STM32F7xx_HAL_Driver/Src/stm32f7xx_hal_sdram.o
LOAD Drivers/STM32F7xx_HAL_Driver/Src/stm32f7xx_hal_tim.o
LOAD Drivers/STM32F7xx_HAL_Driver/Src/stm32f7xx_hal_tim_ex.o
LOAD Drivers/STM32F7xx_HAL_Driver/Src/stm32f7xx_hal_uart.o
LOAD Drivers/STM32F7xx_HAL_Driver/Src/stm32f7xx_hal_uart_ex.o
LOAD Drivers/STM32F7xx_HAL_Driver/Src/stm32f7xx_ll_fmc.o
LOAD Drivers/STM32F7xx_HAL_Driver/Src/stm32f7xx_ll_sdmmc.o
LOAD FATFS/App/fatfs.o
LOAD FATFS/Target/bsp_driver_sd.o
LOAD FATFS/Target/fatfs_platform.o
LOAD FATFS/Target/sd_diskio.o
LOAD Middlewares/Third_Party/FatFs/src/diskio.o
LOAD Middlewares/Third_Party/FatFs/src/ff.o
LOAD Middlewares/Third_Party/FatFs/src/ff_gen_drv.o
LOAD Middlewares/Third_Party/FatFs/src/option/syscall.o
LOAD Middlewares/Third_Party/FreeRTOS/Source/CMSIS_RTOS/cmsis_os.o
LOAD Middlewares/Third_Party/FreeRTOS/Source/croutine.o
LOAD Middlewares/Third_Party/FreeRTOS/Source/event_groups.o
LOAD Middlewares/Third_Party/FreeRTOS/Source/list.o
LOAD Middlewares/Third_Party/FreeRTOS/Source/queue.o
LOAD Middlewares/Third_Party/FreeRTOS/Source/stream_buffer.o
LOAD Middlewares/Third_Party/FreeRTOS/Source/tasks.o
LOAD Middlewares/Third_Party/FreeRTOS/Source/timers.o
LOAD Middlewares/Third_Party/FreeRTOS/Source/portable/GCC/ARM_CM7/r0p1/port.o
LOAD Middlewares/Third_Party/FreeRTOS/Source/portable/MemMang/heap_4.o
START GROUP
LOAD c:/st/stm32cubeide_1.5.1/stm32cubeide/plugins/com.st.stm32cube.ide.mcu.externaltools.gnu-tools-for-stm32.9-2020-q2-update.win32_1.5.0.202011040924/tools/bin/../lib/gcc/arm-none-eabi/9.3.1/../../../../arm-none-eabi/lib/thumb/v7e-m+fp/hard\libc_nano.a
LOAD c:/st/stm32cubeide_1.5.1/stm32cubeide/plugins/com.st.stm32cube.ide.mcu.externaltools.gnu-tools-for-stm32.9-2020-q2-update.win32_1.5.0.202011040924/tools/bin/../lib/gcc/arm-none-eabi/9.3.1/../../../../arm-none-eabi/lib/thumb/v7e-m+fp/hard\libm.a
END GROUP
START GROUP
LOAD c:/st/stm32cubeide_1.5.1/stm32cubeide/plugins/com.st.stm32cube.ide.mcu.externaltools.gnu-tools-for-stm32.9-2020-q2-update.win32_1.5.0.202011040924/tools/bin/../lib/gcc/arm-none-eabi/9.3.1/thumb/v7e-m+fp/hard\libgcc.a
LOAD c:/st/stm32cubeide_1.5.1/stm32cubeide/plugins/com.st.stm32cube.ide.mcu.externaltools.gnu-tools-for-stm32.9-2020-q2-update.win32_1.5.0.202011040924/tools/bin/../lib/gcc/arm-none-eabi/9.3.1/../../../../arm-none-eabi/lib/thumb/v7e-m+fp/hard\libc_nano.a
END GROUP
START GROUP
LOAD c:/st/stm32cubeide_1.5.1/stm32cubeide/plugins/com.st.stm32cube.ide.mcu.externaltools.gnu-tools-for-stm32.9-2020-q2-update.win32_1.5.0.202011040924/tools/bin/../lib/gcc/arm-none-eabi/9.3.1/thumb/v7e-m+fp/hard\libgcc.a
LOAD c:/st/stm32cubeide_1.5.1/stm32cubeide/plugins/com.st.stm32cube.ide.mcu.externaltools.gnu-tools-for-stm32.9-2020-q2-update.win32_1.5.0.202011040924/tools/bin/../lib/gcc/arm-none-eabi/9.3.1/../../../../arm-none-eabi/lib/thumb/v7e-m+fp/hard\libc_nano.a
LOAD c:/st/stm32cubeide_1.5.1/stm32cubeide/plugins/com.st.stm32cube.ide.mcu.externaltools.gnu-tools-for-stm32.9-2020-q2-update.win32_1.5.0.202011040924/tools/bin/../lib/gcc/arm-none-eabi/9.3.1/../../../../arm-none-eabi/lib/thumb/v7e-m+fp/hard\libnosys.a
END GROUP
START GROUP
LOAD c:/st/stm32cubeide_1.5.1/stm32cubeide/plugins/com.st.stm32cube.ide.mcu.externaltools.gnu-tools-for-stm32.9-2020-q2-update.win32_1.5.0.202011040924/tools/bin/../lib/gcc/arm-none-eabi/9.3.1/thumb/v7e-m+fp/hard\libgcc.a
LOAD c:/st/stm32cubeide_1.5.1/stm32cubeide/plugins/com.st.stm32cube.ide.mcu.externaltools.gnu-tools-for-stm32.9-2020-q2-update.win32_1.5.0.202011040924/tools/bin/../lib/gcc/arm-none-eabi/9.3.1/../../../../arm-none-eabi/lib/thumb/v7e-m+fp/hard\libc_nano.a
LOAD c:/st/stm32cubeide_1.5.1/stm32cubeide/plugins/com.st.stm32cube.ide.mcu.externaltools.gnu-tools-for-stm32.9-2020-q2-update.win32_1.5.0.202011040924/tools/bin/../lib/gcc/arm-none-eabi/9.3.1/../../../../arm-none-eabi/lib/thumb/v7e-m+fp/hard\libnosys.a
END GROUP
LOAD c:/st/stm32cubeide_1.5.1/stm32cubeide/plugins/com.st.stm32cube.ide.mcu.externaltools.gnu-tools-for-stm32.9-2020-q2-update.win32_1.5.0.202011040924/tools/bin/../lib/gcc/arm-none-eabi/9.3.1/thumb/v7e-m+fp/hard/crtend.o
LOAD c:/st/stm32cubeide_1.5.1/stm32cubeide/plugins/com.st.stm32cube.ide.mcu.externaltools.gnu-tools-for-stm32.9-2020-q2-update.win32_1.5.0.202011040924/tools/bin/../lib/gcc/arm-none-eabi/9.3.1/thumb/v7e-m+fp/hard/crtn.o
                0x0000000020050000                _estack = (ORIGIN (RAM) + LENGTH (RAM))
                0x0000000000000400                _Min_Heap_Size = 0x400
                0x0000000000000800                _Min_Stack_Size = 0x800

.isr_vector     0x0000000008000000      0x1c8
                0x0000000008000000                . = ALIGN (0x4)
 *(.isr_vector)
 .isr_vector    0x0000000008000000      0x1c8 Core/Startup/startup_stm32f746nghx.o
                0x0000000008000000                g_pfnVectors
                0x00000000080001c8                . = ALIGN (0x4)

.text           0x00000000080001d0    0x12ca4
                0x00000000080001d0                . = ALIGN (0x4)
 *(.text)
 .text          0x00000000080001d0       0x40 c:/st/stm32cubeide_1.5.1/stm32cubeide/plugins/com.st.stm32cube.ide.mcu.externaltools.gnu-tools-for-stm32.9-2020-q2-update.win32_1.5.0.202011040924/tools/bin/../lib/gcc/arm-none-eabi/9.3.1/thumb/v7e-m+fp/hard/crtbegin.o
 .text          0x0000000008000210       0x10 c:/st/stm32cubeide_1.5.1/stm32cubeide/plugins/com.st.stm32cube.ide.mcu.externaltools.gnu-tools-for-stm32.9-2020-q2-update.win32_1.5.0.202011040924/tools/bin/../lib/gcc/arm-none-eabi/9.3.1/../../../../arm-none-eabi/lib/thumb/v7e-m+fp/hard\libc_nano.a(lib_a-strlen.o)
                0x0000000008000210                strlen
 .text          0x0000000008000220       0x30 c:/st/stm32cubeide_1.5.1/stm32cubeide/plugins/com.st.stm32cube.ide.mcu.externaltools.gnu-tools-for-stm32.9-2020-q2-update.win32_1.5.0.202011040924/tools/bin/../lib/gcc/arm-none-eabi/9.3.1/thumb/v7e-m+fp/hard\libgcc.a(_aeabi_uldivmod.o)
                0x0000000008000220                __aeabi_uldivmod
 .text          0x0000000008000250      0x2c4 c:/st/stm32cubeide_1.5.1/stm32cubeide/plugins/com.st.stm32cube.ide.mcu.externaltools.gnu-tools-for-stm32.9-2020-q2-update.win32_1.5.0.202011040924/tools/bin/../lib/gcc/arm-none-eabi/9.3.1/thumb/v7e-m+fp/hard\libgcc.a(_udivmoddi4.o)
                0x0000000008000250                __udivmoddi4
 .text          0x0000000008000514        0x4 c:/st/stm32cubeide_1.5.1/stm32cubeide/plugins/com.st.stm32cube.ide.mcu.externaltools.gnu-tools-for-stm32.9-2020-q2-update.win32_1.5.0.202011040924/tools/bin/../lib/gcc/arm-none-eabi/9.3.1/thumb/v7e-m+fp/hard\libgcc.a(_dvmd_tls.o)
                0x0000000008000514                __aeabi_idiv0
                0x0000000008000514                __aeabi_ldiv0
 *(.text*)
 .text.vApplicationIdleHook
                0x0000000008000518        0xe Core/Src/freertos.o
                0x0000000008000518                vApplicationIdleHook
 .text.vApplicationStackOverflowHook
                0x0000000008000526       0x16 Core/Src/freertos.o
                0x0000000008000526                vApplicationStackOverflowHook
 .text.vApplicationMallocFailedHook
                0x000000000800053c        0xe Core/Src/freertos.o
                0x000000000800053c                vApplicationMallocFailedHook
 *fill*         0x000000000800054a        0x2 
 .text.vApplicationGetIdleTaskMemory
                0x000000000800054c       0x34 Core/Src/freertos.o
                0x000000000800054c                vApplicationGetIdleTaskMemory
 .text.ft5336_Init
                0x0000000008000580       0x1c Core/Src/ft5336.o
                0x0000000008000580                ft5336_Init
 .text.ft5336_Reset
                0x000000000800059c       0x16 Core/Src/ft5336.o
                0x000000000800059c                ft5336_Reset
 .text.ft5336_ReadID
                0x00000000080005b2       0x5c Core/Src/ft5336.o
                0x00000000080005b2                ft5336_ReadID
 .text.ft5336_TS_Start
                0x000000000800060e       0x22 Core/Src/ft5336.o
                0x000000000800060e                ft5336_TS_Start
 .text.ft5336_TS_DetectTouch
                0x0000000008000630       0x54 Core/Src/ft5336.o
                0x0000000008000630                ft5336_TS_DetectTouch
 .text.ft5336_TS_GetXY
                0x0000000008000684      0x1e0 Core/Src/ft5336.o
                0x0000000008000684                ft5336_TS_GetXY
 .text.ft5336_TS_EnableIT
                0x0000000008000864       0x28 Core/Src/ft5336.o
                0x0000000008000864                ft5336_TS_EnableIT
 .text.ft5336_TS_DisableIT
                0x000000000800088c       0x28 Core/Src/ft5336.o
                0x000000000800088c                ft5336_TS_DisableIT
 .text.ft5336_TS_ITStatus
                0x00000000080008b4       0x18 Core/Src/ft5336.o
                0x00000000080008b4                ft5336_TS_ITStatus
 .text.ft5336_TS_ClearIT
                0x00000000080008cc       0x16 Core/Src/ft5336.o
                0x00000000080008cc                ft5336_TS_ClearIT
 *fill*         0x00000000080008e2        0x2 
 .text.ft5336_Get_I2C_InitializedStatus
                0x00000000080008e4       0x18 Core/Src/ft5336.o
 .text.ft5336_I2C_InitializeIfRequired
                0x00000000080008fc       0x20 Core/Src/ft5336.o
 .text.ft5336_TS_Configure
                0x000000000800091c       0x1c Core/Src/ft5336.o
 .text.SCB_EnableICache
                0x0000000008000938       0x4c Core/Src/main.o
 .text.SCB_EnableDCache
                0x0000000008000984       0x88 Core/Src/main.o
 .text.main     0x0000000008000a0c      0x1b0 Core/Src/main.o
                0x0000000008000a0c                main
 .text.SystemClock_Config
                0x0000000008000bbc      0x154 Core/Src/main.o
                0x0000000008000bbc                SystemClock_Config
 .text.MX_DMA2D_Init
                0x0000000008000d10       0x64 Core/Src/main.o
 .text.MX_LTDC_Init
                0x0000000008000d74      0x104 Core/Src/main.o
 .text.MX_SAI2_Init
                0x0000000008000e78      0x150 Core/Src/main.o
 .text.MX_SDMMC1_SD_Init
                0x0000000008000fc8       0x40 Core/Src/main.o
 .text.MX_USART1_UART_Init
                0x0000000008001008       0x60 Core/Src/main.o
 .text.MX_DMA_Init
                0x0000000008001068       0x6c Core/Src/main.o
 .text.MX_FMC_Init
                0x00000000080010d4       0x9c Core/Src/main.o
 .text.MX_GPIO_Init
                0x0000000008001170      0x6e4 Core/Src/main.o
 .text.BSP_AUDIO_IN_TransferComplete_CallBack
                0x0000000008001854       0x18 Core/Src/main.o
                0x0000000008001854                BSP_AUDIO_IN_TransferComplete_CallBack
 .text.BSP_AUDIO_IN_HalfTransfer_CallBack
                0x000000000800186c       0x18 Core/Src/main.o
                0x000000000800186c                BSP_AUDIO_IN_HalfTransfer_CallBack
 .text.StartDefaultTask
                0x0000000008001884       0x10 Core/Src/main.o
                0x0000000008001884                StartDefaultTask
 .text.SDTask   0x0000000008001894       0xdc Core/Src/main.o
                0x0000000008001894                SDTask
 .text.AudioTask
                0x0000000008001970       0xb4 Core/Src/main.o
                0x0000000008001970                AudioTask
 .text.HAL_TIM_PeriodElapsedCallback
                0x0000000008001a24       0x24 Core/Src/main.o
                0x0000000008001a24                HAL_TIM_PeriodElapsedCallback
 .text.Error_Handler
                0x0000000008001a48        0xa Core/Src/main.o
                0x0000000008001a48                Error_Handler
 *fill*         0x0000000008001a52        0x2 
 .text.I2Cx_MspInit
                0x0000000008001a54      0x160 Core/Src/stm32746g_discovery.o
 .text.I2Cx_Init
                0x0000000008001bb4       0x78 Core/Src/stm32746g_discovery.o
 .text.I2Cx_ReadMultiple
                0x0000000008001c2c       0x5a Core/Src/stm32746g_discovery.o
 .text.I2Cx_WriteMultiple
                0x0000000008001c86       0x5a Core/Src/stm32746g_discovery.o
 .text.I2Cx_Error
                0x0000000008001ce0       0x20 Core/Src/stm32746g_discovery.o
 .text.AUDIO_IO_Init
                0x0000000008001d00       0x14 Core/Src/stm32746g_discovery.o
                0x0000000008001d00                AUDIO_IO_Init
 .text.AUDIO_IO_DeInit
                0x0000000008001d14        0xe Core/Src/stm32746g_discovery.o
                0x0000000008001d14                AUDIO_IO_DeInit
 *fill*         0x0000000008001d22        0x2 
 .text.AUDIO_IO_Write
                0x0000000008001d24       0x54 Core/Src/stm32746g_discovery.o
                0x0000000008001d24                AUDIO_IO_Write
 .text.AUDIO_IO_Read
                0x0000000008001d78       0x58 Core/Src/stm32746g_discovery.o
                0x0000000008001d78                AUDIO_IO_Read
 .text.AUDIO_IO_Delay
                0x0000000008001dd0       0x16 Core/Src/stm32746g_discovery.o
                0x0000000008001dd0                AUDIO_IO_Delay
 *fill*         0x0000000008001de6        0x2 
 .text.TS_IO_Init
                0x0000000008001de8       0x14 Core/Src/stm32746g_discovery.o
                0x0000000008001de8                TS_IO_Init
 .text.TS_IO_Write
                0x0000000008001dfc       0x34 Core/Src/stm32746g_discovery.o
                0x0000000008001dfc                TS_IO_Write
 .text.TS_IO_Read
                0x0000000008001e30       0x3c Core/Src/stm32746g_discovery.o
                0x0000000008001e30                TS_IO_Read
 .text.TS_IO_Delay
                0x0000000008001e6c       0x16 Core/Src/stm32746g_discovery.o
                0x0000000008001e6c                TS_IO_Delay
 *fill*         0x0000000008001e82        0x2 
 .text.BSP_AUDIO_OUT_Play
                0x0000000008001e84       0x54 Core/Src/stm32746g_discovery_audio.o
                0x0000000008001e84                BSP_AUDIO_OUT_Play
 .text.BSP_AUDIO_OUT_SetAudioFrameSlot
                0x0000000008001ed8       0x40 Core/Src/stm32746g_discovery_audio.o
                0x0000000008001ed8                BSP_AUDIO_OUT_SetAudioFrameSlot
 .text.HAL_SAI_TxCpltCallback
                0x0000000008001f18       0x14 Core/Src/stm32746g_discovery_audio.o
                0x0000000008001f18                HAL_SAI_TxCpltCallback
 .text.HAL_SAI_TxHalfCpltCallback
                0x0000000008001f2c       0x14 Core/Src/stm32746g_discovery_audio.o
                0x0000000008001f2c                HAL_SAI_TxHalfCpltCallback
 .text.HAL_SAI_ErrorCallback
                0x0000000008001f40       0x4c Core/Src/stm32746g_discovery_audio.o
                0x0000000008001f40                HAL_SAI_ErrorCallback
 .text.BSP_AUDIO_OUT_TransferComplete_CallBack
                0x0000000008001f8c        0xe Core/Src/stm32746g_discovery_audio.o
                0x0000000008001f8c                BSP_AUDIO_OUT_TransferComplete_CallBack
 .text.BSP_AUDIO_OUT_HalfTransfer_CallBack
                0x0000000008001f9a        0xe Core/Src/stm32746g_discovery_audio.o
                0x0000000008001f9a                BSP_AUDIO_OUT_HalfTransfer_CallBack
 .text.BSP_AUDIO_OUT_Error_CallBack
                0x0000000008001fa8        0xe Core/Src/stm32746g_discovery_audio.o
                0x0000000008001fa8                BSP_AUDIO_OUT_Error_CallBack
 *fill*         0x0000000008001fb6        0x2 
 .text.BSP_AUDIO_OUT_MspInit
                0x0000000008001fb8      0x1ac Core/Src/stm32746g_discovery_audio.o
                0x0000000008001fb8                BSP_AUDIO_OUT_MspInit
 .text.BSP_AUDIO_OUT_ClockConfig
                0x0000000008002164       0x88 Core/Src/stm32746g_discovery_audio.o
                0x0000000008002164                BSP_AUDIO_OUT_ClockConfig
 .text.SAIx_Out_DeInit
                0x00000000080021ec       0x2c Core/Src/stm32746g_discovery_audio.o
 .text.BSP_AUDIO_IN_OUT_Init
                0x0000000008002218       0xf4 Core/Src/stm32746g_discovery_audio.o
                0x0000000008002218                BSP_AUDIO_IN_OUT_Init
 .text.BSP_AUDIO_IN_Record
                0x000000000800230c       0x30 Core/Src/stm32746g_discovery_audio.o
                0x000000000800230c                BSP_AUDIO_IN_Record
 .text.BSP_AUDIO_IN_SetVolume
                0x000000000800233c       0x3c Core/Src/stm32746g_discovery_audio.o
                0x000000000800233c                BSP_AUDIO_IN_SetVolume
 .text.HAL_SAI_RxCpltCallback
                0x0000000008002378       0x14 Core/Src/stm32746g_discovery_audio.o
                0x0000000008002378                HAL_SAI_RxCpltCallback
 .text.HAL_SAI_RxHalfCpltCallback
                0x000000000800238c       0x14 Core/Src/stm32746g_discovery_audio.o
                0x000000000800238c                HAL_SAI_RxHalfCpltCallback
 .text.BSP_AUDIO_IN_Error_CallBack
                0x00000000080023a0        0xe Core/Src/stm32746g_discovery_audio.o
                0x00000000080023a0                BSP_AUDIO_IN_Error_CallBack
 *fill*         0x00000000080023ae        0x2 
 .text.BSP_AUDIO_IN_MspInit
                0x00000000080023b0      0x164 Core/Src/stm32746g_discovery_audio.o
                0x00000000080023b0                BSP_AUDIO_IN_MspInit
 .text.SAIx_In_Init
                0x0000000008002514      0x16c Core/Src/stm32746g_discovery_audio.o
 .text.SAIx_In_DeInit
                0x0000000008002680       0x2c Core/Src/stm32746g_discovery_audio.o
 .text.BSP_LCD_Init
                0x00000000080026ac       0xe0 Core/Src/stm32746g_discovery_lcd.o
                0x00000000080026ac                BSP_LCD_Init
 .text.BSP_LCD_GetXSize
                0x000000000800278c       0x28 Core/Src/stm32746g_discovery_lcd.o
                0x000000000800278c                BSP_LCD_GetXSize
 .text.BSP_LCD_GetYSize
                0x00000000080027b4       0x28 Core/Src/stm32746g_discovery_lcd.o
                0x00000000080027b4                BSP_LCD_GetYSize
 .text.BSP_LCD_LayerDefaultInit
                0x00000000080027dc       0xc0 Core/Src/stm32746g_discovery_lcd.o
                0x00000000080027dc                BSP_LCD_LayerDefaultInit
 .text.BSP_LCD_SelectLayer
                0x000000000800289c       0x20 Core/Src/stm32746g_discovery_lcd.o
                0x000000000800289c                BSP_LCD_SelectLayer
 .text.BSP_LCD_SetTextColor
                0x00000000080028bc       0x30 Core/Src/stm32746g_discovery_lcd.o
                0x00000000080028bc                BSP_LCD_SetTextColor
 .text.BSP_LCD_SetBackColor
                0x00000000080028ec       0x34 Core/Src/stm32746g_discovery_lcd.o
                0x00000000080028ec                BSP_LCD_SetBackColor
 .text.BSP_LCD_SetFont
                0x0000000008002920       0x34 Core/Src/stm32746g_discovery_lcd.o
                0x0000000008002920                BSP_LCD_SetFont
 .text.BSP_LCD_Clear
                0x0000000008002954       0x50 Core/Src/stm32746g_discovery_lcd.o
                0x0000000008002954                BSP_LCD_Clear
 .text.BSP_LCD_DisplayChar
                0x00000000080029a4       0x88 Core/Src/stm32746g_discovery_lcd.o
                0x00000000080029a4                BSP_LCD_DisplayChar
 .text.BSP_LCD_DisplayStringAt
                0x0000000008002a2c      0x190 Core/Src/stm32746g_discovery_lcd.o
                0x0000000008002a2c                BSP_LCD_DisplayStringAt
 .text.BSP_LCD_DrawPixel
                0x0000000008002bbc       0x90 Core/Src/stm32746g_discovery_lcd.o
                0x0000000008002bbc                BSP_LCD_DrawPixel
 .text.BSP_LCD_DisplayOn
                0x0000000008002c4c       0x3c Core/Src/stm32746g_discovery_lcd.o
                0x0000000008002c4c                BSP_LCD_DisplayOn
 .text.BSP_LCD_MspInit
                0x0000000008002c88      0x1b4 Core/Src/stm32746g_discovery_lcd.o
                0x0000000008002c88                BSP_LCD_MspInit
 .text.BSP_LCD_ClockConfig
                0x0000000008002e3c       0x38 Core/Src/stm32746g_discovery_lcd.o
                0x0000000008002e3c                BSP_LCD_ClockConfig
 .text.DrawChar
                0x0000000008002e74      0x170 Core/Src/stm32746g_discovery_lcd.o
 .text.LL_FillBuffer
                0x0000000008002fe4       0x98 Core/Src/stm32746g_discovery_lcd.o
 .text.BSP_SDRAM_Init
                0x000000000800307c       0xbc Core/Src/stm32746g_discovery_sdram.o
                0x000000000800307c                BSP_SDRAM_Init
 .text.BSP_SDRAM_Initialization_sequence
                0x0000000008003138       0xc0 Core/Src/stm32746g_discovery_sdram.o
                0x0000000008003138                BSP_SDRAM_Initialization_sequence
 .text.BSP_SDRAM_MspInit
                0x00000000080031f8      0x1f0 Core/Src/stm32746g_discovery_sdram.o
                0x00000000080031f8                BSP_SDRAM_MspInit
 .text.BSP_TS_Init
                0x00000000080033e8       0x80 Core/Src/stm32746g_discovery_ts.o
                0x00000000080033e8                BSP_TS_Init
 .text.HAL_MspInit
                0x0000000008003468       0x50 Core/Src/stm32f7xx_hal_msp.o
                0x0000000008003468                HAL_MspInit
 .text.HAL_DMA2D_MspInit
                0x00000000080034b8       0x40 Core/Src/stm32f7xx_hal_msp.o
                0x00000000080034b8                HAL_DMA2D_MspInit
 .text.HAL_LTDC_MspInit
                0x00000000080034f8      0x190 Core/Src/stm32f7xx_hal_msp.o
                0x00000000080034f8                HAL_LTDC_MspInit
 .text.HAL_SD_MspInit
                0x0000000008003688      0x1d4 Core/Src/stm32f7xx_hal_msp.o
                0x0000000008003688                HAL_SD_MspInit
 .text.HAL_UART_MspInit
                0x000000000800385c       0xc4 Core/Src/stm32f7xx_hal_msp.o
                0x000000000800385c                HAL_UART_MspInit
 .text.HAL_FMC_MspInit
                0x0000000008003920      0x120 Core/Src/stm32f7xx_hal_msp.o
 .text.HAL_SDRAM_MspInit
                0x0000000008003a40       0x14 Core/Src/stm32f7xx_hal_msp.o
                0x0000000008003a40                HAL_SDRAM_MspInit
 .text.HAL_SAI_MspInit
                0x0000000008003a54      0x1bc Core/Src/stm32f7xx_hal_msp.o
                0x0000000008003a54                HAL_SAI_MspInit
 .text.HAL_SAI_MspDeInit
                0x0000000008003c10       0xb4 Core/Src/stm32f7xx_hal_msp.o
                0x0000000008003c10                HAL_SAI_MspDeInit
 .text.HAL_InitTick
                0x0000000008003cc4       0xb0 Core/Src/stm32f7xx_hal_timebase_tim.o
                0x0000000008003cc4                HAL_InitTick
 .text.NMI_Handler
                0x0000000008003d74        0x6 Core/Src/stm32f7xx_it.o
                0x0000000008003d74                NMI_Handler
 .text.HardFault_Handler
                0x0000000008003d7a        0x6 Core/Src/stm32f7xx_it.o
                0x0000000008003d7a                HardFault_Handler
 .text.MemManage_Handler
                0x0000000008003d80        0x6 Core/Src/stm32f7xx_it.o
                0x0000000008003d80                MemManage_Handler
 .text.BusFault_Handler
                0x0000000008003d86        0x6 Core/Src/stm32f7xx_it.o
                0x0000000008003d86                BusFault_Handler
 .text.UsageFault_Handler
                0x0000000008003d8c        0x6 Core/Src/stm32f7xx_it.o
                0x0000000008003d8c                UsageFault_Handler
 .text.DebugMon_Handler
                0x0000000008003d92        0xe Core/Src/stm32f7xx_it.o
                0x0000000008003d92                DebugMon_Handler
 .text.SDMMC1_IRQHandler
                0x0000000008003da0       0x14 Core/Src/stm32f7xx_it.o
                0x0000000008003da0                SDMMC1_IRQHandler
 .text.TIM6_DAC_IRQHandler
                0x0000000008003db4       0x14 Core/Src/stm32f7xx_it.o
                0x0000000008003db4                TIM6_DAC_IRQHandler
 .text.DMA2_Stream3_IRQHandler
                0x0000000008003dc8       0x14 Core/Src/stm32f7xx_it.o
                0x0000000008003dc8                DMA2_Stream3_IRQHandler
 .text.DMA2_Stream4_IRQHandler
                0x0000000008003ddc       0x14 Core/Src/stm32f7xx_it.o
                0x0000000008003ddc                DMA2_Stream4_IRQHandler
 .text.DMA2_Stream6_IRQHandler
                0x0000000008003df0       0x14 Core/Src/stm32f7xx_it.o
                0x0000000008003df0                DMA2_Stream6_IRQHandler
 .text.DMA2_Stream7_IRQHandler
                0x0000000008003e04       0x14 Core/Src/stm32f7xx_it.o
                0x0000000008003e04                DMA2_Stream7_IRQHandler
 .text.LTDC_IRQHandler
                0x0000000008003e18       0x14 Core/Src/stm32f7xx_it.o
                0x0000000008003e18                LTDC_IRQHandler
 .text.SystemInit
                0x0000000008003e2c       0x24 Core/Src/system_stm32f7xx.o
                0x0000000008003e2c                SystemInit
 .text.wm8994_Init
                0x0000000008003e50      0xd78 Core/Src/wm8994.o
                0x0000000008003e50                wm8994_Init
 .text.wm8994_DeInit
                0x0000000008004bc8        0xc Core/Src/wm8994.o
                0x0000000008004bc8                wm8994_DeInit
 .text.wm8994_ReadID
                0x0000000008004bd4       0x24 Core/Src/wm8994.o
                0x0000000008004bd4                wm8994_ReadID
 .text.wm8994_Play
                0x0000000008004bf8       0x30 Core/Src/wm8994.o
                0x0000000008004bf8                wm8994_Play
 .text.wm8994_Pause
                0x0000000008004c28       0x42 Core/Src/wm8994.o
                0x0000000008004c28                wm8994_Pause
 .text.wm8994_Resume
                0x0000000008004c6a       0x2a Core/Src/wm8994.o
                0x0000000008004c6a                wm8994_Resume
 .text.wm8994_Stop
                0x0000000008004c94       0xdc Core/Src/wm8994.o
                0x0000000008004c94                wm8994_Stop
 .text.wm8994_SetVolume
                0x0000000008004d70      0x248 Core/Src/wm8994.o
                0x0000000008004d70                wm8994_SetVolume
 .text.wm8994_SetMute
                0x0000000008004fb8       0x9c Core/Src/wm8994.o
                0x0000000008004fb8                wm8994_SetMute
 .text.wm8994_SetOutputMode
                0x0000000008005054      0x246 Core/Src/wm8994.o
                0x0000000008005054                wm8994_SetOutputMode
 *fill*         0x000000000800529a        0x2 
 .text.wm8994_SetFrequency
                0x000000000800529c      0x1a8 Core/Src/wm8994.o
                0x000000000800529c                wm8994_SetFrequency
 .text.wm8994_Reset
                0x0000000008005444       0x40 Core/Src/wm8994.o
                0x0000000008005444                wm8994_Reset
 .text.CODEC_IO_Write
                0x0000000008005484       0x2e Core/Src/wm8994.o
 *fill*         0x00000000080054b2        0x2 
 .text.Reset_Handler
                0x00000000080054b4       0x50 Core/Startup/startup_stm32f746nghx.o
                0x00000000080054b4                Reset_Handler
 .text.Default_Handler
                0x0000000008005504        0x2 Core/Startup/startup_stm32f746nghx.o
                0x0000000008005504                RTC_Alarm_IRQHandler
                0x0000000008005504                EXTI2_IRQHandler
                0x0000000008005504                TIM8_CC_IRQHandler
                0x0000000008005504                UART8_IRQHandler
                0x0000000008005504                SPI4_IRQHandler
                0x0000000008005504                TIM1_CC_IRQHandler
                0x0000000008005504                DMA2_Stream5_IRQHandler
                0x0000000008005504                DMA1_Stream5_IRQHandler
                0x0000000008005504                PVD_IRQHandler
                0x0000000008005504                TAMP_STAMP_IRQHandler
                0x0000000008005504                CAN2_RX1_IRQHandler
                0x0000000008005504                EXTI3_IRQHandler
                0x0000000008005504                TIM8_TRG_COM_TIM14_IRQHandler
                0x0000000008005504                TIM1_UP_TIM10_IRQHandler
                0x0000000008005504                TIM8_UP_TIM13_IRQHandler
                0x0000000008005504                I2C3_ER_IRQHandler
                0x0000000008005504                EXTI0_IRQHandler
                0x0000000008005504                I2C2_EV_IRQHandler
                0x0000000008005504                DMA1_Stream2_IRQHandler
                0x0000000008005504                CAN1_RX0_IRQHandler
                0x0000000008005504                FPU_IRQHandler
                0x0000000008005504                OTG_HS_WKUP_IRQHandler
                0x0000000008005504                LTDC_ER_IRQHandler
                0x0000000008005504                CAN2_SCE_IRQHandler
                0x0000000008005504                DMA2_Stream2_IRQHandler
                0x0000000008005504                SPI1_IRQHandler
                0x0000000008005504                TIM1_BRK_TIM9_IRQHandler
                0x0000000008005504                DCMI_IRQHandler
                0x0000000008005504                CAN2_RX0_IRQHandler
                0x0000000008005504                SAI2_IRQHandler
                0x0000000008005504                USART6_IRQHandler
                0x0000000008005504                USART3_IRQHandler
                0x0000000008005504                CAN1_RX1_IRQHandler
                0x0000000008005504                UART5_IRQHandler
                0x0000000008005504                DMA2_Stream0_IRQHandler
                0x0000000008005504                TIM4_IRQHandler
                0x0000000008005504                QUADSPI_IRQHandler
                0x0000000008005504                I2C1_EV_IRQHandler
                0x0000000008005504                DMA1_Stream6_IRQHandler
                0x0000000008005504                DMA1_Stream1_IRQHandler
                0x0000000008005504                UART4_IRQHandler
                0x0000000008005504                TIM3_IRQHandler
                0x0000000008005504                RCC_IRQHandler
                0x0000000008005504                TIM8_BRK_TIM12_IRQHandler
                0x0000000008005504                Default_Handler
                0x0000000008005504                CEC_IRQHandler
                0x0000000008005504                EXTI15_10_IRQHandler
                0x0000000008005504                ADC_IRQHandler
                0x0000000008005504                DMA1_Stream7_IRQHandler
                0x0000000008005504                SPI5_IRQHandler
                0x0000000008005504                TIM7_IRQHandler
                0x0000000008005504                CAN2_TX_IRQHandler
                0x0000000008005504                TIM5_IRQHandler
                0x0000000008005504                I2C3_EV_IRQHandler
                0x0000000008005504                EXTI9_5_IRQHandler
                0x0000000008005504                RTC_WKUP_IRQHandler
                0x0000000008005504                ETH_WKUP_IRQHandler
                0x0000000008005504                SPDIF_RX_IRQHandler
                0x0000000008005504                SPI2_IRQHandler
                0x0000000008005504                OTG_HS_EP1_IN_IRQHandler
                0x0000000008005504                DMA1_Stream0_IRQHandler
                0x0000000008005504                CAN1_TX_IRQHandler
                0x0000000008005504                EXTI4_IRQHandler
                0x0000000008005504                RNG_IRQHandler
                0x0000000008005504                ETH_IRQHandler
                0x0000000008005504                OTG_HS_EP1_OUT_IRQHandler
                0x0000000008005504                WWDG_IRQHandler
                0x0000000008005504                SPI6_IRQHandler
                0x0000000008005504                I2C4_EV_IRQHandler
                0x0000000008005504                TIM2_IRQHandler
                0x0000000008005504                OTG_FS_WKUP_IRQHandler
                0x0000000008005504                TIM1_TRG_COM_TIM11_IRQHandler
                0x0000000008005504                OTG_HS_IRQHandler
                0x0000000008005504                DMA2D_IRQHandler
                0x0000000008005504                EXTI1_IRQHandler
                0x0000000008005504                UART7_IRQHandler
                0x0000000008005504                USART2_IRQHandler
                0x0000000008005504                I2C2_ER_IRQHandler
                0x0000000008005504                DMA2_Stream1_IRQHandler
                0x0000000008005504                CAN1_SCE_IRQHandler
                0x0000000008005504                FLASH_IRQHandler
                0x0000000008005504                USART1_IRQHandler
                0x0000000008005504                OTG_FS_IRQHandler
                0x0000000008005504                SPI3_IRQHandler
                0x0000000008005504                DMA1_Stream4_IRQHandler
                0x0000000008005504                I2C1_ER_IRQHandler
                0x0000000008005504                FMC_IRQHandler
                0x0000000008005504                LPTIM1_IRQHandler
                0x0000000008005504                I2C4_ER_IRQHandler
                0x0000000008005504                SAI1_IRQHandler
                0x0000000008005504                DMA1_Stream3_IRQHandler
 *fill*         0x0000000008005506        0x2 
 .text.HAL_Init
                0x0000000008005508       0x2c Drivers/STM32F7xx_HAL_Driver/Src/stm32f7xx_hal.o
                0x0000000008005508                HAL_Init
 .text.HAL_IncTick
                0x0000000008005534       0x28 Drivers/STM32F7xx_HAL_Driver/Src/stm32f7xx_hal.o
                0x0000000008005534                HAL_IncTick
 .text.HAL_GetTick
                0x000000000800555c       0x18 Drivers/STM32F7xx_HAL_Driver/Src/stm32f7xx_hal.o
                0x000000000800555c                HAL_GetTick
 .text.HAL_Delay
                0x0000000008005574       0x48 Drivers/STM32F7xx_HAL_Driver/Src/stm32f7xx_hal.o
                0x0000000008005574                HAL_Delay
 .text.__NVIC_SetPriorityGrouping
                0x00000000080055bc       0x48 Drivers/STM32F7xx_HAL_Driver/Src/stm32f7xx_hal_cortex.o
 .text.__NVIC_GetPriorityGrouping
                0x0000000008005604       0x1c Drivers/STM32F7xx_HAL_Driver/Src/stm32f7xx_hal_cortex.o
 .text.__NVIC_EnableIRQ
                0x0000000008005620       0x3c Drivers/STM32F7xx_HAL_Driver/Src/stm32f7xx_hal_cortex.o
 .text.__NVIC_SetPriority
                0x000000000800565c       0x54 Drivers/STM32F7xx_HAL_Driver/Src/stm32f7xx_hal_cortex.o
 .text.NVIC_EncodePriority
                0x00000000080056b0       0x66 Drivers/STM32F7xx_HAL_Driver/Src/stm32f7xx_hal_cortex.o
 .text.HAL_NVIC_SetPriorityGrouping
                0x0000000008005716       0x16 Drivers/STM32F7xx_HAL_Driver/Src/stm32f7xx_hal_cortex.o
                0x0000000008005716                HAL_NVIC_SetPriorityGrouping
 .text.HAL_NVIC_SetPriority
                0x000000000800572c       0x38 Drivers/STM32F7xx_HAL_Driver/Src/stm32f7xx_hal_cortex.o
                0x000000000800572c                HAL_NVIC_SetPriority
 .text.HAL_NVIC_EnableIRQ
                0x0000000008005764       0x1c Drivers/STM32F7xx_HAL_Driver/Src/stm32f7xx_hal_cortex.o
                0x0000000008005764                HAL_NVIC_EnableIRQ
 .text.HAL_DMA_Init
                0x0000000008005780      0x15c Drivers/STM32F7xx_HAL_Driver/Src/stm32f7xx_hal_dma.o
                0x0000000008005780                HAL_DMA_Init
 .text.HAL_DMA_DeInit
                0x00000000080058dc       0xbc Drivers/STM32F7xx_HAL_Driver/Src/stm32f7xx_hal_dma.o
                0x00000000080058dc                HAL_DMA_DeInit
 .text.HAL_DMA_Start_IT
                0x0000000008005998       0xc0 Drivers/STM32F7xx_HAL_Driver/Src/stm32f7xx_hal_dma.o
                0x0000000008005998                HAL_DMA_Start_IT
 .text.HAL_DMA_Abort_IT
                0x0000000008005a58       0x44 Drivers/STM32F7xx_HAL_Driver/Src/stm32f7xx_hal_dma.o
                0x0000000008005a58                HAL_DMA_Abort_IT
 .text.HAL_DMA_IRQHandler
                0x0000000008005a9c      0x314 Drivers/STM32F7xx_HAL_Driver/Src/stm32f7xx_hal_dma.o
                0x0000000008005a9c                HAL_DMA_IRQHandler
 .text.HAL_DMA_GetError
                0x0000000008005db0       0x18 Drivers/STM32F7xx_HAL_Driver/Src/stm32f7xx_hal_dma.o
                0x0000000008005db0                HAL_DMA_GetError
 .text.DMA_SetConfig
                0x0000000008005dc8       0x5c Drivers/STM32F7xx_HAL_Driver/Src/stm32f7xx_hal_dma.o
 .text.DMA_CalcBaseAndBitshift
                0x0000000008005e24       0x6c Drivers/STM32F7xx_HAL_Driver/Src/stm32f7xx_hal_dma.o
 .text.DMA_CheckFifoParam
                0x0000000008005e90       0xf8 Drivers/STM32F7xx_HAL_Driver/Src/stm32f7xx_hal_dma.o
 .text.HAL_DMA2D_Init
                0x0000000008005f88       0x94 Drivers/STM32F7xx_HAL_Driver/Src/stm32f7xx_hal_dma2d.o
                0x0000000008005f88                HAL_DMA2D_Init
 .text.HAL_DMA2D_Start
                0x000000000800601c       0x56 Drivers/STM32F7xx_HAL_Driver/Src/stm32f7xx_hal_dma2d.o
                0x000000000800601c                HAL_DMA2D_Start
 .text.HAL_DMA2D_PollForTransfer
                0x0000000008006072      0x1d2 Drivers/STM32F7xx_HAL_Driver/Src/stm32f7xx_hal_dma2d.o
                0x0000000008006072                HAL_DMA2D_PollForTransfer
 .text.HAL_DMA2D_ConfigLayer
                0x0000000008006244      0x124 Drivers/STM32F7xx_HAL_Driver/Src/stm32f7xx_hal_dma2d.o
                0x0000000008006244                HAL_DMA2D_ConfigLayer
 .text.DMA2D_SetConfig
                0x0000000008006368      0x138 Drivers/STM32F7xx_HAL_Driver/Src/stm32f7xx_hal_dma2d.o
 .text.HAL_GPIO_Init
                0x00000000080064a0      0x358 Drivers/STM32F7xx_HAL_Driver/Src/stm32f7xx_hal_gpio.o
                0x00000000080064a0                HAL_GPIO_Init
 .text.HAL_GPIO_DeInit
                0x00000000080067f8      0x218 Drivers/STM32F7xx_HAL_Driver/Src/stm32f7xx_hal_gpio.o
                0x00000000080067f8                HAL_GPIO_DeInit
 .text.HAL_GPIO_ReadPin
                0x0000000008006a10       0x30 Drivers/STM32F7xx_HAL_Driver/Src/stm32f7xx_hal_gpio.o
                0x0000000008006a10                HAL_GPIO_ReadPin
 .text.HAL_GPIO_WritePin
                0x0000000008006a40       0x32 Drivers/STM32F7xx_HAL_Driver/Src/stm32f7xx_hal_gpio.o
                0x0000000008006a40                HAL_GPIO_WritePin
 *fill*         0x0000000008006a72        0x2 
 .text.HAL_I2C_Init
                0x0000000008006a74      0x120 Drivers/STM32F7xx_HAL_Driver/Src/stm32f7xx_hal_i2c.o
                0x0000000008006a74                HAL_I2C_Init
 .text.HAL_I2C_DeInit
                0x0000000008006b94       0x5e Drivers/STM32F7xx_HAL_Driver/Src/stm32f7xx_hal_i2c.o
                0x0000000008006b94                HAL_I2C_DeInit
 .text.HAL_I2C_MspInit
                0x0000000008006bf2       0x14 Drivers/STM32F7xx_HAL_Driver/Src/stm32f7xx_hal_i2c.o
                0x0000000008006bf2                HAL_I2C_MspInit
 .text.HAL_I2C_MspDeInit
                0x0000000008006c06       0x14 Drivers/STM32F7xx_HAL_Driver/Src/stm32f7xx_hal_i2c.o
                0x0000000008006c06                HAL_I2C_MspDeInit
 *fill*         0x0000000008006c1a        0x2 
 .text.HAL_I2C_Mem_Write
                0x0000000008006c1c      0x228 Drivers/STM32F7xx_HAL_Driver/Src/stm32f7xx_hal_i2c.o
                0x0000000008006c1c                HAL_I2C_Mem_Write
 .text.HAL_I2C_Mem_Read
                0x0000000008006e44      0x234 Drivers/STM32F7xx_HAL_Driver/Src/stm32f7xx_hal_i2c.o
                0x0000000008006e44                HAL_I2C_Mem_Read
 .text.HAL_I2C_GetState
                0x0000000008007078       0x1c Drivers/STM32F7xx_HAL_Driver/Src/stm32f7xx_hal_i2c.o
                0x0000000008007078                HAL_I2C_GetState
 .text.I2C_RequestMemoryWrite
                0x0000000008007094       0xa8 Drivers/STM32F7xx_HAL_Driver/Src/stm32f7xx_hal_i2c.o
 .text.I2C_RequestMemoryRead
                0x000000000800713c       0xa8 Drivers/STM32F7xx_HAL_Driver/Src/stm32f7xx_hal_i2c.o
 .text.I2C_Flush_TXDR
                0x00000000080071e4       0x48 Drivers/STM32F7xx_HAL_Driver/Src/stm32f7xx_hal_i2c.o
 .text.I2C_WaitOnFlagUntilTimeout
                0x000000000800722c       0x80 Drivers/STM32F7xx_HAL_Driver/Src/stm32f7xx_hal_i2c.o
 .text.I2C_WaitOnTXISFlagUntilTimeout
                0x00000000080072ac       0x80 Drivers/STM32F7xx_HAL_Driver/Src/stm32f7xx_hal_i2c.o
 .text.I2C_WaitOnSTOPFlagUntilTimeout
                0x000000000800732c       0x78 Drivers/STM32F7xx_HAL_Driver/Src/stm32f7xx_hal_i2c.o
 .text.I2C_IsAcknowledgeFailed
                0x00000000080073a4       0xcc Drivers/STM32F7xx_HAL_Driver/Src/stm32f7xx_hal_i2c.o
 .text.I2C_TransferConfig
                0x0000000008007470       0x5c Drivers/STM32F7xx_HAL_Driver/Src/stm32f7xx_hal_i2c.o
 .text.HAL_LTDC_Init
                0x00000000080074cc      0x1a0 Drivers/STM32F7xx_HAL_Driver/Src/stm32f7xx_hal_ltdc.o
                0x00000000080074cc                HAL_LTDC_Init
 .text.HAL_LTDC_IRQHandler
                0x000000000800766c      0x148 Drivers/STM32F7xx_HAL_Driver/Src/stm32f7xx_hal_ltdc.o
                0x000000000800766c                HAL_LTDC_IRQHandler
 .text.HAL_LTDC_ErrorCallback
                0x00000000080077b4       0x14 Drivers/STM32F7xx_HAL_Driver/Src/stm32f7xx_hal_ltdc.o
                0x00000000080077b4                HAL_LTDC_ErrorCallback
 .text.HAL_LTDC_LineEventCallback
                0x00000000080077c8       0x14 Drivers/STM32F7xx_HAL_Driver/Src/stm32f7xx_hal_ltdc.o
                0x00000000080077c8                HAL_LTDC_LineEventCallback
 .text.HAL_LTDC_ReloadEventCallback
                0x00000000080077dc       0x14 Drivers/STM32F7xx_HAL_Driver/Src/stm32f7xx_hal_ltdc.o
                0x00000000080077dc                HAL_LTDC_ReloadEventCallback
 .text.HAL_LTDC_ConfigLayer
                0x00000000080077f0       0x7c Drivers/STM32F7xx_HAL_Driver/Src/stm32f7xx_hal_ltdc.o
                0x00000000080077f0                HAL_LTDC_ConfigLayer
 .text.HAL_LTDC_GetState
                0x000000000800786c       0x1c Drivers/STM32F7xx_HAL_Driver/Src/stm32f7xx_hal_ltdc.o
                0x000000000800786c                HAL_LTDC_GetState
 .text.LTDC_SetConfig
                0x0000000008007888      0x334 Drivers/STM32F7xx_HAL_Driver/Src/stm32f7xx_hal_ltdc.o
 .text.HAL_PWR_EnableBkUpAccess
                0x0000000008007bbc       0x20 Drivers/STM32F7xx_HAL_Driver/Src/stm32f7xx_hal_pwr.o
                0x0000000008007bbc                HAL_PWR_EnableBkUpAccess
 .text.HAL_PWREx_EnableOverDrive
                0x0000000008007bdc       0xa0 Drivers/STM32F7xx_HAL_Driver/Src/stm32f7xx_hal_pwr_ex.o
                0x0000000008007bdc                HAL_PWREx_EnableOverDrive
 .text.HAL_RCC_OscConfig
                0x0000000008007c7c      0x548 Drivers/STM32F7xx_HAL_Driver/Src/stm32f7xx_hal_rcc.o
                0x0000000008007c7c                HAL_RCC_OscConfig
 .text.HAL_RCC_ClockConfig
                0x00000000080081c4      0x1d8 Drivers/STM32F7xx_HAL_Driver/Src/stm32f7xx_hal_rcc.o
                0x00000000080081c4                HAL_RCC_ClockConfig
 .text.HAL_RCC_GetSysClockFreq
                0x000000000800839c      0x16c Drivers/STM32F7xx_HAL_Driver/Src/stm32f7xx_hal_rcc.o
                0x000000000800839c                HAL_RCC_GetSysClockFreq
 .text.HAL_RCC_GetHCLKFreq
                0x0000000008008508       0x18 Drivers/STM32F7xx_HAL_Driver/Src/stm32f7xx_hal_rcc.o
                0x0000000008008508                HAL_RCC_GetHCLKFreq
 .text.HAL_RCC_GetPCLK1Freq
                0x0000000008008520       0x28 Drivers/STM32F7xx_HAL_Driver/Src/stm32f7xx_hal_rcc.o
                0x0000000008008520                HAL_RCC_GetPCLK1Freq
 .text.HAL_RCC_GetPCLK2Freq
                0x0000000008008548       0x28 Drivers/STM32F7xx_HAL_Driver/Src/stm32f7xx_hal_rcc.o
                0x0000000008008548                HAL_RCC_GetPCLK2Freq
 .text.HAL_RCC_GetClockConfig
                0x0000000008008570       0x64 Drivers/STM32F7xx_HAL_Driver/Src/stm32f7xx_hal_rcc.o
                0x0000000008008570                HAL_RCC_GetClockConfig
 .text.HAL_RCCEx_PeriphCLKConfig
                0x00000000080085d4      0x7e0 Drivers/STM32F7xx_HAL_Driver/Src/stm32f7xx_hal_rcc_ex.o
                0x00000000080085d4                HAL_RCCEx_PeriphCLKConfig
 .text.HAL_RCCEx_GetPeriphCLKConfig
                0x0000000008008db4      0x218 Drivers/STM32F7xx_HAL_Driver/Src/stm32f7xx_hal_rcc_ex.o
                0x0000000008008db4                HAL_RCCEx_GetPeriphCLKConfig
 .text.HAL_RCCEx_GetPeriphCLKFreq
                0x0000000008008fcc      0x288 Drivers/STM32F7xx_HAL_Driver/Src/stm32f7xx_hal_rcc_ex.o
                0x0000000008008fcc                HAL_RCCEx_GetPeriphCLKFreq
 .text.HAL_SAI_Init
                0x0000000008009254      0x2fc Drivers/STM32F7xx_HAL_Driver/Src/stm32f7xx_hal_sai.o
                0x0000000008009254                HAL_SAI_Init
 .text.HAL_SAI_DeInit
                0x0000000008009550       0x6a Drivers/STM32F7xx_HAL_Driver/Src/stm32f7xx_hal_sai.o
                0x0000000008009550                HAL_SAI_DeInit
 *fill*         0x00000000080095ba        0x2 
 .text.HAL_SAI_Transmit_DMA
                0x00000000080095bc      0x160 Drivers/STM32F7xx_HAL_Driver/Src/stm32f7xx_hal_sai.o
                0x00000000080095bc                HAL_SAI_Transmit_DMA
 .text.HAL_SAI_Receive_DMA
                0x000000000800971c      0x11c Drivers/STM32F7xx_HAL_Driver/Src/stm32f7xx_hal_sai.o
                0x000000000800971c                HAL_SAI_Receive_DMA
 .text.HAL_SAI_GetState
                0x0000000008009838       0x1c Drivers/STM32F7xx_HAL_Driver/Src/stm32f7xx_hal_sai.o
                0x0000000008009838                HAL_SAI_GetState
 .text.SAI_InterruptFlag
                0x0000000008009854       0x6c Drivers/STM32F7xx_HAL_Driver/Src/stm32f7xx_hal_sai.o
 .text.SAI_Disable
                0x00000000080098c0       0x70 Drivers/STM32F7xx_HAL_Driver/Src/stm32f7xx_hal_sai.o
 .text.SAI_DMATxCplt
                0x0000000008009930       0x60 Drivers/STM32F7xx_HAL_Driver/Src/stm32f7xx_hal_sai.o
 .text.SAI_DMATxHalfCplt
                0x0000000008009990       0x1c Drivers/STM32F7xx_HAL_Driver/Src/stm32f7xx_hal_sai.o
 .text.SAI_DMARxCplt
                0x00000000080099ac       0x60 Drivers/STM32F7xx_HAL_Driver/Src/stm32f7xx_hal_sai.o
 .text.SAI_DMARxHalfCplt
                0x0000000008009a0c       0x1c Drivers/STM32F7xx_HAL_Driver/Src/stm32f7xx_hal_sai.o
 .text.SAI_DMAError
                0x0000000008009a28       0x66 Drivers/STM32F7xx_HAL_Driver/Src/stm32f7xx_hal_sai.o
 .text.HAL_SD_Init
                0x0000000008009a8e       0x60 Drivers/STM32F7xx_HAL_Driver/Src/stm32f7xx_hal_sd.o
                0x0000000008009a8e                HAL_SD_Init
 *fill*         0x0000000008009aee        0x2 
 .text.HAL_SD_InitCard
                0x0000000008009af0      0x10c Drivers/STM32F7xx_HAL_Driver/Src/stm32f7xx_hal_sd.o
                0x0000000008009af0                HAL_SD_InitCard
 .text.HAL_SD_ReadBlocks_DMA
                0x0000000008009bfc      0x1c4 Drivers/STM32F7xx_HAL_Driver/Src/stm32f7xx_hal_sd.o
                0x0000000008009bfc                HAL_SD_ReadBlocks_DMA
 .text.HAL_SD_WriteBlocks_DMA
                0x0000000008009dc0      0x1cc Drivers/STM32F7xx_HAL_Driver/Src/stm32f7xx_hal_sd.o
                0x0000000008009dc0                HAL_SD_WriteBlocks_DMA
 .text.HAL_SD_IRQHandler
                0x0000000008009f8c      0x2ec Drivers/STM32F7xx_HAL_Driver/Src/stm32f7xx_hal_sd.o
                0x0000000008009f8c                HAL_SD_IRQHandler
 .text.HAL_SD_ErrorCallback
                0x000000000800a278       0x14 Drivers/STM32F7xx_HAL_Driver/Src/stm32f7xx_hal_sd.o
                0x000000000800a278                HAL_SD_ErrorCallback
 .text.HAL_SD_GetCardCSD
                0x000000000800a28c      0x348 Drivers/STM32F7xx_HAL_Driver/Src/stm32f7xx_hal_sd.o
                0x000000000800a28c                HAL_SD_GetCardCSD
 .text.HAL_SD_GetCardInfo
                0x000000000800a5d4       0x58 Drivers/STM32F7xx_HAL_Driver/Src/stm32f7xx_hal_sd.o
                0x000000000800a5d4                HAL_SD_GetCardInfo
 .text.HAL_SD_ConfigWideBusOperation
                0x000000000800a62c      0x134 Drivers/STM32F7xx_HAL_Driver/Src/stm32f7xx_hal_sd.o
                0x000000000800a62c                HAL_SD_ConfigWideBusOperation
 .text.HAL_SD_GetCardState
                0x000000000800a760       0x40 Drivers/STM32F7xx_HAL_Driver/Src/stm32f7xx_hal_sd.o
                0x000000000800a760                HAL_SD_GetCardState
 .text.SD_DMATransmitCplt
                0x000000000800a7a0       0x2a Drivers/STM32F7xx_HAL_Driver/Src/stm32f7xx_hal_sd.o
 .text.SD_DMAReceiveCplt
                0x000000000800a7ca       0x70 Drivers/STM32F7xx_HAL_Driver/Src/stm32f7xx_hal_sd.o
 *fill*         0x000000000800a83a        0x2 
 .text.SD_DMAError
                0x000000000800a83c       0xa4 Drivers/STM32F7xx_HAL_Driver/Src/stm32f7xx_hal_sd.o
 .text.SD_DMATxAbort
                0x000000000800a8e0       0x6e Drivers/STM32F7xx_HAL_Driver/Src/stm32f7xx_hal_sd.o
 .text.SD_DMARxAbort
                0x000000000800a94e       0x6e Drivers/STM32F7xx_HAL_Driver/Src/stm32f7xx_hal_sd.o
 .text.SD_InitCard
                0x000000000800a9bc      0x198 Drivers/STM32F7xx_HAL_Driver/Src/stm32f7xx_hal_sd.o
 .text.SD_PowerON
                0x000000000800ab54      0x11c Drivers/STM32F7xx_HAL_Driver/Src/stm32f7xx_hal_sd.o
 .text.SD_SendStatus
                0x000000000800ac70       0x50 Drivers/STM32F7xx_HAL_Driver/Src/stm32f7xx_hal_sd.o
 .text.SD_WideBus_Enable
                0x000000000800acc0       0x96 Drivers/STM32F7xx_HAL_Driver/Src/stm32f7xx_hal_sd.o
 .text.SD_WideBus_Disable
                0x000000000800ad56       0x96 Drivers/STM32F7xx_HAL_Driver/Src/stm32f7xx_hal_sd.o
 .text.SD_FindSCR
                0x000000000800adec      0x1a6 Drivers/STM32F7xx_HAL_Driver/Src/stm32f7xx_hal_sd.o
 .text.SD_Read_IT
                0x000000000800af92       0xa2 Drivers/STM32F7xx_HAL_Driver/Src/stm32f7xx_hal_sd.o
 .text.SD_Write_IT
                0x000000000800b034       0xaa Drivers/STM32F7xx_HAL_Driver/Src/stm32f7xx_hal_sd.o
 .text.HAL_SDRAM_Init
                0x000000000800b0de       0x68 Drivers/STM32F7xx_HAL_Driver/Src/stm32f7xx_hal_sdram.o
                0x000000000800b0de                HAL_SDRAM_Init
 .text.HAL_SDRAM_SendCommand
                0x000000000800b146       0x56 Drivers/STM32F7xx_HAL_Driver/Src/stm32f7xx_hal_sdram.o
                0x000000000800b146                HAL_SDRAM_SendCommand
 .text.HAL_SDRAM_ProgramRefreshRate
                0x000000000800b19c       0x40 Drivers/STM32F7xx_HAL_Driver/Src/stm32f7xx_hal_sdram.o
                0x000000000800b19c                HAL_SDRAM_ProgramRefreshRate
 .text.HAL_TIM_Base_Init
                0x000000000800b1dc       0xae Drivers/STM32F7xx_HAL_Driver/Src/stm32f7xx_hal_tim.o
                0x000000000800b1dc                HAL_TIM_Base_Init
 .text.HAL_TIM_Base_MspInit
                0x000000000800b28a       0x14 Drivers/STM32F7xx_HAL_Driver/Src/stm32f7xx_hal_tim.o
                0x000000000800b28a                HAL_TIM_Base_MspInit
 *fill*         0x000000000800b29e        0x2 
 .text.HAL_TIM_Base_Start_IT
                0x000000000800b2a0       0xf0 Drivers/STM32F7xx_HAL_Driver/Src/stm32f7xx_hal_tim.o
                0x000000000800b2a0                HAL_TIM_Base_Start_IT
 .text.HAL_TIM_IRQHandler
                0x000000000800b390      0x23e Drivers/STM32F7xx_HAL_Driver/Src/stm32f7xx_hal_tim.o
                0x000000000800b390                HAL_TIM_IRQHandler
 .text.HAL_TIM_OC_DelayElapsedCallback
                0x000000000800b5ce       0x14 Drivers/STM32F7xx_HAL_Driver/Src/stm32f7xx_hal_tim.o
                0x000000000800b5ce                HAL_TIM_OC_DelayElapsedCallback
 .text.HAL_TIM_IC_CaptureCallback
                0x000000000800b5e2       0x14 Drivers/STM32F7xx_HAL_Driver/Src/stm32f7xx_hal_tim.o
                0x000000000800b5e2                HAL_TIM_IC_CaptureCallback
 .text.HAL_TIM_PWM_PulseFinishedCallback
                0x000000000800b5f6       0x14 Drivers/STM32F7xx_HAL_Driver/Src/stm32f7xx_hal_tim.o
                0x000000000800b5f6                HAL_TIM_PWM_PulseFinishedCallback
 .text.HAL_TIM_TriggerCallback
                0x000000000800b60a       0x14 Drivers/STM32F7xx_HAL_Driver/Src/stm32f7xx_hal_tim.o
                0x000000000800b60a                HAL_TIM_TriggerCallback
 *fill*         0x000000000800b61e        0x2 
 .text.TIM_Base_SetConfig
                0x000000000800b620      0x140 Drivers/STM32F7xx_HAL_Driver/Src/stm32f7xx_hal_tim.o
                0x000000000800b620                TIM_Base_SetConfig
 .text.HAL_TIMEx_CommutCallback
                0x000000000800b760       0x14 Drivers/STM32F7xx_HAL_Driver/Src/stm32f7xx_hal_tim_ex.o
                0x000000000800b760                HAL_TIMEx_CommutCallback
 .text.HAL_TIMEx_BreakCallback
                0x000000000800b774       0x14 Drivers/STM32F7xx_HAL_Driver/Src/stm32f7xx_hal_tim_ex.o
                0x000000000800b774                HAL_TIMEx_BreakCallback
 .text.HAL_TIMEx_Break2Callback
                0x000000000800b788       0x14 Drivers/STM32F7xx_HAL_Driver/Src/stm32f7xx_hal_tim_ex.o
                0x000000000800b788                HAL_TIMEx_Break2Callback
 .text.HAL_UART_Init
                0x000000000800b79c       0x9c Drivers/STM32F7xx_HAL_Driver/Src/stm32f7xx_hal_uart.o
                0x000000000800b79c                HAL_UART_Init
 .text.UART_SetConfig
                0x000000000800b838      0x4c4 Drivers/STM32F7xx_HAL_Driver/Src/stm32f7xx_hal_uart.o
                0x000000000800b838                UART_SetConfig
 .text.UART_AdvFeatureConfig
                0x000000000800bcfc      0x144 Drivers/STM32F7xx_HAL_Driver/Src/stm32f7xx_hal_uart.o
                0x000000000800bcfc                UART_AdvFeatureConfig
 .text.UART_CheckIdleState
                0x000000000800be40       0x66 Drivers/STM32F7xx_HAL_Driver/Src/stm32f7xx_hal_uart.o
                0x000000000800be40                UART_CheckIdleState
 .text.UART_WaitOnFlagUntilTimeout
                0x000000000800bea6       0xf8 Drivers/STM32F7xx_HAL_Driver/Src/stm32f7xx_hal_uart.o
                0x000000000800bea6                UART_WaitOnFlagUntilTimeout
 *fill*         0x000000000800bf9e        0x2 
 .text.FMC_SDRAM_Init
                0x000000000800bfa0       0xe4 Drivers/STM32F7xx_HAL_Driver/Src/stm32f7xx_ll_fmc.o
                0x000000000800bfa0                FMC_SDRAM_Init
 .text.FMC_SDRAM_Timing_Init
                0x000000000800c084      0x100 Drivers/STM32F7xx_HAL_Driver/Src/stm32f7xx_ll_fmc.o
                0x000000000800c084                FMC_SDRAM_Timing_Init
 .text.FMC_SDRAM_SendCommand
                0x000000000800c184       0x48 Drivers/STM32F7xx_HAL_Driver/Src/stm32f7xx_ll_fmc.o
                0x000000000800c184                FMC_SDRAM_SendCommand
 .text.FMC_SDRAM_ProgramRefreshRate
                0x000000000800c1cc       0x26 Drivers/STM32F7xx_HAL_Driver/Src/stm32f7xx_ll_fmc.o
                0x000000000800c1cc                FMC_SDRAM_ProgramRefreshRate
 *fill*         0x000000000800c1f2        0x2 
 .text.SDMMC_Init
                0x000000000800c1f4       0x58 Drivers/STM32F7xx_HAL_Driver/Src/stm32f7xx_ll_sdmmc.o
                0x000000000800c1f4                SDMMC_Init
 .text.SDMMC_ReadFIFO
                0x000000000800c24c       0x1a Drivers/STM32F7xx_HAL_Driver/Src/stm32f7xx_ll_sdmmc.o
                0x000000000800c24c                SDMMC_ReadFIFO
 .text.SDMMC_WriteFIFO
                0x000000000800c266       0x22 Drivers/STM32F7xx_HAL_Driver/Src/stm32f7xx_ll_sdmmc.o
                0x000000000800c266                SDMMC_WriteFIFO
 .text.SDMMC_PowerState_ON
                0x000000000800c288       0x1e Drivers/STM32F7xx_HAL_Driver/Src/stm32f7xx_ll_sdmmc.o
                0x000000000800c288                SDMMC_PowerState_ON
 .text.SDMMC_GetPowerState
                0x000000000800c2a6       0x1c Drivers/STM32F7xx_HAL_Driver/Src/stm32f7xx_ll_sdmmc.o
                0x000000000800c2a6                SDMMC_GetPowerState
 *fill*         0x000000000800c2c2        0x2 
 .text.SDMMC_SendCommand
                0x000000000800c2c4       0x54 Drivers/STM32F7xx_HAL_Driver/Src/stm32f7xx_ll_sdmmc.o
                0x000000000800c2c4                SDMMC_SendCommand
 .text.SDMMC_GetCommandResponse
                0x000000000800c318       0x1a Drivers/STM32F7xx_HAL_Driver/Src/stm32f7xx_ll_sdmmc.o
                0x000000000800c318                SDMMC_GetCommandResponse
 .text.SDMMC_GetResponse
                0x000000000800c332       0x26 Drivers/STM32F7xx_HAL_Driver/Src/stm32f7xx_ll_sdmmc.o
                0x000000000800c332                SDMMC_GetResponse
 .text.SDMMC_ConfigData
                0x000000000800c358       0x58 Drivers/STM32F7xx_HAL_Driver/Src/stm32f7xx_ll_sdmmc.o
                0x000000000800c358                SDMMC_ConfigData
 .text.SDMMC_CmdBlockLength
                0x000000000800c3b0       0x44 Drivers/STM32F7xx_HAL_Driver/Src/stm32f7xx_ll_sdmmc.o
                0x000000000800c3b0                SDMMC_CmdBlockLength
 .text.SDMMC_CmdReadSingleBlock
                0x000000000800c3f4       0x44 Drivers/STM32F7xx_HAL_Driver/Src/stm32f7xx_ll_sdmmc.o
                0x000000000800c3f4                SDMMC_CmdReadSingleBlock
 .text.SDMMC_CmdReadMultiBlock
                0x000000000800c438       0x44 Drivers/STM32F7xx_HAL_Driver/Src/stm32f7xx_ll_sdmmc.o
                0x000000000800c438                SDMMC_CmdReadMultiBlock
 .text.SDMMC_CmdWriteSingleBlock
                0x000000000800c47c       0x44 Drivers/STM32F7xx_HAL_Driver/Src/stm32f7xx_ll_sdmmc.o
                0x000000000800c47c                SDMMC_CmdWriteSingleBlock
 .text.SDMMC_CmdWriteMultiBlock
                0x000000000800c4c0       0x44 Drivers/STM32F7xx_HAL_Driver/Src/stm32f7xx_ll_sdmmc.o
                0x000000000800c4c0                SDMMC_CmdWriteMultiBlock
 .text.SDMMC_CmdStopTransfer
                0x000000000800c504       0x44 Drivers/STM32F7xx_HAL_Driver/Src/stm32f7xx_ll_sdmmc.o
                0x000000000800c504                SDMMC_CmdStopTransfer
 .text.SDMMC_CmdSelDesel
                0x000000000800c548       0x46 Drivers/STM32F7xx_HAL_Driver/Src/stm32f7xx_ll_sdmmc.o
                0x000000000800c548                SDMMC_CmdSelDesel
 .text.SDMMC_CmdGoIdleState
                0x000000000800c58e       0x3c Drivers/STM32F7xx_HAL_Driver/Src/stm32f7xx_ll_sdmmc.o
                0x000000000800c58e                SDMMC_CmdGoIdleState
 .text.SDMMC_CmdOperCond
                0x000000000800c5ca       0x3e Drivers/STM32F7xx_HAL_Driver/Src/stm32f7xx_ll_sdmmc.o
                0x000000000800c5ca                SDMMC_CmdOperCond
 .text.SDMMC_CmdAppCommand
                0x000000000800c608       0x44 Drivers/STM32F7xx_HAL_Driver/Src/stm32f7xx_ll_sdmmc.o
                0x000000000800c608                SDMMC_CmdAppCommand
 .text.SDMMC_CmdAppOperCommand
                0x000000000800c64c       0x48 Drivers/STM32F7xx_HAL_Driver/Src/stm32f7xx_ll_sdmmc.o
                0x000000000800c64c                SDMMC_CmdAppOperCommand
 .text.SDMMC_CmdBusWidth
                0x000000000800c694       0x44 Drivers/STM32F7xx_HAL_Driver/Src/stm32f7xx_ll_sdmmc.o
                0x000000000800c694                SDMMC_CmdBusWidth
 .text.SDMMC_CmdSendSCR
                0x000000000800c6d8       0x42 Drivers/STM32F7xx_HAL_Driver/Src/stm32f7xx_ll_sdmmc.o
                0x000000000800c6d8                SDMMC_CmdSendSCR
 .text.SDMMC_CmdSendCID
                0x000000000800c71a       0x3c Drivers/STM32F7xx_HAL_Driver/Src/stm32f7xx_ll_sdmmc.o
                0x000000000800c71a                SDMMC_CmdSendCID
 .text.SDMMC_CmdSendCSD
                0x000000000800c756       0x3e Drivers/STM32F7xx_HAL_Driver/Src/stm32f7xx_ll_sdmmc.o
                0x000000000800c756                SDMMC_CmdSendCSD
 .text.SDMMC_CmdSetRelAdd
                0x000000000800c794       0x42 Drivers/STM32F7xx_HAL_Driver/Src/stm32f7xx_ll_sdmmc.o
                0x000000000800c794                SDMMC_CmdSetRelAdd
 .text.SDMMC_CmdSendStatus
                0x000000000800c7d6       0x44 Drivers/STM32F7xx_HAL_Driver/Src/stm32f7xx_ll_sdmmc.o
                0x000000000800c7d6                SDMMC_CmdSendStatus
 *fill*         0x000000000800c81a        0x2 
 .text.SDMMC_GetCmdError
                0x000000000800c81c       0x58 Drivers/STM32F7xx_HAL_Driver/Src/stm32f7xx_ll_sdmmc.o
 .text.SDMMC_GetCmdResp1
                0x000000000800c874      0x1dc Drivers/STM32F7xx_HAL_Driver/Src/stm32f7xx_ll_sdmmc.o
 .text.SDMMC_GetCmdResp2
                0x000000000800ca50       0x90 Drivers/STM32F7xx_HAL_Driver/Src/stm32f7xx_ll_sdmmc.o
 .text.SDMMC_GetCmdResp3
                0x000000000800cae0       0x7c Drivers/STM32F7xx_HAL_Driver/Src/stm32f7xx_ll_sdmmc.o
 .text.SDMMC_GetCmdResp6
                0x000000000800cb5c       0xec Drivers/STM32F7xx_HAL_Driver/Src/stm32f7xx_ll_sdmmc.o
 .text.SDMMC_GetCmdResp7
                0x000000000800cc48       0x9c Drivers/STM32F7xx_HAL_Driver/Src/stm32f7xx_ll_sdmmc.o
 .text.MX_FATFS_Init
                0x000000000800cce4       0x24 FATFS/App/fatfs.o
                0x000000000800cce4                MX_FATFS_Init
 .text.get_fattime
                0x000000000800cd08       0x10 FATFS/App/fatfs.o
                0x000000000800cd08                get_fattime
 .text.BSP_SD_Init
                0x000000000800cd18       0x4c FATFS/Target/bsp_driver_sd.o
                0x000000000800cd18                BSP_SD_Init
 .text.BSP_SD_ReadBlocks_DMA
                0x000000000800cd64       0x34 FATFS/Target/bsp_driver_sd.o
                0x000000000800cd64                BSP_SD_ReadBlocks_DMA
 .text.BSP_SD_WriteBlocks_DMA
                0x000000000800cd98       0x34 FATFS/Target/bsp_driver_sd.o
                0x000000000800cd98                BSP_SD_WriteBlocks_DMA
 .text.BSP_SD_GetCardState
                0x000000000800cdcc       0x20 FATFS/Target/bsp_driver_sd.o
                0x000000000800cdcc                BSP_SD_GetCardState
 .text.BSP_SD_GetCardInfo
                0x000000000800cdec       0x1c FATFS/Target/bsp_driver_sd.o
                0x000000000800cdec                BSP_SD_GetCardInfo
 .text.HAL_SD_AbortCallback
                0x000000000800ce08       0x14 FATFS/Target/bsp_driver_sd.o
                0x000000000800ce08                HAL_SD_AbortCallback
 .text.HAL_SD_TxCpltCallback
                0x000000000800ce1c       0x14 FATFS/Target/bsp_driver_sd.o
                0x000000000800ce1c                HAL_SD_TxCpltCallback
 .text.HAL_SD_RxCpltCallback
                0x000000000800ce30       0x14 FATFS/Target/bsp_driver_sd.o
                0x000000000800ce30                HAL_SD_RxCpltCallback
 .text.BSP_SD_AbortCallback
                0x000000000800ce44        0xe FATFS/Target/bsp_driver_sd.o
                0x000000000800ce44                BSP_SD_AbortCallback
 .text.BSP_SD_IsDetected
                0x000000000800ce52       0x24 FATFS/Target/bsp_driver_sd.o
                0x000000000800ce52                BSP_SD_IsDetected
 *fill*         0x000000000800ce76        0x2 
 .text.BSP_PlatformIsDetected
                0x000000000800ce78       0x2c FATFS/Target/fatfs_platform.o
                0x000000000800ce78                BSP_PlatformIsDetected
 .text.SD_CheckStatusWithTimeout
                0x000000000800cea4       0x3a FATFS/Target/sd_diskio.o
 *fill*         0x000000000800cede        0x2 
 .text.SD_CheckStatus
                0x000000000800cee0       0x3c FATFS/Target/sd_diskio.o
 .text.SD_initialize
                0x000000000800cf1c       0x98 FATFS/Target/sd_diskio.o
                0x000000000800cf1c                SD_initialize
 .text.SD_status
                0x000000000800cfb4       0x1c FATFS/Target/sd_diskio.o
                0x000000000800cfb4                SD_status
 .text.SD_read  0x000000000800cfd0       0x9c FATFS/Target/sd_diskio.o
                0x000000000800cfd0                SD_read
 .text.SD_write
                0x000000000800d06c       0x94 FATFS/Target/sd_diskio.o
                0x000000000800d06c                SD_write
 .text.SD_ioctl
                0x000000000800d100       0xb0 FATFS/Target/sd_diskio.o
                0x000000000800d100                SD_ioctl
 .text.BSP_SD_WriteCpltCallback
                0x000000000800d1b0       0x1c FATFS/Target/sd_diskio.o
                0x000000000800d1b0                BSP_SD_WriteCpltCallback
 .text.BSP_SD_ReadCpltCallback
                0x000000000800d1cc       0x1c FATFS/Target/sd_diskio.o
                0x000000000800d1cc                BSP_SD_ReadCpltCallback
 .text.disk_status
                0x000000000800d1e8       0x34 Middlewares/Third_Party/FatFs/src/diskio.o
                0x000000000800d1e8                disk_status
 .text.disk_initialize
                0x000000000800d21c       0x4c Middlewares/Third_Party/FatFs/src/diskio.o
                0x000000000800d21c                disk_initialize
 .text.disk_read
                0x000000000800d268       0x40 Middlewares/Third_Party/FatFs/src/diskio.o
                0x000000000800d268                disk_read
 .text.disk_write
                0x000000000800d2a8       0x40 Middlewares/Third_Party/FatFs/src/diskio.o
                0x000000000800d2a8                disk_write
 .text.disk_ioctl
                0x000000000800d2e8       0x3c Middlewares/Third_Party/FatFs/src/diskio.o
                0x000000000800d2e8                disk_ioctl
 .text.ld_word  0x000000000800d324       0x30 Middlewares/Third_Party/FatFs/src/ff.o
 .text.ld_dword
                0x000000000800d354       0x46 Middlewares/Third_Party/FatFs/src/ff.o
 .text.st_word  0x000000000800d39a       0x36 Middlewares/Third_Party/FatFs/src/ff.o
 .text.st_dword
                0x000000000800d3d0       0x58 Middlewares/Third_Party/FatFs/src/ff.o
 .text.mem_cpy  0x000000000800d428       0x42 Middlewares/Third_Party/FatFs/src/ff.o
 .text.mem_set  0x000000000800d46a       0x36 Middlewares/Third_Party/FatFs/src/ff.o
 .text.mem_cmp  0x000000000800d4a0       0x4e Middlewares/Third_Party/FatFs/src/ff.o
 .text.chk_chr  0x000000000800d4ee       0x36 Middlewares/Third_Party/FatFs/src/ff.o
 .text.lock_fs  0x000000000800d524       0x2c Middlewares/Third_Party/FatFs/src/ff.o
 .text.unlock_fs
                0x000000000800d550       0x36 Middlewares/Third_Party/FatFs/src/ff.o
 *fill*         0x000000000800d586        0x2 
 .text.chk_lock
                0x000000000800d588       0xb8 Middlewares/Third_Party/FatFs/src/ff.o
 .text.enq_lock
                0x000000000800d640       0x44 Middlewares/Third_Party/FatFs/src/ff.o
 .text.inc_lock
                0x000000000800d684      0x11c Middlewares/Third_Party/FatFs/src/ff.o
 .text.dec_lock
                0x000000000800d7a0       0x78 Middlewares/Third_Party/FatFs/src/ff.o
 .text.clear_lock
                0x000000000800d818       0x48 Middlewares/Third_Party/FatFs/src/ff.o
 .text.sync_window
                0x000000000800d860       0x88 Middlewares/Third_Party/FatFs/src/ff.o
 .text.move_window
                0x000000000800d8e8       0x5a Middlewares/Third_Party/FatFs/src/ff.o
 *fill*         0x000000000800d942        0x2 
 .text.sync_fs  0x000000000800d944       0xdc Middlewares/Third_Party/FatFs/src/ff.o
 .text.clust2sect
                0x000000000800da20       0x3e Middlewares/Third_Party/FatFs/src/ff.o
 .text.get_fat  0x000000000800da5e      0x150 Middlewares/Third_Party/FatFs/src/ff.o
 .text.put_fat  0x000000000800dbae      0x1d8 Middlewares/Third_Party/FatFs/src/ff.o
 .text.remove_chain
                0x000000000800dd86       0xca Middlewares/Third_Party/FatFs/src/ff.o
 .text.create_chain
                0x000000000800de50      0x130 Middlewares/Third_Party/FatFs/src/ff.o
 .text.clmt_clust
                0x000000000800df80       0x68 Middlewares/Third_Party/FatFs/src/ff.o
 .text.dir_sdi  0x000000000800dfe8       0xf6 Middlewares/Third_Party/FatFs/src/ff.o
 .text.dir_next
                0x000000000800e0de      0x18a Middlewares/Third_Party/FatFs/src/ff.o
 .text.dir_alloc
                0x000000000800e268       0x8e Middlewares/Third_Party/FatFs/src/ff.o
 .text.ld_clust
                0x000000000800e2f6       0x3e Middlewares/Third_Party/FatFs/src/ff.o
 .text.st_clust
                0x000000000800e334       0x40 Middlewares/Third_Party/FatFs/src/ff.o
 .text.dir_find
                0x000000000800e374       0xaa Middlewares/Third_Party/FatFs/src/ff.o
 .text.dir_register
                0x000000000800e41e       0x64 Middlewares/Third_Party/FatFs/src/ff.o
 *fill*         0x000000000800e482        0x2 
 .text.create_name
                0x000000000800e484      0x128 Middlewares/Third_Party/FatFs/src/ff.o
 .text.follow_path
                0x000000000800e5ac       0xe2 Middlewares/Third_Party/FatFs/src/ff.o
 .text.get_ldnumber
                0x000000000800e68e       0x88 Middlewares/Third_Party/FatFs/src/ff.o
 *fill*         0x000000000800e716        0x2 
 .text.check_fs
                0x000000000800e718       0xac Middlewares/Third_Party/FatFs/src/ff.o
 .text.find_volume
                0x000000000800e7c4      0x4a8 Middlewares/Third_Party/FatFs/src/ff.o
 .text.validate
                0x000000000800ec6c       0x8e Middlewares/Third_Party/FatFs/src/ff.o
 *fill*         0x000000000800ecfa        0x2 
 .text.f_mount  0x000000000800ecfc       0xc8 Middlewares/Third_Party/FatFs/src/ff.o
                0x000000000800ecfc                f_mount
 .text.f_open   0x000000000800edc4      0x38a Middlewares/Third_Party/FatFs/src/ff.o
                0x000000000800edc4                f_open
 .text.f_write  0x000000000800f14e      0x348 Middlewares/Third_Party/FatFs/src/ff.o
                0x000000000800f14e                f_write
 .text.f_sync   0x000000000800f496      0x112 Middlewares/Third_Party/FatFs/src/ff.o
                0x000000000800f496                f_sync
 .text.f_close  0x000000000800f5a8       0x5e Middlewares/Third_Party/FatFs/src/ff.o
                0x000000000800f5a8                f_close
 *fill*         0x000000000800f606        0x2 
 .text.f_mkfs   0x000000000800f608      0x858 Middlewares/Third_Party/FatFs/src/ff.o
                0x000000000800f608                f_mkfs
 .text.FATFS_LinkDriverEx
                0x000000000800fe60       0x98 Middlewares/Third_Party/FatFs/src/ff_gen_drv.o
                0x000000000800fe60                FATFS_LinkDriverEx
 .text.FATFS_LinkDriver
                0x000000000800fef8       0x1e Middlewares/Third_Party/FatFs/src/ff_gen_drv.o
                0x000000000800fef8                FATFS_LinkDriver
 .text.ff_cre_syncobj
                0x000000000800ff16       0x40 Middlewares/Third_Party/FatFs/src/option/syscall.o
                0x000000000800ff16                ff_cre_syncobj
 .text.ff_del_syncobj
                0x000000000800ff56       0x18 Middlewares/Third_Party/FatFs/src/option/syscall.o
                0x000000000800ff56                ff_del_syncobj
 .text.ff_req_grant
                0x000000000800ff6e       0x2a Middlewares/Third_Party/FatFs/src/option/syscall.o
                0x000000000800ff6e                ff_req_grant
 .text.ff_rel_grant
                0x000000000800ff98       0x16 Middlewares/Third_Party/FatFs/src/option/syscall.o
                0x000000000800ff98                ff_rel_grant
 .text.makeFreeRtosPriority
                0x000000000800ffae       0x30 Middlewares/Third_Party/FreeRTOS/Source/CMSIS_RTOS/cmsis_os.o
 .text.inHandlerMode
                0x000000000800ffde       0x24 Middlewares/Third_Party/FreeRTOS/Source/CMSIS_RTOS/cmsis_os.o
 .text.osKernelStart
                0x0000000008010002        0xe Middlewares/Third_Party/FreeRTOS/Source/CMSIS_RTOS/cmsis_os.o
                0x0000000008010002                osKernelStart
 .text.osKernelRunning
                0x0000000008010010       0x18 Middlewares/Third_Party/FreeRTOS/Source/CMSIS_RTOS/cmsis_os.o
                0x0000000008010010                osKernelRunning
 .text.osKernelSysTick
                0x0000000008010028       0x20 Middlewares/Third_Party/FreeRTOS/Source/CMSIS_RTOS/cmsis_os.o
                0x0000000008010028                osKernelSysTick
 .text.osThreadCreate
                0x0000000008010048       0x98 Middlewares/Third_Party/FreeRTOS/Source/CMSIS_RTOS/cmsis_os.o
                0x0000000008010048                osThreadCreate
 .text.osDelay  0x00000000080100e0       0x28 Middlewares/Third_Party/FreeRTOS/Source/CMSIS_RTOS/cmsis_os.o
                0x00000000080100e0                osDelay
 .text.osSemaphoreCreate
                0x0000000008010108       0x64 Middlewares/Third_Party/FreeRTOS/Source/CMSIS_RTOS/cmsis_os.o
                0x0000000008010108                osSemaphoreCreate
 .text.osSemaphoreWait
                0x000000000801016c       0x9c Middlewares/Third_Party/FreeRTOS/Source/CMSIS_RTOS/cmsis_os.o
                0x000000000801016c                osSemaphoreWait
 .text.osSemaphoreRelease
                0x0000000008010208       0x6c Middlewares/Third_Party/FreeRTOS/Source/CMSIS_RTOS/cmsis_os.o
                0x0000000008010208                osSemaphoreRelease
 .text.osSemaphoreDelete
                0x0000000008010274       0x26 Middlewares/Third_Party/FreeRTOS/Source/CMSIS_RTOS/cmsis_os.o
                0x0000000008010274                osSemaphoreDelete
 .text.osMessageCreate
                0x000000000801029a       0x50 Middlewares/Third_Party/FreeRTOS/Source/CMSIS_RTOS/cmsis_os.o
                0x000000000801029a                osMessageCreate
 *fill*         0x00000000080102ea        0x2 
 .text.osMessagePut
                0x00000000080102ec       0x80 Middlewares/Third_Party/FreeRTOS/Source/CMSIS_RTOS/cmsis_os.o
                0x00000000080102ec                osMessagePut
 .text.osMessageGet
                0x000000000801036c       0xe8 Middlewares/Third_Party/FreeRTOS/Source/CMSIS_RTOS/cmsis_os.o
                0x000000000801036c                osMessageGet
 .text.vListInitialise
                0x0000000008010454       0x40 Middlewares/Third_Party/FreeRTOS/Source/list.o
                0x0000000008010454                vListInitialise
 .text.vListInitialiseItem
                0x0000000008010494       0x1a Middlewares/Third_Party/FreeRTOS/Source/list.o
                0x0000000008010494                vListInitialiseItem
 .text.vListInsertEnd
                0x00000000080104ae       0x48 Middlewares/Third_Party/FreeRTOS/Source/list.o
                0x00000000080104ae                vListInsertEnd
 .text.vListInsert
                0x00000000080104f6       0x72 Middlewares/Third_Party/FreeRTOS/Source/list.o
                0x00000000080104f6                vListInsert
 .text.uxListRemove
                0x0000000008010568       0x54 Middlewares/Third_Party/FreeRTOS/Source/list.o
                0x0000000008010568                uxListRemove
 .text.xQueueGenericReset
                0x00000000080105bc       0xd4 Middlewares/Third_Party/FreeRTOS/Source/queue.o
                0x00000000080105bc                xQueueGenericReset
 .text.xQueueGenericCreateStatic
                0x0000000008010690      0x104 Middlewares/Third_Party/FreeRTOS/Source/queue.o
                0x0000000008010690                xQueueGenericCreateStatic
 .text.xQueueGenericCreate
                0x0000000008010794       0x84 Middlewares/Third_Party/FreeRTOS/Source/queue.o
                0x0000000008010794                xQueueGenericCreate
 .text.prvInitialiseNewQueue
                0x0000000008010818       0x3e Middlewares/Third_Party/FreeRTOS/Source/queue.o
 *fill*         0x0000000008010856        0x2 
 .text.xQueueGenericSend
                0x0000000008010858      0x20c Middlewares/Third_Party/FreeRTOS/Source/queue.o
                0x0000000008010858                xQueueGenericSend
 .text.xQueueGenericSendFromISR
                0x0000000008010a64      0x140 Middlewares/Third_Party/FreeRTOS/Source/queue.o
                0x0000000008010a64                xQueueGenericSendFromISR
 .text.xQueueGiveFromISR
                0x0000000008010ba4      0x12a Middlewares/Third_Party/FreeRTOS/Source/queue.o
                0x0000000008010ba4                xQueueGiveFromISR
 *fill*         0x0000000008010cce        0x2 
 .text.xQueueReceive
                0x0000000008010cd0      0x1cc Middlewares/Third_Party/FreeRTOS/Source/queue.o
                0x0000000008010cd0                xQueueReceive
 .text.xQueueSemaphoreTake
                0x0000000008010e9c      0x228 Middlewares/Third_Party/FreeRTOS/Source/queue.o
                0x0000000008010e9c                xQueueSemaphoreTake
 .text.xQueueReceiveFromISR
                0x00000000080110c4      0x10c Middlewares/Third_Party/FreeRTOS/Source/queue.o
                0x00000000080110c4                xQueueReceiveFromISR
 .text.vQueueDelete
                0x00000000080111d0       0x4a Middlewares/Third_Party/FreeRTOS/Source/queue.o
                0x00000000080111d0                vQueueDelete
 .text.prvGetDisinheritPriorityAfterTimeout
                0x000000000801121a       0x30 Middlewares/Third_Party/FreeRTOS/Source/queue.o
 .text.prvCopyDataToQueue
                0x000000000801124a       0xd4 Middlewares/Third_Party/FreeRTOS/Source/queue.o
 .text.prvCopyDataFromQueue
                0x000000000801131e       0x4c Middlewares/Third_Party/FreeRTOS/Source/queue.o
 .text.prvUnlockQueue
                0x000000000801136a       0xa4 Middlewares/Third_Party/FreeRTOS/Source/queue.o
 .text.prvIsQueueEmpty
                0x000000000801140e       0x2c Middlewares/Third_Party/FreeRTOS/Source/queue.o
 .text.prvIsQueueFull
                0x000000000801143a       0x30 Middlewares/Third_Party/FreeRTOS/Source/queue.o
 *fill*         0x000000000801146a        0x2 
 .text.vQueueUnregisterQueue
                0x000000000801146c       0x54 Middlewares/Third_Party/FreeRTOS/Source/queue.o
                0x000000000801146c                vQueueUnregisterQueue
 .text.xTaskCreateStatic
                0x00000000080114c0       0xc6 Middlewares/Third_Party/FreeRTOS/Source/tasks.o
                0x00000000080114c0                xTaskCreateStatic
 .text.xTaskCreate
                0x0000000008011586       0x8a Middlewares/Third_Party/FreeRTOS/Source/tasks.o
                0x0000000008011586                xTaskCreate
 .text.prvInitialiseNewTask
                0x0000000008011610      0x122 Middlewares/Third_Party/FreeRTOS/Source/tasks.o
 *fill*         0x0000000008011732        0x2 
 .text.prvAddNewTaskToReadyList
                0x0000000008011734       0xd4 Middlewares/Third_Party/FreeRTOS/Source/tasks.o
 .text.vTaskDelay
                0x0000000008011808       0x6c Middlewares/Third_Party/FreeRTOS/Source/tasks.o
                0x0000000008011808                vTaskDelay
 .text.vTaskStartScheduler
                0x0000000008011874       0xc8 Middlewares/Third_Party/FreeRTOS/Source/tasks.o
                0x0000000008011874                vTaskStartScheduler
 .text.vTaskSuspendAll
                0x000000000801193c       0x1c Middlewares/Third_Party/FreeRTOS/Source/tasks.o
                0x000000000801193c                vTaskSuspendAll
 .text.xTaskResumeAll
                0x0000000008011958      0x13c Middlewares/Third_Party/FreeRTOS/Source/tasks.o
                0x0000000008011958                xTaskResumeAll
 .text.xTaskGetTickCount
                0x0000000008011a94       0x20 Middlewares/Third_Party/FreeRTOS/Source/tasks.o
                0x0000000008011a94                xTaskGetTickCount
 .text.xTaskGetTickCountFromISR
                0x0000000008011ab4       0x24 Middlewares/Third_Party/FreeRTOS/Source/tasks.o
                0x0000000008011ab4                xTaskGetTickCountFromISR
 .text.xTaskIncrementTick
                0x0000000008011ad8      0x174 Middlewares/Third_Party/FreeRTOS/Source/tasks.o
                0x0000000008011ad8                xTaskIncrementTick
 .text.vTaskSwitchContext
                0x0000000008011c4c      0x104 Middlewares/Third_Party/FreeRTOS/Source/tasks.o
                0x0000000008011c4c                vTaskSwitchContext
 .text.vTaskPlaceOnEventList
                0x0000000008011d50       0x4c Middlewares/Third_Party/FreeRTOS/Source/tasks.o
                0x0000000008011d50                vTaskPlaceOnEventList
 .text.xTaskRemoveFromEventList
                0x0000000008011d9c       0xc8 Middlewares/Third_Party/FreeRTOS/Source/tasks.o
                0x0000000008011d9c                xTaskRemoveFromEventList
 .text.vTaskInternalSetTimeOutState
                0x0000000008011e64       0x2c Middlewares/Third_Party/FreeRTOS/Source/tasks.o
                0x0000000008011e64                vTaskInternalSetTimeOutState
 .text.xTaskCheckForTimeOut
                0x0000000008011e90       0xcc Middlewares/Third_Party/FreeRTOS/Source/tasks.o
                0x0000000008011e90                xTaskCheckForTimeOut
 .text.vTaskMissedYield
                0x0000000008011f5c       0x18 Middlewares/Third_Party/FreeRTOS/Source/tasks.o
                0x0000000008011f5c                vTaskMissedYield
 .text.prvIdleTask
                0x0000000008011f74       0x34 Middlewares/Third_Party/FreeRTOS/Source/tasks.o
 .text.prvInitialiseTaskLists
                0x0000000008011fa8       0x80 Middlewares/Third_Party/FreeRTOS/Source/tasks.o
 .text.prvCheckTasksWaitingTermination
                0x0000000008012028       0x5c Middlewares/Third_Party/FreeRTOS/Source/tasks.o
 .text.prvDeleteTCB
                0x0000000008012084       0x62 Middlewares/Third_Party/FreeRTOS/Source/tasks.o
 *fill*         0x00000000080120e6        0x2 
 .text.prvResetNextTaskUnblockTime
                0x00000000080120e8       0x40 Middlewares/Third_Party/FreeRTOS/Source/tasks.o
 .text.xTaskGetSchedulerState
                0x0000000008012128       0x3c Middlewares/Third_Party/FreeRTOS/Source/tasks.o
                0x0000000008012128                xTaskGetSchedulerState
 .text.xTaskPriorityInherit
                0x0000000008012164      0x100 Middlewares/Third_Party/FreeRTOS/Source/tasks.o
                0x0000000008012164                xTaskPriorityInherit
 .text.xTaskPriorityDisinherit
                0x0000000008012264      0x114 Middlewares/Third_Party/FreeRTOS/Source/tasks.o
                0x0000000008012264                xTaskPriorityDisinherit
 .text.vTaskPriorityDisinheritAfterTimeout
                0x0000000008012378      0x13c Middlewares/Third_Party/FreeRTOS/Source/tasks.o
                0x0000000008012378                vTaskPriorityDisinheritAfterTimeout
 .text.pvTaskIncrementMutexHeldCount
                0x00000000080124b4       0x28 Middlewares/Third_Party/FreeRTOS/Source/tasks.o
                0x00000000080124b4                pvTaskIncrementMutexHeldCount
 .text.prvAddCurrentTaskToDelayedList
                0x00000000080124dc       0xcc Middlewares/Third_Party/FreeRTOS/Source/tasks.o
 .text.pxPortInitialiseStack
                0x00000000080125a8       0x68 Middlewares/Third_Party/FreeRTOS/Source/portable/GCC/ARM_CM7/r0p1/port.o
                0x00000000080125a8                pxPortInitialiseStack
 .text.prvTaskExitError
                0x0000000008012610       0x60 Middlewares/Third_Party/FreeRTOS/Source/portable/GCC/ARM_CM7/r0p1/port.o
 .text.SVC_Handler
                0x0000000008012670       0x28 Middlewares/Third_Party/FreeRTOS/Source/portable/GCC/ARM_CM7/r0p1/port.o
                0x0000000008012670                SVC_Handler
 .text.prvPortStartFirstTask
                0x0000000008012698       0x28 Middlewares/Third_Party/FreeRTOS/Source/portable/GCC/ARM_CM7/r0p1/port.o
 .text.xPortStartScheduler
                0x00000000080126c0       0xfc Middlewares/Third_Party/FreeRTOS/Source/portable/GCC/ARM_CM7/r0p1/port.o
                0x00000000080126c0                xPortStartScheduler
 .text.vPortEnterCritical
                0x00000000080127bc       0x68 Middlewares/Third_Party/FreeRTOS/Source/portable/GCC/ARM_CM7/r0p1/port.o
                0x00000000080127bc                vPortEnterCritical
 .text.vPortExitCritical
                0x0000000008012824       0x58 Middlewares/Third_Party/FreeRTOS/Source/portable/GCC/ARM_CM7/r0p1/port.o
                0x0000000008012824                vPortExitCritical
 *fill*         0x000000000801287c        0x4 
 .text.PendSV_Handler
                0x0000000008012880       0x68 Middlewares/Third_Party/FreeRTOS/Source/portable/GCC/ARM_CM7/r0p1/port.o
                0x0000000008012880                PendSV_Handler
 .text.SysTick_Handler
                0x00000000080128e8       0x48 Middlewares/Third_Party/FreeRTOS/Source/portable/GCC/ARM_CM7/r0p1/port.o
                0x00000000080128e8                SysTick_Handler
 .text.vPortSetupTimerInterrupt
                0x0000000008012930       0x48 Middlewares/Third_Party/FreeRTOS/Source/portable/GCC/ARM_CM7/r0p1/port.o
                0x0000000008012930                vPortSetupTimerInterrupt
 .text.vPortEnableVFP
                0x0000000008012978       0x14 Middlewares/Third_Party/FreeRTOS/Source/portable/GCC/ARM_CM7/r0p1/port.o
 .text.vPortValidateInterruptPriority
                0x000000000801298c       0x88 Middlewares/Third_Party/FreeRTOS/Source/portable/GCC/ARM_CM7/r0p1/port.o
                0x000000000801298c                vPortValidateInterruptPriority
 .text.pvPortMalloc
                0x0000000008012a14      0x1a0 Middlewares/Third_Party/FreeRTOS/Source/portable/MemMang/heap_4.o
                0x0000000008012a14                pvPortMalloc
 .text.vPortFree
                0x0000000008012bb4       0xbc Middlewares/Third_Party/FreeRTOS/Source/portable/MemMang/heap_4.o
                0x0000000008012bb4                vPortFree
 .text.prvHeapInit
                0x0000000008012c70       0xc4 Middlewares/Third_Party/FreeRTOS/Source/portable/MemMang/heap_4.o
 .text.prvInsertBlockIntoFreeList
                0x0000000008012d34       0xb4 Middlewares/Third_Party/FreeRTOS/Source/portable/MemMang/heap_4.o
 .text.__libc_init_array
                0x0000000008012de8       0x48 c:/st/stm32cubeide_1.5.1/stm32cubeide/plugins/com.st.stm32cube.ide.mcu.externaltools.gnu-tools-for-stm32.9-2020-q2-update.win32_1.5.0.202011040924/tools/bin/../lib/gcc/arm-none-eabi/9.3.1/../../../../arm-none-eabi/lib/thumb/v7e-m+fp/hard\libc_nano.a(lib_a-init.o)
                0x0000000008012de8                __libc_init_array
 .text.memcpy   0x0000000008012e30       0x1c c:/st/stm32cubeide_1.5.1/stm32cubeide/plugins/com.st.stm32cube.ide.mcu.externaltools.gnu-tools-for-stm32.9-2020-q2-update.win32_1.5.0.202011040924/tools/bin/../lib/gcc/arm-none-eabi/9.3.1/../../../../arm-none-eabi/lib/thumb/v7e-m+fp/hard\libc_nano.a(lib_a-memcpy-stub.o)
                0x0000000008012e30                memcpy
 .text.memset   0x0000000008012e4c       0x10 c:/st/stm32cubeide_1.5.1/stm32cubeide/plugins/com.st.stm32cube.ide.mcu.externaltools.gnu-tools-for-stm32.9-2020-q2-update.win32_1.5.0.202011040924/tools/bin/../lib/gcc/arm-none-eabi/9.3.1/../../../../arm-none-eabi/lib/thumb/v7e-m+fp/hard\libc_nano.a(lib_a-memset.o)
                0x0000000008012e4c                memset
 *(.glue_7)
 .glue_7        0x0000000008012e5c        0x0 linker stubs
 *(.glue_7t)
 .glue_7t       0x0000000008012e5c        0x0 linker stubs
 *(.eh_frame)
 .eh_frame      0x0000000008012e5c        0x0 c:/st/stm32cubeide_1.5.1/stm32cubeide/plugins/com.st.stm32cube.ide.mcu.externaltools.gnu-tools-for-stm32.9-2020-q2-update.win32_1.5.0.202011040924/tools/bin/../lib/gcc/arm-none-eabi/9.3.1/thumb/v7e-m+fp/hard/crtbegin.o
 *(.init)
 .init          0x0000000008012e5c        0x4 c:/st/stm32cubeide_1.5.1/stm32cubeide/plugins/com.st.stm32cube.ide.mcu.externaltools.gnu-tools-for-stm32.9-2020-q2-update.win32_1.5.0.202011040924/tools/bin/../lib/gcc/arm-none-eabi/9.3.1/thumb/v7e-m+fp/hard/crti.o
                0x0000000008012e5c                _init
 .init          0x0000000008012e60        0x8 c:/st/stm32cubeide_1.5.1/stm32cubeide/plugins/com.st.stm32cube.ide.mcu.externaltools.gnu-tools-for-stm32.9-2020-q2-update.win32_1.5.0.202011040924/tools/bin/../lib/gcc/arm-none-eabi/9.3.1/thumb/v7e-m+fp/hard/crtn.o
 *(.fini)
 .fini          0x0000000008012e68        0x4 c:/st/stm32cubeide_1.5.1/stm32cubeide/plugins/com.st.stm32cube.ide.mcu.externaltools.gnu-tools-for-stm32.9-2020-q2-update.win32_1.5.0.202011040924/tools/bin/../lib/gcc/arm-none-eabi/9.3.1/thumb/v7e-m+fp/hard/crti.o
                0x0000000008012e68                _fini
 .fini          0x0000000008012e6c        0x8 c:/st/stm32cubeide_1.5.1/stm32cubeide/plugins/com.st.stm32cube.ide.mcu.externaltools.gnu-tools-for-stm32.9-2020-q2-update.win32_1.5.0.202011040924/tools/bin/../lib/gcc/arm-none-eabi/9.3.1/thumb/v7e-m+fp/hard/crtn.o
                0x0000000008012e74                . = ALIGN (0x4)
                0x0000000008012e74                _etext = .

.vfp11_veneer   0x0000000008012e74        0x0
 .vfp11_veneer  0x0000000008012e74        0x0 linker stubs

.v4_bx          0x0000000008012e74        0x0
 .v4_bx         0x0000000008012e74        0x0 linker stubs

.iplt           0x0000000008012e74        0x0
 .iplt          0x0000000008012e74        0x0 c:/st/stm32cubeide_1.5.1/stm32cubeide/plugins/com.st.stm32cube.ide.mcu.externaltools.gnu-tools-for-stm32.9-2020-q2-update.win32_1.5.0.202011040924/tools/bin/../lib/gcc/arm-none-eabi/9.3.1/thumb/v7e-m+fp/hard/crtbegin.o

.rodata         0x0000000008012e74     0x2164
                0x0000000008012e74                . = ALIGN (0x4)
 *(.rodata)
 .rodata        0x0000000008012e74      0x105 Core/Src/main.o
 *fill*         0x0000000008012f79        0x3 
 .rodata        0x0000000008012f7c       0x10 FATFS/Target/sd_diskio.o
 .rodata        0x0000000008012f8c       0x44 Middlewares/Third_Party/FatFs/src/ff.o
 .rodata        0x0000000008012fd0        0x5 Middlewares/Third_Party/FreeRTOS/Source/tasks.o
 *(.rodata*)
 *fill*         0x0000000008012fd5        0x3 
 .rodata.Font24_Table
                0x0000000008012fd8     0x1ab8 Core/Src/stm32746g_discovery_lcd.o
                0x0000000008012fd8                Font24_Table
 .rodata.Font12_Table
                0x0000000008014a90      0x474 Core/Src/stm32746g_discovery_lcd.o
                0x0000000008014a90                Font12_Table
 .rodata.AHBPrescTable
                0x0000000008014f04       0x10 Core/Src/system_stm32f7xx.o
                0x0000000008014f04                AHBPrescTable
 .rodata.APBPrescTable
                0x0000000008014f14        0x8 Core/Src/system_stm32f7xx.o
                0x0000000008014f14                APBPrescTable
 .rodata.flagBitshiftOffset.9945
                0x0000000008014f1c        0x8 Drivers/STM32F7xx_HAL_Driver/Src/stm32f7xx_hal_dma.o
 .rodata.SD_Driver
                0x0000000008014f24       0x14 FATFS/Target/sd_diskio.o
                0x0000000008014f24                SD_Driver
 .rodata.ExCvt  0x0000000008014f38       0x80 Middlewares/Third_Party/FatFs/src/ff.o
 .rodata.cst32.11446
                0x0000000008014fb8        0xe Middlewares/Third_Party/FatFs/src/ff.o
 *fill*         0x0000000008014fc6        0x2 
 .rodata.cst.11445
                0x0000000008014fc8        0xe Middlewares/Third_Party/FatFs/src/ff.o
                0x0000000008014fd8                . = ALIGN (0x4)
 *fill*         0x0000000008014fd6        0x2 

.ARM.extab      0x0000000008014fd8        0x0
                0x0000000008014fd8                . = ALIGN (0x4)
 *(.ARM.extab* .gnu.linkonce.armextab.*)
                0x0000000008014fd8                . = ALIGN (0x4)

.ARM            0x0000000008014fd8        0x8
                0x0000000008014fd8                . = ALIGN (0x4)
                0x0000000008014fd8                __exidx_start = .
 *(.ARM.exidx*)