core_cm7.h:2229:22:SCB_EnableICache	4	static,ignoring_inline_asm
core_cm7.h:2281:22:SCB_EnableDCache	24	static,ignoring_inline_asm
main.c:118:6:RL_sep	24	static
main.c:131:6:RL_cat	24	static
main.c:145:6:treatment	16	static
main.c:151:6:RL_cat2	24	static
main.c:175:5:main	104	static
main.c:287:6:SystemClock_Config	216	static
main.c:358:13:MX_DMA2D_Init	8	static
main.c:395:13:MX_LTDC_Init	64	static
main.c:457:13:MX_SAI2_Init	8	static
main.c:532:13:MX_SDMMC1_SD_Init	4	static
main.c:560:13:MX_USART1_UART_Init	8	static
main.c:593:13:MX_DMA_Init	16	static
main.c:616:13:MX_FMC_Init	40	static
main.c:667:13:MX_GPIO_Init	72	static
main.c:1027:6:BSP_AUDIO_IN_TransferComplete_CallBack	4	static
main.c:1033:6:BSP_AUDIO_IN_HalfTransfer_CallBack	4	static
main.c:1047:6:StartDefaultTask	16	static
main.c:1065:6:SDTask	608	static
main.c:1120:6:AudioTask	24	static
main.c:1165:6:HAL_TIM_PeriodElapsedCallback	16	static
main.c:1182:6:Error_Handler	4	static,ignoring_inline_asm
