01:15:40 **** Incremental Build of configuration Debug for project Voice_recorder ****
make -j24 all 
arm-none-eabi-gcc "../Core/Src/main.c" -mcpu=cortex-m7 -std=gnu11 -g3 -DDEBUG -DUSE_HAL_DRIVER -DSTM32F746xx -c -I../Core/Inc -I../Drivers/STM32F7xx_HAL_Driver/Inc -I../Drivers/STM32F7xx_HAL_Driver/Inc/Legacy -I../Drivers/CMSIS/Device/ST/STM32F7xx/Include -I../Drivers/CMSIS/Include -I../FATFS/Target -I../FATFS/App -I../Middlewares/Third_Party/FatFs/src -I../Middlewares/Third_Party/FreeRTOS/Source/include -I../Middlewares/Third_Party/FreeRTOS/Source/CMSIS_RTOS -I../Middlewares/Third_Party/FreeRTOS/Source/portable/GCC/ARM_CM7/r0p1 -O0 -ffunction-sections -fdata-sections -Wall -fstack-usage -MMD -MP -MF"Core/Src/main.d" -MT"Core/Src/main.o" --specs=nano.specs -mfpu=fpv5-sp-d16 -mfloat-abi=hard -mthumb -o "Core/Src/main.o"
../Core/Src/main.c: In function 'SDTask':
../Core/Src/main.c:1460:35: warning: pointer targets in passing argument 3 of 'BSP_LCD_DisplayStringAt' differ in signedness [-Wpointer-sign]
 1460 |  BSP_LCD_DisplayStringAt(100, 80, "OK", LEFT_MODE);
      |                                   ^~~~
      |                                   |
      |                                   char *
In file included from ../Core/Src/main.c:27:
../Core/Inc/stm32746g_discovery_lcd.h:219:73: note: expected 'uint8_t *' {aka 'unsigned char *'} but argument is of type 'char *'
  219 | void     BSP_LCD_DisplayStringAt(uint16_t Xpos, uint16_t Ypos, uint8_t *Text, Text_AlignModeTypdef Mode);
      |                                                                ~~~~~~~~~^~~~
arm-none-eabi-gcc -o "Voice_recorder.elf" @"objects.list"   -mcpu=cortex-m7 -T"C:\Users\Sasa\Desktop\M1_E3A\TER\STM32F746G-Voice_recorder\Voice_recorder\STM32F746NGHX_FLASH.ld" --specs=nosys.specs -Wl,-Map="Voice_recorder.map" -Wl,--gc-sections -static --specs=nano.specs -mfpu=fpv5-sp-d16 -mfloat-abi=hard -mthumb -Wl,--start-group -lc -lm -Wl,--end-group
Finished building target: Voice_recorder.elf
 
arm-none-eabi-objdump -h -S  Voice_recorder.elf  > "Voice_recorder.list"
arm-none-eabi-objcopy  -O binary  Voice_recorder.elf  "Voice_recorder.bin"
arm-none-eabi-size   Voice_recorder.elf 
   text	   data	    bss	    dec	    hex	filename
  97424	    296	 129096	 226816	  37600	Voice_recorder.elf
Finished building: default.size.stdout
 
Finished building: Voice_recorder.bin
 
Finished building: Voice_recorder.list
 

01:15:42 Build Finished. 0 errors, 1 warnings. (took 1s.225ms)

