01:20:10 **** Incremental Build of configuration Debug for project Voice_recorder ****
make -j24 all 
arm-none-eabi-gcc "../Core/Src/main.c" -mcpu=cortex-m7 -std=gnu11 -g3 -DDEBUG -DUSE_HAL_DRIVER -DSTM32F746xx -c -I../Core/Inc -I../Drivers/STM32F7xx_HAL_Driver/Inc -I../Drivers/STM32F7xx_HAL_Driver/Inc/Legacy -I../Drivers/CMSIS/Device/ST/STM32F7xx/Include -I../Drivers/CMSIS/Include -I../FATFS/Target -I../FATFS/App -I../Middlewares/Third_Party/FatFs/src -I../Middlewares/Third_Party/FreeRTOS/Source/include -I../Middlewares/Third_Party/FreeRTOS/Source/CMSIS_RTOS -I../Middlewares/Third_Party/FreeRTOS/Source/portable/GCC/ARM_CM7/r0p1 -O0 -ffunction-sections -fdata-sections -Wall -fstack-usage -MMD -MP -MF"Core/Src/main.d" -MT"Core/Src/main.o" --specs=nano.specs -mfpu=fpv5-sp-d16 -mfloat-abi=hard -mthumb -o "Core/Src/main.o"
../Core/Src/main.c: In function 'KeyboardTask':
../Core/Src/main.c:1294:32: warning: pointer targets in passing argument 1 of 'strlen' differ in signedness [-Wpointer-sign]
 1294 |  uint8_t state = 0, idx=strlen(Name), maj_en = 0;
      |                                ^~~~
      |                                |
      |                                uint8_t * {aka unsigned char *}
In file included from ../Core/Src/main.c:32:
c:\st\stm32cubeide_1.5.1\stm32cubeide\plugins\com.st.stm32cube.ide.mcu.externaltools.gnu-tools-for-stm32.9-2020-q2-update.win32_1.5.0.202011040924\tools\arm-none-eabi\include\string.h:41:17: note: expected 'const char *' but argument is of type 'uint8_t *' {aka 'unsigned char *'}
   41 | size_t  strlen (const char *);
      |                 ^~~~~~~~~~~~
arm-none-eabi-gcc -o "Voice_recorder.elf" @"objects.list"   -mcpu=cortex-m7 -T"C:\Users\Sasa\Desktop\M1_E3A\TER\STM32F746G-Voice_recorder\Voice_recorder\STM32F746NGHX_FLASH.ld" --specs=nosys.specs -Wl,-Map="Voice_recorder.map" -Wl,--gc-sections -static --specs=nano.specs -mfpu=fpv5-sp-d16 -mfloat-abi=hard -mthumb -Wl,--start-group -lc -lm -Wl,--end-group
Finished building target: Voice_recorder.elf
 
arm-none-eabi-objdump -h -S  Voice_recorder.elf  > "Voice_recorder.list"
arm-none-eabi-objcopy  -O binary  Voice_recorder.elf  "Voice_recorder.bin"
arm-none-eabi-size   Voice_recorder.elf 
   text	   data	    bss	    dec	    hex	filename
  81092	    196	  74500	 155788	  2608c	Voice_recorder.elf
Finished building: default.size.stdout
 
Finished building: Voice_recorder.bin
 
Finished building: Voice_recorder.list
 

01:20:11 Build Finished. 0 errors, 1 warnings. (took 1s.221ms)

